Archive member included to satisfy reference by file (symbol)

c:/st/stm32cubeide_1.10.1/stm32cubeide/plugins/com.st.stm32cube.ide.mcu.externaltools.gnu-tools-for-stm32.10.3-2021.10.win32_1.0.0.202111181127/tools/bin/../lib/gcc/arm-none-eabi/10.3.1/../../../../arm-none-eabi/lib/thumb/v8-m.main+fp/hard\libc_nano.a(lib_a-errno.o)
                              ./Core/Src/syscalls.o (__errno)
c:/st/stm32cubeide_1.10.1/stm32cubeide/plugins/com.st.stm32cube.ide.mcu.externaltools.gnu-tools-for-stm32.10.3-2021.10.win32_1.0.0.202111181127/tools/bin/../lib/gcc/arm-none-eabi/10.3.1/../../../../arm-none-eabi/lib/thumb/v8-m.main+fp/hard\libc_nano.a(lib_a-exit.o)
                              c:/st/stm32cubeide_1.10.1/stm32cubeide/plugins/com.st.stm32cube.ide.mcu.externaltools.gnu-tools-for-stm32.10.3-2021.10.win32_1.0.0.202111181127/tools/bin/../lib/gcc/arm-none-eabi/10.3.1/../../../../arm-none-eabi/lib/thumb/v8-m.main+fp/hard/crt0.o (exit)
c:/st/stm32cubeide_1.10.1/stm32cubeide/plugins/com.st.stm32cube.ide.mcu.externaltools.gnu-tools-for-stm32.10.3-2021.10.win32_1.0.0.202111181127/tools/bin/../lib/gcc/arm-none-eabi/10.3.1/../../../../arm-none-eabi/lib/thumb/v8-m.main+fp/hard\libc_nano.a(lib_a-impure.o)
                              c:/st/stm32cubeide_1.10.1/stm32cubeide/plugins/com.st.stm32cube.ide.mcu.externaltools.gnu-tools-for-stm32.10.3-2021.10.win32_1.0.0.202111181127/tools/bin/../lib/gcc/arm-none-eabi/10.3.1/../../../../arm-none-eabi/lib/thumb/v8-m.main+fp/hard\libc_nano.a(lib_a-exit.o) (_global_impure_ptr)
c:/st/stm32cubeide_1.10.1/stm32cubeide/plugins/com.st.stm32cube.ide.mcu.externaltools.gnu-tools-for-stm32.10.3-2021.10.win32_1.0.0.202111181127/tools/bin/../lib/gcc/arm-none-eabi/10.3.1/../../../../arm-none-eabi/lib/thumb/v8-m.main+fp/hard\libc_nano.a(lib_a-init.o)
                              c:/st/stm32cubeide_1.10.1/stm32cubeide/plugins/com.st.stm32cube.ide.mcu.externaltools.gnu-tools-for-stm32.10.3-2021.10.win32_1.0.0.202111181127/tools/bin/../lib/gcc/arm-none-eabi/10.3.1/../../../../arm-none-eabi/lib/thumb/v8-m.main+fp/hard/crt0.o (__libc_init_array)
c:/st/stm32cubeide_1.10.1/stm32cubeide/plugins/com.st.stm32cube.ide.mcu.externaltools.gnu-tools-for-stm32.10.3-2021.10.win32_1.0.0.202111181127/tools/bin/../lib/gcc/arm-none-eabi/10.3.1/../../../../arm-none-eabi/lib/thumb/v8-m.main+fp/hard\libc_nano.a(lib_a-memset.o)
                              c:/st/stm32cubeide_1.10.1/stm32cubeide/plugins/com.st.stm32cube.ide.mcu.externaltools.gnu-tools-for-stm32.10.3-2021.10.win32_1.0.0.202111181127/tools/bin/../lib/gcc/arm-none-eabi/10.3.1/../../../../arm-none-eabi/lib/thumb/v8-m.main+fp/hard/crt0.o (memset)
c:/st/stm32cubeide_1.10.1/stm32cubeide/plugins/com.st.stm32cube.ide.mcu.externaltools.gnu-tools-for-stm32.10.3-2021.10.win32_1.0.0.202111181127/tools/bin/../lib/gcc/arm-none-eabi/10.3.1/thumb/v8-m.main+fp/hard\libgcc.a(_arm_muldf3.o)
                              ./Core/Src/main.o (__aeabi_dmul)
c:/st/stm32cubeide_1.10.1/stm32cubeide/plugins/com.st.stm32cube.ide.mcu.externaltools.gnu-tools-for-stm32.10.3-2021.10.win32_1.0.0.202111181127/tools/bin/../lib/gcc/arm-none-eabi/10.3.1/thumb/v8-m.main+fp/hard\libgcc.a(_arm_addsubdf3.o)
                              ./Core/Src/main.o (__aeabi_ui2d)
c:/st/stm32cubeide_1.10.1/stm32cubeide/plugins/com.st.stm32cube.ide.mcu.externaltools.gnu-tools-for-stm32.10.3-2021.10.win32_1.0.0.202111181127/tools/bin/../lib/gcc/arm-none-eabi/10.3.1/thumb/v8-m.main+fp/hard\libgcc.a(_arm_muldivdf3.o)
                              ./Core/Src/main.o (__aeabi_ddiv)
c:/st/stm32cubeide_1.10.1/stm32cubeide/plugins/com.st.stm32cube.ide.mcu.externaltools.gnu-tools-for-stm32.10.3-2021.10.win32_1.0.0.202111181127/tools/bin/../lib/gcc/arm-none-eabi/10.3.1/thumb/v8-m.main+fp/hard\libgcc.a(_arm_truncdfsf2.o)
                              ./Core/Src/main.o (__aeabi_d2f)
c:/st/stm32cubeide_1.10.1/stm32cubeide/plugins/com.st.stm32cube.ide.mcu.externaltools.gnu-tools-for-stm32.10.3-2021.10.win32_1.0.0.202111181127/tools/bin/../lib/gcc/arm-none-eabi/10.3.1/thumb/v8-m.main+fp/hard\libgcc.a(_aeabi_uldivmod.o)
                              ./Drivers/STM32U5xx_HAL_Driver/Src/stm32u5xx_hal_uart.o (__aeabi_uldivmod)
c:/st/stm32cubeide_1.10.1/stm32cubeide/plugins/com.st.stm32cube.ide.mcu.externaltools.gnu-tools-for-stm32.10.3-2021.10.win32_1.0.0.202111181127/tools/bin/../lib/gcc/arm-none-eabi/10.3.1/thumb/v8-m.main+fp/hard\libgcc.a(_udivmoddi4.o)
                              c:/st/stm32cubeide_1.10.1/stm32cubeide/plugins/com.st.stm32cube.ide.mcu.externaltools.gnu-tools-for-stm32.10.3-2021.10.win32_1.0.0.202111181127/tools/bin/../lib/gcc/arm-none-eabi/10.3.1/thumb/v8-m.main+fp/hard\libgcc.a(_aeabi_uldivmod.o) (__udivmoddi4)
c:/st/stm32cubeide_1.10.1/stm32cubeide/plugins/com.st.stm32cube.ide.mcu.externaltools.gnu-tools-for-stm32.10.3-2021.10.win32_1.0.0.202111181127/tools/bin/../lib/gcc/arm-none-eabi/10.3.1/thumb/v8-m.main+fp/hard\libgcc.a(_dvmd_tls.o)
[...]
Memory Configuration

Name             Origin             Length             Attributes
RAM              0x0000000020000000 0x00000000000c0000 xrw
SRAM4            0x0000000028000000 0x0000000000004000 xrw
FLASH            0x0000000008000000 0x0000000000200000 xr
*default*        0x0000000000000000 0xffffffffffffffff

Linker script and memory map

LOAD c:/st/stm32cubeide_1.10.1/stm32cubeide/plugins/com.st.stm32cube.ide.mcu.externaltools.gnu-tools-for-stm32.10.3-2021.10.win32_1.0.0.202111181127/tools/bin/../lib/gcc/arm-none-eabi/10.3.1/thumb/v8-m.main+fp/hard/crti.o
LOAD c:/st/stm32cubeide_1.10.1/stm32cubeide/plugins/com.st.stm32cube.ide.mcu.externaltools.gnu-tools-for-stm32.10.3-2021.10.win32_1.0.0.202111181127/tools/bin/../lib/gcc/arm-none-eabi/10.3.1/thumb/v8-m.main+fp/hard/crtbegin.o
LOAD c:/st/stm32cubeide_1.10.1/stm32cubeide/plugins/com.st.stm32cube.ide.mcu.externaltools.gnu-tools-for-stm32.10.3-2021.10.win32_1.0.0.202111181127/tools/bin/../lib/gcc/arm-none-eabi/10.3.1/../../../../arm-none-eabi/lib/thumb/v8-m.main+fp/hard/crt0.o
LOAD ./Core/Src/main.o
LOAD ./Core/Src/stm32u5xx_hal_msp.o
LOAD ./Core/Src/stm32u5xx_it.o
LOAD ./Core/Src/syscalls.o
LOAD ./Core/Src/sysmem.o
LOAD ./Core/Src/system_stm32u5xx.o
LOAD ./Core/Startup/startup_stm32u585qiix.o
LOAD ./Drivers/STM32U5xx_HAL_Driver/Src/stm32u5xx_hal.o
LOAD ./Drivers/STM32U5xx_HAL_Driver/Src/stm32u5xx_hal_adc.o
LOAD ./Drivers/STM32U5xx_HAL_Driver/Src/stm32u5xx_hal_adc_ex.o
LOAD ./Drivers/STM32U5xx_HAL_Driver/Src/stm32u5xx_hal_cortex.o
LOAD ./Drivers/STM32U5xx_HAL_Driver/Src/stm32u5xx_hal_dma.o
LOAD ./Drivers/STM32U5xx_HAL_Driver/Src/stm32u5xx_hal_dma_ex.o
LOAD ./Drivers/STM32U5xx_HAL_Driver/Src/stm32u5xx_hal_exti.o
LOAD ./Drivers/STM32U5xx_HAL_Driver/Src/stm32u5xx_hal_flash.o
LOAD ./Drivers/STM32U5xx_HAL_Driver/Src/stm32u5xx_hal_flash_ex.o
LOAD ./Drivers/STM32U5xx_HAL_Driver/Src/stm32u5xx_hal_gpio.o
LOAD ./Drivers/STM32U5xx_HAL_Driver/Src/stm32u5xx_hal_gtzc.o
LOAD ./Drivers/STM32U5xx_HAL_Driver/Src/stm32u5xx_hal_i2c.o
LOAD ./Drivers/STM32U5xx_HAL_Driver/Src/stm32u5xx_hal_i2c_ex.o
LOAD ./Drivers/STM32U5xx_HAL_Driver/Src/stm32u5xx_hal_icache.o
LOAD ./Drivers/STM32U5xx_HAL_Driver/Src/stm32u5xx_hal_pwr.o
LOAD ./Drivers/STM32U5xx_HAL_Driver/Src/stm32u5xx_hal_pwr_ex.o
LOAD ./Drivers/STM32U5xx_HAL_Driver/Src/stm32u5xx_hal_rcc.o
LOAD ./Drivers/STM32U5xx_HAL_Driver/Src/stm32u5xx_hal_rcc_ex.o
LOAD ./Drivers/STM32U5xx_HAL_Driver/Src/stm32u5xx_hal_spi.o
LOAD ./Drivers/STM32U5xx_HAL_Driver/Src/stm32u5xx_hal_spi_ex.o
LOAD ./Drivers/STM32U5xx_HAL_Driver/Src/stm32u5xx_hal_tim.o
LOAD ./Drivers/STM32U5xx_HAL_Driver/Src/stm32u5xx_hal_tim_ex.o
LOAD ./Drivers/STM32U5xx_HAL_Driver/Src/stm32u5xx_hal_uart.o
LOAD ./Drivers/STM32U5xx_HAL_Driver/Src/stm32u5xx_hal_uart_ex.o
START GROUP
LOAD c:/st/stm32cubeide_1.10.1/stm32cubeide/plugins/com.st.stm32cube.ide.mcu.externaltools.gnu-tools-for-stm32.10.3-2021.10.win32_1.0.0.202111181127/tools/bin/../lib/gcc/arm-none-eabi/10.3.1/../../../../arm-none-eabi/lib/thumb/v8-m.main+fp/hard\libc_nano.a
LOAD c:/st/stm32cubeide_1.10.1/stm32cubeide/plugins/com.st.stm32cube.ide.mcu.externaltools.gnu-tools-for-stm32.10.3-2021.10.win32_1.0.0.202111181127/tools/bin/../lib/gcc/arm-none-eabi/10.3.1/../../../../arm-none-eabi/lib/thumb/v8-m.main+fp/hard\libm.a
END GROUP
START GROUP
LOAD c:/st/stm32cubeide_1.10.1/stm32cubeide/plugins/com.st.stm32cube.ide.mcu.externaltools.gnu-tools-for-stm32.10.3-2021.10.win32_1.0.0.202111181127/tools/bin/../lib/gcc/arm-none-eabi/10.3.1/thumb/v8-m.main+fp/hard\libgcc.a
LOAD c:/st/stm32cubeide_1.10.1/stm32cubeide/plugins/com.st.stm32cube.ide.mcu.externaltools.gnu-tools-for-stm32.10.3-2021.10.win32_1.0.0.202111181127/tools/bin/../lib/gcc/arm-none-eabi/10.3.1/../../../../arm-none-eabi/lib/thumb/v8-m.main+fp/hard\libc_nano.a
END GROUP
START GROUP
LOAD c:/st/stm32cubeide_1.10.1/stm32cubeide/plugins/com.st.stm32cube.ide.mcu.externaltools.gnu-tools-for-stm32.10.3-2021.10.win32_1.0.0.202111181127/tools/bin/../lib/gcc/arm-none-eabi/10.3.1/thumb/v8-m.main+fp/hard\libgcc.a
LOAD c:/st/stm32cubeide_1.10.1/stm32cubeide/plugins/com.st.stm32cube.ide.mcu.externaltools.gnu-tools-for-stm32.10.3-2021.10.win32_1.0.0.202111181127/tools/bin/../lib/gcc/arm-none-eabi/10.3.1/../../../../arm-none-eabi/lib/thumb/v8-m.main+fp/hard\libc_nano.a
LOAD c:/st/stm32cubeide_1.10.1/stm32cubeide/plugins/com.st.stm32cube.ide.mcu.externaltools.gnu-tools-for-stm32.10.3-2021.10.win32_1.0.0.202111181127/tools/bin/../lib/gcc/arm-none-eabi/10.3.1/../../../../arm-none-eabi/lib/thumb/v8-m.main+fp/hard\libnosys.a
END GROUP
START GROUP
LOAD c:/st/stm32cubeide_1.10.1/stm32cubeide/plugins/com.st.stm32cube.ide.mcu.externaltools.gnu-tools-for-stm32.10.3-2021.10.win32_1.0.0.202111181127/tools/bin/../lib/gcc/arm-none-eabi/10.3.1/thumb/v8-m.main+fp/hard\libgcc.a
LOAD c:/st/stm32cubeide_1.10.1/stm32cubeide/plugins/com.st.stm32cube.ide.mcu.externaltools.gnu-tools-for-stm32.10.3-2021.10.win32_1.0.0.202111181127/tools/bin/../lib/gcc/arm-none-eabi/10.3.1/../../../../arm-none-eabi/lib/thumb/v8-m.main+fp/hard\libc_nano.a
LOAD c:/st/stm32cubeide_1.10.1/stm32cubeide/plugins/com.st.stm32cube.ide.mcu.externaltools.gnu-tools-for-stm32.10.3-2021.10.win32_1.0.0.202111181127/tools/bin/../lib/gcc/arm-none-eabi/10.3.1/../../../../arm-none-eabi/lib/thumb/v8-m.main+fp/hard\libnosys.a
END GROUP
LOAD c:/st/stm32cubeide_1.10.1/stm32cubeide/plugins/com.st.stm32cube.ide.mcu.externaltools.gnu-tools-for-stm32.10.3-2021.10.win32_1.0.0.202111181127/tools/bin/../lib/gcc/arm-none-eabi/10.3.1/thumb/v8-m.main+fp/hard/crtend.o
LOAD c:/st/stm32cubeide_1.10.1/stm32cubeide/plugins/com.st.stm32cube.ide.mcu.externaltools.gnu-tools-for-stm32.10.3-2021.10.win32_1.0.0.202111181127/tools/bin/../lib/gcc/arm-none-eabi/10.3.1/thumb/v8-m.main+fp/hard/crtn.o
                0x00000000200c0000                _estack = (ORIGIN (RAM) + LENGTH (RAM))
                0x0000000000000200                _Min_Heap_Size = 0x200
                0x0000000000000400                _Min_Stack_Size = 0x400

.isr_vector     0x0000000008000000      0x234
 *(.isr_vector)
 .isr_vector    0x0000000008000000      0x234 ./Core/Startup/startup_stm32u585qiix.o
                0x0000000008000000                g_pfnVectors

.text           0x0000000008000238     0xdfb0
 *(.text)
 .text          0x0000000008000238       0x40 c:/st/stm32cubeide_1.10.1/stm32cubeide/plugins/com.st.stm32cube.ide.mcu.externaltools.gnu-tools-for-stm32.10.3-2021.10.win32_1.0.0.202111181127/tools/bin/../lib/gcc/arm-none-eabi/10.3.1/thumb/v8-m.main+fp/hard/crtbegin.o
 .text          0x0000000008000278      0x378 c:/st/stm32cubeide_1.10.1/stm32cubeide/plugins/com.st.stm32cube.ide.mcu.externaltools.gnu-tools-for-stm32.10.3-2021.10.win32_1.0.0.202111181127/tools/bin/../lib/gcc/arm-none-eabi/10.3.1/thumb/v8-m.main+fp/hard\libgcc.a(_arm_addsubdf3.o)
                0x0000000008000278                __aeabi_drsub
                0x0000000008000280                __aeabi_dsub
                0x0000000008000280                __subdf3
                0x0000000008000284                __aeabi_dadd
                0x0000000008000284                __adddf3
                0x00000000080004fc                __floatunsidf
                0x00000000080004fc                __aeabi_ui2d
                0x000000000800051c                __floatsidf
                0x000000000800051c                __aeabi_i2d
                0x0000000008000540                __aeabi_f2d
                0x0000000008000540                __extendsfdf2
                0x0000000008000584                __floatundidf
                0x0000000008000584                __aeabi_ul2d
                0x0000000008000594                __floatdidf
                0x0000000008000594                __aeabi_l2d
 .text          0x00000000080005f0      0x424 c:/st/stm32cubeide_1.10.1/stm32cubeide/plugins/com.st.stm32cube.ide.mcu.externaltools.gnu-tools-for-stm32.10.3-2021.10.win32_1.0.0.202111181127/tools/bin/../lib/gcc/arm-none-eabi/10.3.1/thumb/v8-m.main+fp/hard\libgcc.a(_arm_muldivdf3.o)
                0x00000000080005f0                __aeabi_dmul
                0x00000000080005f0                __muldf3
                0x0000000008000844                __divdf3
                0x0000000008000844                __aeabi_ddiv
 .text          0x0000000008000a14       0xa0 c:/st/stm32cubeide_1.10.1/stm32cubeide/plugins/com.st.stm32cube.ide.mcu.externaltools.gnu-tools-for-stm32.10.3-2021.10.win32_1.0.0.202111181127/tools/bin/../lib/gcc/arm-none-eabi/10.3.1/thumb/v8-m.main+fp/hard\libgcc.a(_arm_truncdfsf2.o)
                0x0000000008000a14                __truncdfsf2
                0x0000000008000a14                __aeabi_d2f
 .text          0x0000000008000ab4       0x30 c:/st/stm32cubeide_1.10.1/stm32cubeide/plugins/com.st.stm32cube.ide.mcu.externaltools.gnu-tools-for-stm32.10.3-2021.10.win32_1.0.0.202111181127/tools/bin/../lib/gcc/arm-none-eabi/10.3.1/thumb/v8-m.main+fp/hard\libgcc.a(_aeabi_uldivmod.o)
                0x0000000008000ab4                __aeabi_uldivmod
 .text          0x0000000008000ae4      0x2ec c:/st/stm32cubeide_1.10.1/stm32cubeide/plugins/com.st.stm32cube.ide.mcu.externaltools.gnu-tools-for-stm32.10.3-2021.10.win32_1.0.0.202111181127/tools/bin/../lib/gcc/arm-none-eabi/10.3.1/thumb/v8-m.main+fp/hard\libgcc.a(_udivmoddi4.o)
                0x0000000008000ae4                __udivmoddi4
 .text          0x0000000008000dd0        0x4 c:/st/stm32cubeide_1.10.1/stm32cubeide/plugins/com.st.stm32cube.ide.mcu.externaltools.gnu-tools-for-stm32.10.3-2021.10.win32_1.0.0.202111181127/tools/bin/../lib/gcc/arm-none-eabi/10.3.1/thumb/v8-m.main+fp/hard\libgcc.a(_dvmd_tls.o)
                0x0000000008000dd0                __aeabi_idiv0
                0x0000000008000dd0                __aeabi_ldiv0
 *(.text*)
 .text.main     0x0000000008000dd4      0x260 ./Core/Src/main.o
                0x0000000008000dd4                main
 .text.SystemClock_Config
                0x0000000008001034       0xc2 ./Core/Src/main.o
                0x0000000008001034                SystemClock_Config
 .text.SystemPower_Config
                0x00000000080010f6        0xc ./Core/Src/main.o
 *fill*         0x0000000008001102        0x2 
 .text.MX_ADC4_Init
                0x0000000008001104       0xd4 ./Core/Src/main.o
 .text.MX_GPDMA1_Init
                0x00000000080011d8       0x40 ./Core/Src/main.o
 .text.MX_I2C1_Init
                0x0000000008001218       0x80 ./Core/Src/main.o
 .text.MX_I2C2_Init
                0x0000000008001298       0x80 ./Core/Src/main.o
 .text.MX_ICACHE_Init
                0x0000000008001318       0x26 ./Core/Src/main.o
 *fill*         0x000000000800133e        0x2 
 .text.MX_SPI1_Init
                0x0000000008001340       0xe0 ./Core/Src/main.o
 .text.MX_TIM4_Init
                0x0000000008001420       0xa0 ./Core/Src/main.o
 .text.MX_UART4_Init
                0x00000000080014c0       0x98 ./Core/Src/main.o
 .text.MX_GPIO_Init
                0x0000000008001558      0x1d8 ./Core/Src/main.o
 .text.read_all_sensors
                0x0000000008001730       0xe8 ./Core/Src/main.o
                0x0000000008001730                read_all_sensors
 .text.create_pressure_map
                0x0000000008001818      0x124 ./Core/Src/main.o
                0x0000000008001818                create_pressure_map
 .text.set_valve
                0x000000000800193c       0xac ./Core/Src/main.o
                0x000000000800193c                set_valve
 .text.clear_valve
                0x00000000080019e8       0xb0 ./Core/Src/main.o
                0x00000000080019e8                clear_valve
 .text.send_to_uart
                0x0000000008001a98       0x60 ./Core/Src/main.o
                0x0000000008001a98                send_to_uart
 .text.read_uart
                0x0000000008001af8      0x12c ./Core/Src/main.o
                0x0000000008001af8                read_uart
 .text.select_mux_1_pin
                0x0000000008001c24       0x68 ./Core/Src/main.o
                0x0000000008001c24                select_mux_1_pin
 .text.select_mux_2_pin
                0x0000000008001c8c       0x68 ./Core/Src/main.o
                0x0000000008001c8c                select_mux_2_pin
 .text.configure_MAX77874_buck_conv
                0x0000000008001cf4       0x74 ./Core/Src/main.o
                0x0000000008001cf4                configure_MAX77874_buck_conv
 .text.write2SPI
                0x0000000008001d68       0x38 ./Core/Src/main.o
                0x0000000008001d68                write2SPI
 .text.find_high_pressure_spots
                0x0000000008001da0      0x114 ./Core/Src/main.o
                0x0000000008001da0                find_high_pressure_spots
 .text.control_valves
                0x0000000008001eb4      0x3fc ./Core/Src/main.o
                0x0000000008001eb4                control_valves
 .text.valves_autocontrol
                0x00000000080022b0       0xc0 ./Core/Src/main.o
                0x00000000080022b0                valves_autocontrol
 .text.HAL_TIM_PeriodElapsedCallback
                0x0000000008002370       0x20 ./Core/Src/main.o
                0x0000000008002370                HAL_TIM_PeriodElapsedCallback
 .text.Error_Handler
                0x0000000008002390        0xa ./Core/Src/main.o
                0x0000000008002390                Error_Handler
 *fill*         0x000000000800239a        0x2 
 .text.HAL_MspInit
                0x000000000800239c       0x38 ./Core/Src/stm32u5xx_hal_msp.o
                0x000000000800239c                HAL_MspInit
 .text.HAL_ADC_MspInit
                0x00000000080023d4      0x118 ./Core/Src/stm32u5xx_hal_msp.o
                0x00000000080023d4                HAL_ADC_MspInit
 .text.HAL_I2C_MspInit
                0x00000000080024ec      0x170 ./Core/Src/stm32u5xx_hal_msp.o
                0x00000000080024ec                HAL_I2C_MspInit
 .text.HAL_SPI_MspInit
                0x000000000800265c       0xd4 ./Core/Src/stm32u5xx_hal_msp.o
                0x000000000800265c                HAL_SPI_MspInit
 .text.HAL_TIM_Base_MspInit
                0x0000000008002730       0x50 ./Core/Src/stm32u5xx_hal_msp.o
                0x0000000008002730                HAL_TIM_Base_MspInit
 .text.HAL_UART_MspInit
                0x0000000008002780      0x248 ./Core/Src/stm32u5xx_hal_msp.o
                0x0000000008002780                HAL_UART_MspInit
 .text.NMI_Handler
                0x00000000080029c8        0x6 ./Core/Src/stm32u5xx_it.o
                0x00000000080029c8                NMI_Handler
 .text.HardFault_Handler
                0x00000000080029ce        0x6 ./Core/Src/stm32u5xx_it.o
                0x00000000080029ce                HardFault_Handler
 .text.MemManage_Handler
                0x00000000080029d4        0x6 ./Core/Src/stm32u5xx_it.o
                0x00000000080029d4                MemManage_Handler
 .text.BusFault_Handler
                0x00000000080029da        0x6 ./Core/Src/stm32u5xx_it.o
                0x00000000080029da                BusFault_Handler
 .text.UsageFault_Handler
                0x00000000080029e0        0x6 ./Core/Src/stm32u5xx_it.o
                0x00000000080029e0                UsageFault_Handler
 .text.SVC_Handler
                0x00000000080029e6        0xe ./Core/Src/stm32u5xx_it.o
                0x00000000080029e6                SVC_Handler
 .text.DebugMon_Handler
                0x00000000080029f4        0xe ./Core/Src/stm32u5xx_it.o
                0x00000000080029f4                DebugMon_Handler
 .text.PendSV_Handler
                0x0000000008002a02        0xe ./Core/Src/stm32u5xx_it.o
                0x0000000008002a02                PendSV_Handler
 .text.SysTick_Handler
                0x0000000008002a10        0xc ./Core/Src/stm32u5xx_it.o
                0x0000000008002a10                SysTick_Handler
 .text.GPDMA1_Channel0_IRQHandler
                0x0000000008002a1c       0x14 ./Core/Src/stm32u5xx_it.o
                0x0000000008002a1c                GPDMA1_Channel0_IRQHandler
 .text.TIM4_IRQHandler
                0x0000000008002a30       0x14 ./Core/Src/stm32u5xx_it.o
                0x0000000008002a30                TIM4_IRQHandler
 .text.UART4_IRQHandler
                0x0000000008002a44       0x14 ./Core/Src/stm32u5xx_it.o
                0x0000000008002a44                UART4_IRQHandler
 .text.ADC4_IRQHandler
                0x0000000008002a58       0x14 ./Core/Src/stm32u5xx_it.o
                0x0000000008002a58                ADC4_IRQHandler
 .text.SystemInit
                0x0000000008002a6c       0x70 ./Core/Src/system_stm32u5xx.o
                0x0000000008002a6c                SystemInit
 .text.Reset_Handler
                0x0000000008002adc       0x50 ./Core/Startup/startup_stm32u585qiix.o
                0x0000000008002adc                Reset_Handler
 .text.Default_Handler
                0x0000000008002b2c        0x2 ./Core/Startup/startup_stm32u585qiix.o
                0x0000000008002b2c                EXTI2_IRQHandler
                0x0000000008002b2c                TIM8_TRG_COM_IRQHandler
                0x0000000008002b2c                TIM8_CC_IRQHandler
                0x0000000008002b2c                EXTI5_IRQHandler
                0x0000000008002b2c                FLASH_S_IRQHandler
                0x0000000008002b2c                EXTI13_IRQHandler
                0x0000000008002b2c                TIM1_CC_IRQHandler
                0x0000000008002b2c                TSC_IRQHandler
                0x0000000008002b2c                TAMP_IRQHandler
                0x0000000008002b2c                TIM6_IRQHandler
                0x0000000008002b2c                EXTI12_IRQHandler
                0x0000000008002b2c                CORDIC_IRQHandler
                0x0000000008002b2c                EXTI3_IRQHandler
                0x0000000008002b2c                LPTIM4_IRQHandler
                0x0000000008002b2c                GPDMA1_Channel5_IRQHandler
                0x0000000008002b2c                EXTI8_IRQHandler
                0x0000000008002b2c                LPTIM2_IRQHandler
                0x0000000008002b2c                I2C3_ER_IRQHandler
                0x0000000008002b2c                PWR_S3WU_IRQHandler
                0x0000000008002b2c                MDF1_FLT2_IRQHandler
                0x0000000008002b2c                LPDMA1_Channel3_IRQHandler
                0x0000000008002b2c                LPTIM3_IRQHandler
                0x0000000008002b2c                EXTI0_IRQHandler
                0x0000000008002b2c                I2C2_EV_IRQHandler
                0x0000000008002b2c                FPU_IRQHandler
                0x0000000008002b2c                GPDMA1_Channel3_IRQHandler
                0x0000000008002b2c                GPDMA1_Channel7_IRQHandler
                0x0000000008002b2c                MDF1_FLT4_IRQHandler
                0x0000000008002b2c                FDCAN1_IT1_IRQHandler
                0x0000000008002b2c                RAMCFG_IRQHandler
                0x0000000008002b2c                GPDMA1_Channel9_IRQHandler
                0x0000000008002b2c                DCACHE1_IRQHandler
                0x0000000008002b2c                SPI1_IRQHandler
                0x0000000008002b2c                OCTOSPI1_IRQHandler
                0x0000000008002b2c                GPDMA1_Channel2_IRQHandler
                0x0000000008002b2c                TIM8_UP_IRQHandler
                0x0000000008002b2c                RCC_S_IRQHandler
                0x0000000008002b2c                OCTOSPI2_IRQHandler
                0x0000000008002b2c                SAI2_IRQHandler
                0x0000000008002b2c                MDF1_FLT1_IRQHandler
                0x0000000008002b2c                ADC1_IRQHandler
                0x0000000008002b2c                PKA_IRQHandler
                0x0000000008002b2c                MDF1_FLT5_IRQHandler
                0x0000000008002b2c                EXTI15_IRQHandler
                0x0000000008002b2c                TIM17_IRQHandler
                0x0000000008002b2c                USART3_IRQHandler
                0x0000000008002b2c                RTC_IRQHandler
                0x0000000008002b2c                EXTI9_IRQHandler
                0x0000000008002b2c                UART5_IRQHandler
                0x0000000008002b2c                I2C1_EV_IRQHandler
                0x0000000008002b2c                GPDMA1_Channel12_IRQHandler
                0x0000000008002b2c                GPDMA1_Channel1_IRQHandler
                0x0000000008002b2c                TIM16_IRQHandler
                0x0000000008002b2c                GPDMA1_Channel15_IRQHandler
                0x0000000008002b2c                SecureFault_Handler
                0x0000000008002b2c                TIM3_IRQHandler
                0x0000000008002b2c                RCC_IRQHandler
                0x0000000008002b2c                TIM1_TRG_COM_IRQHandler
                0x0000000008002b2c                Default_Handler
                0x0000000008002b2c                GPDMA1_Channel8_IRQHandler
                0x0000000008002b2c                FMAC_IRQHandler
                0x0000000008002b2c                OTFDEC1_IRQHandler
                0x0000000008002b2c                GPDMA1_Channel11_IRQHandler
                0x0000000008002b2c                TIM7_IRQHandler
                0x0000000008002b2c                SDMMC1_IRQHandler
                0x0000000008002b2c                SAES_IRQHandler
                0x0000000008002b2c                TIM5_IRQHandler
                0x0000000008002b2c                UCPD1_IRQHandler
                0x0000000008002b2c                TIM15_IRQHandler
                0x0000000008002b2c                I2C3_EV_IRQHandler
                0x0000000008002b2c                LPDMA1_Channel0_IRQHandler
                0x0000000008002b2c                PVD_PVM_IRQHandler
                0x0000000008002b2c                SPI2_IRQHandler
                0x0000000008002b2c                LPDMA1_Channel1_IRQHandler
                0x0000000008002b2c                EXTI14_IRQHandler
                0x0000000008002b2c                EXTI11_IRQHandler
                0x0000000008002b2c                OTFDEC2_IRQHandler
                0x0000000008002b2c                CRS_IRQHandler
                0x0000000008002b2c                GPDMA1_Channel14_IRQHandler
                0x0000000008002b2c                EXTI4_IRQHandler
                0x0000000008002b2c                RTC_S_IRQHandler
                0x0000000008002b2c                GPDMA1_Channel13_IRQHandler
                0x0000000008002b2c                RNG_IRQHandler
                0x0000000008002b2c                COMP_IRQHandler
                0x0000000008002b2c                TIM1_UP_IRQHandler
                0x0000000008002b2c                WWDG_IRQHandler
                0x0000000008002b2c                I2C4_EV_IRQHandler
                0x0000000008002b2c                ADF1_IRQHandler
                0x0000000008002b2c                IWDG_IRQHandler
                0x0000000008002b2c                LPUART1_IRQHandler
                0x0000000008002b2c                MDF1_FLT0_IRQHandler
                0x0000000008002b2c                FDCAN1_IT0_IRQHandler
                0x0000000008002b2c                TIM2_IRQHandler
                0x0000000008002b2c                GPDMA1_Channel4_IRQHandler
                0x0000000008002b2c                EXTI7_IRQHandler
                0x0000000008002b2c                DMA2D_IRQHandler
                0x0000000008002b2c                TIM1_BRK_IRQHandler
                0x0000000008002b2c                EXTI1_IRQHandler
                0x0000000008002b2c                SDMMC2_IRQHandler
                0x0000000008002b2c                AES_IRQHandler
                0x0000000008002b2c                DAC1_IRQHandler
                0x0000000008002b2c                GTZC_IRQHandler
                0x0000000008002b2c                MDF1_FLT3_IRQHandler
                0x0000000008002b2c                USART2_IRQHandler
                0x0000000008002b2c                GPDMA1_Channel6_IRQHandler
                0x0000000008002b2c                I2C2_ER_IRQHandler
                0x0000000008002b2c                TIM8_BRK_IRQHandler
                0x0000000008002b2c                FLASH_IRQHandler
                0x0000000008002b2c                USART1_IRQHandler
                0x0000000008002b2c                EXTI10_IRQHandler
                0x0000000008002b2c                OTG_FS_IRQHandler
                0x0000000008002b2c                SPI3_IRQHandler
                0x0000000008002b2c                LPDMA1_Channel2_IRQHandler
                0x0000000008002b2c                I2C1_ER_IRQHandler
                0x0000000008002b2c                FMC_IRQHandler
                0x0000000008002b2c                EXTI6_IRQHandler
                0x0000000008002b2c                LPTIM1_IRQHandler
                0x0000000008002b2c                DCMI_PSSI_IRQHandler
                0x0000000008002b2c                I2C4_ER_IRQHandler
                0x0000000008002b2c                GPDMA1_Channel10_IRQHandler
                0x0000000008002b2c                ICACHE_IRQHandler
                0x0000000008002b2c                SAI1_IRQHandler
                0x0000000008002b2c                HASH_IRQHandler
 *fill*         0x0000000008002b2e        0x2 
 .text.HAL_Init
                0x0000000008002b30       0x5c ./Drivers/STM32U5xx_HAL_Driver/Src/stm32u5xx_hal.o
                0x0000000008002b30                HAL_Init
 .text.HAL_InitTick
                0x0000000008002b8c       0x6c ./Drivers/STM32U5xx_HAL_Driver/Src/stm32u5xx_hal.o
                0x0000000008002b8c                HAL_InitTick
 .text.HAL_IncTick
                0x0000000008002bf8       0x28 ./Drivers/STM32U5xx_HAL_Driver/Src/stm32u5xx_hal.o
                0x0000000008002bf8                HAL_IncTick
 .text.HAL_GetTick
                0x0000000008002c20       0x18 ./Drivers/STM32U5xx_HAL_Driver/Src/stm32u5xx_hal.o
                0x0000000008002c20                HAL_GetTick
 .text.HAL_Delay
                0x0000000008002c38       0x48 ./Drivers/STM32U5xx_HAL_Driver/Src/stm32u5xx_hal.o
                0x0000000008002c38                HAL_Delay
 .text.HAL_GetREVID
                0x0000000008002c80       0x1c ./Drivers/STM32U5xx_HAL_Driver/Src/stm32u5xx_hal.o
                0x0000000008002c80                HAL_GetREVID
 .text.LL_ADC_SetCommonClock
                0x0000000008002c9c       0x26 ./Drivers/STM32U5xx_HAL_Driver/Src/stm32u5xx_hal_adc.o
 .text.LL_ADC_SetCommonPathInternalCh
                0x0000000008002cc2       0x26 ./Drivers/STM32U5xx_HAL_Driver/Src/stm32u5xx_hal_adc.o
 .text.LL_ADC_GetCommonPathInternalCh
                0x0000000008002ce8       0x1c ./Drivers/STM32U5xx_HAL_Driver/Src/stm32u5xx_hal_adc.o
 .text.LL_ADC_SetOffset
                0x0000000008002d04       0x42 ./Drivers/STM32U5xx_HAL_Driver/Src/stm32u5xx_hal_adc.o
 .text.LL_ADC_SetOffsetSign
                0x0000000008002d46       0x36 ./Drivers/STM32U5xx_HAL_Driver/Src/stm32u5xx_hal_adc.o
 .text.LL_ADC_SetOffsetSignedSaturation
                0x0000000008002d7c       0x36 ./Drivers/STM32U5xx_HAL_Driver/Src/stm32u5xx_hal_adc.o
 .text.LL_ADC_SetGainCompensation
                0x0000000008002db2       0x46 ./Drivers/STM32U5xx_HAL_Driver/Src/stm32u5xx_hal_adc.o
 .text.LL_ADC_SetSamplingTimeCommonChannels
                0x0000000008002df8       0x3e ./Drivers/STM32U5xx_HAL_Driver/Src/stm32u5xx_hal_adc.o
 .text.LL_ADC_REG_IsTriggerSourceSWStart
                0x0000000008002e36       0x26 ./Drivers/STM32U5xx_HAL_Driver/Src/stm32u5xx_hal_adc.o
 .text.LL_ADC_REG_SetSequencerRanks
                0x0000000008002e5c       0xc0 ./Drivers/STM32U5xx_HAL_Driver/Src/stm32u5xx_hal_adc.o
 .text.LL_ADC_REG_SetSequencerChAdd
                0x0000000008002f1c       0x66 ./Drivers/STM32U5xx_HAL_Driver/Src/stm32u5xx_hal_adc.o
 .text.LL_ADC_REG_SetSequencerChRem
                0x0000000008002f82       0x30 ./Drivers/STM32U5xx_HAL_Driver/Src/stm32u5xx_hal_adc.o
 .text.LL_ADC_REG_GetDMATransfer
                0x0000000008002fb2       0x1c ./Drivers/STM32U5xx_HAL_Driver/Src/stm32u5xx_hal_adc.o
 .text.LL_ADC_INJ_IsTriggerSourceSWStart
                0x0000000008002fce       0x26 ./Drivers/STM32U5xx_HAL_Driver/Src/stm32u5xx_hal_adc.o
 .text.LL_ADC_SetChannelSamplingTime
                0x0000000008002ff4      0x104 ./Drivers/STM32U5xx_HAL_Driver/Src/stm32u5xx_hal_adc.o
 .text.LL_ADC_SetChannelSingleDiff
                0x00000000080030f8       0x48 ./Drivers/STM32U5xx_HAL_Driver/Src/stm32u5xx_hal_adc.o
 .text.LL_ADC_DisableDeepPowerDown
                0x0000000008003140       0x24 ./Drivers/STM32U5xx_HAL_Driver/Src/stm32u5xx_hal_adc.o
 .text.LL_ADC_IsDeepPowerDownEnabled
                0x0000000008003164       0x28 ./Drivers/STM32U5xx_HAL_Driver/Src/stm32u5xx_hal_adc.o
 .text.LL_ADC_EnableInternalRegulator
                0x000000000800318c       0x28 ./Drivers/STM32U5xx_HAL_Driver/Src/stm32u5xx_hal_adc.o
 .text.LL_ADC_IsInternalRegulatorEnabled
                0x00000000080031b4       0x28 ./Drivers/STM32U5xx_HAL_Driver/Src/stm32u5xx_hal_adc.o
 .text.LL_ADC_Enable
                0x00000000080031dc       0x28 ./Drivers/STM32U5xx_HAL_Driver/Src/stm32u5xx_hal_adc.o
 .text.LL_ADC_Disable
                0x0000000008003204       0x28 ./Drivers/STM32U5xx_HAL_Driver/Src/stm32u5xx_hal_adc.o
 .text.LL_ADC_IsEnabled
                0x000000000800322c       0x26 ./Drivers/STM32U5xx_HAL_Driver/Src/stm32u5xx_hal_adc.o
 .text.LL_ADC_IsDisableOngoing
                0x0000000008003252       0x26 ./Drivers/STM32U5xx_HAL_Driver/Src/stm32u5xx_hal_adc.o
 .text.LL_ADC_REG_StartConversion
                0x0000000008003278       0x28 ./Drivers/STM32U5xx_HAL_Driver/Src/stm32u5xx_hal_adc.o
 .text.LL_ADC_REG_StopConversion
                0x00000000080032a0       0x28 ./Drivers/STM32U5xx_HAL_Driver/Src/stm32u5xx_hal_adc.o
 .text.LL_ADC_REG_IsConversionOngoing
                0x00000000080032c8       0x26 ./Drivers/STM32U5xx_HAL_Driver/Src/stm32u5xx_hal_adc.o
 .text.LL_ADC_INJ_StopConversion
                0x00000000080032ee       0x28 ./Drivers/STM32U5xx_HAL_Driver/Src/stm32u5xx_hal_adc.o
 .text.LL_ADC_INJ_IsConversionOngoing
                0x0000000008003316       0x26 ./Drivers/STM32U5xx_HAL_Driver/Src/stm32u5xx_hal_adc.o
 .text.HAL_ADC_Init
                0x000000000800333c      0x5f4 ./Drivers/STM32U5xx_HAL_Driver/Src/stm32u5xx_hal_adc.o
                0x000000000800333c                HAL_ADC_Init
 .text.HAL_ADC_Start
                0x0000000008003930       0xe8 ./Drivers/STM32U5xx_HAL_Driver/Src/stm32u5xx_hal_adc.o
                0x0000000008003930                HAL_ADC_Start
 .text.HAL_ADC_Stop
                0x0000000008003a18       0x66 ./Drivers/STM32U5xx_HAL_Driver/Src/stm32u5xx_hal_adc.o
                0x0000000008003a18                HAL_ADC_Stop
 *fill*         0x0000000008003a7e        0x2 
 .text.HAL_ADC_PollForConversion
                0x0000000008003a80      0x1cc ./Drivers/STM32U5xx_HAL_Driver/Src/stm32u5xx_hal_adc.o
                0x0000000008003a80                HAL_ADC_PollForConversion
 .text.HAL_ADC_GetValue
                0x0000000008003c4c       0x1a ./Drivers/STM32U5xx_HAL_Driver/Src/stm32u5xx_hal_adc.o
                0x0000000008003c4c                HAL_ADC_GetValue
 *fill*         0x0000000008003c66        0x2 
 .text.HAL_ADC_IRQHandler
                0x0000000008003c68      0x3c4 ./Drivers/STM32U5xx_HAL_Driver/Src/stm32u5xx_hal_adc.o
                0x0000000008003c68                HAL_ADC_IRQHandler
 .text.HAL_ADC_ConvCpltCallback
                0x000000000800402c       0x14 ./Drivers/STM32U5xx_HAL_Driver/Src/stm32u5xx_hal_adc.o
                0x000000000800402c                HAL_ADC_ConvCpltCallback
 .text.HAL_ADC_LevelOutOfWindowCallback
                0x0000000008004040       0x14 ./Drivers/STM32U5xx_HAL_Driver/Src/stm32u5xx_hal_adc.o
                0x0000000008004040                HAL_ADC_LevelOutOfWindowCallback
 .text.HAL_ADC_ErrorCallback
                0x0000000008004054       0x14 ./Drivers/STM32U5xx_HAL_Driver/Src/stm32u5xx_hal_adc.o
                0x0000000008004054                HAL_ADC_ErrorCallback
 .text.HAL_ADC_ConfigChannel
                0x0000000008004068      0xadc ./Drivers/STM32U5xx_HAL_Driver/Src/stm32u5xx_hal_adc.o
                0x0000000008004068                HAL_ADC_ConfigChannel
 .text.ADC_ConversionStop
                0x0000000008004b44      0x178 ./Drivers/STM32U5xx_HAL_Driver/Src/stm32u5xx_hal_adc.o
                0x0000000008004b44                ADC_ConversionStop
 .text.ADC_Enable
                0x0000000008004cbc       0xd8 ./Drivers/STM32U5xx_HAL_Driver/Src/stm32u5xx_hal_adc.o
                0x0000000008004cbc                ADC_Enable
 .text.ADC_Disable
                0x0000000008004d94       0xbe ./Drivers/STM32U5xx_HAL_Driver/Src/stm32u5xx_hal_adc.o
                0x0000000008004d94                ADC_Disable
 *fill*         0x0000000008004e52        0x2 
 .text.LL_ADC_StartCalibration
                0x0000000008004e54       0x54 ./Drivers/STM32U5xx_HAL_Driver/Src/stm32u5xx_hal_adc_ex.o
 .text.LL_ADC_IsCalibrationOnGoing
                0x0000000008004ea8       0x28 ./Drivers/STM32U5xx_HAL_Driver/Src/stm32u5xx_hal_adc_ex.o
 .text.HAL_ADCEx_Calibration_Start
                0x0000000008004ed0       0xc8 ./Drivers/STM32U5xx_HAL_Driver/Src/stm32u5xx_hal_adc_ex.o
                0x0000000008004ed0                HAL_ADCEx_Calibration_Start
 .text.HAL_ADCEx_InjectedConvCpltCallback
                0x0000000008004f98       0x14 ./Drivers/STM32U5xx_HAL_Driver/Src/stm32u5xx_hal_adc_ex.o
                0x0000000008004f98                HAL_ADCEx_InjectedConvCpltCallback
 .text.HAL_ADCEx_LevelOutOfWindow2Callback
                0x0000000008004fac       0x14 ./Drivers/STM32U5xx_HAL_Driver/Src/stm32u5xx_hal_adc_ex.o
                0x0000000008004fac                HAL_ADCEx_LevelOutOfWindow2Callback
 .text.HAL_ADCEx_LevelOutOfWindow3Callback
                0x0000000008004fc0       0x14 ./Drivers/STM32U5xx_HAL_Driver/Src/stm32u5xx_hal_adc_ex.o
                0x0000000008004fc0                HAL_ADCEx_LevelOutOfWindow3Callback
 .text.HAL_ADCEx_EndOfSamplingCallback
                0x0000000008004fd4       0x14 ./Drivers/STM32U5xx_HAL_Driver/Src/stm32u5xx_hal_adc_ex.o
                0x0000000008004fd4                HAL_ADCEx_EndOfSamplingCallback
 .text.__NVIC_SetPriorityGrouping
                0x0000000008004fe8       0x48 ./Drivers/STM32U5xx_HAL_Driver/Src/stm32u5xx_hal_cortex.o
 .text.__NVIC_GetPriorityGrouping
                0x0000000008005030       0x1c ./Drivers/STM32U5xx_HAL_Driver/Src/stm32u5xx_hal_cortex.o
 .text.__NVIC_EnableIRQ
                0x000000000800504c       0x3c ./Drivers/STM32U5xx_HAL_Driver/Src/stm32u5xx_hal_cortex.o
 .text.__NVIC_SetPriority
                0x0000000008005088       0x54 ./Drivers/STM32U5xx_HAL_Driver/Src/stm32u5xx_hal_cortex.o
 .text.NVIC_EncodePriority
                0x00000000080050dc       0x66 ./Drivers/STM32U5xx_HAL_Driver/Src/stm32u5xx_hal_cortex.o
 *fill*         0x0000000008005142        0x2 
 .text.SysTick_Config
                0x0000000008005144       0x44 ./Drivers/STM32U5xx_HAL_Driver/Src/stm32u5xx_hal_cortex.o
 .text.HAL_NVIC_SetPriorityGrouping
                0x0000000008005188       0x16 ./Drivers/STM32U5xx_HAL_Driver/Src/stm32u5xx_hal_cortex.o
                0x0000000008005188                HAL_NVIC_SetPriorityGrouping
 .text.HAL_NVIC_SetPriority
                0x000000000800519e       0x34 ./Drivers/STM32U5xx_HAL_Driver/Src/stm32u5xx_hal_cortex.o
                0x000000000800519e                HAL_NVIC_SetPriority
 .text.HAL_NVIC_EnableIRQ
                0x00000000080051d2       0x1c ./Drivers/STM32U5xx_HAL_Driver/Src/stm32u5xx_hal_cortex.o
                0x00000000080051d2                HAL_NVIC_EnableIRQ
 .text.HAL_SYSTICK_Config
                0x00000000080051ee       0x18 ./Drivers/STM32U5xx_HAL_Driver/Src/stm32u5xx_hal_cortex.o
                0x00000000080051ee                HAL_SYSTICK_Config
 .text.HAL_DMA_Start_IT
                0x0000000008005206       0xc0 ./Drivers/STM32U5xx_HAL_Driver/Src/stm32u5xx_hal_dma.o
                0x0000000008005206                HAL_DMA_Start_IT
 .text.HAL_DMA_Abort
                0x00000000080052c6       0xf8 ./Drivers/STM32U5xx_HAL_Driver/Src/stm32u5xx_hal_dma.o
                0x00000000080052c6                HAL_DMA_Abort
 .text.HAL_DMA_Abort_IT
                0x00000000080053be       0x52 ./Drivers/STM32U5xx_HAL_Driver/Src/stm32u5xx_hal_dma.o
                0x00000000080053be                HAL_DMA_Abort_IT
 .text.HAL_DMA_IRQHandler
                0x0000000008005410      0x2e8 ./Drivers/STM32U5xx_HAL_Driver/Src/stm32u5xx_hal_dma.o
                0x0000000008005410                HAL_DMA_IRQHandler
 .text.HAL_DMA_ConfigChannelAttributes
                0x00000000080056f8       0x78 ./Drivers/STM32U5xx_HAL_Driver/Src/stm32u5xx_hal_dma.o
                0x00000000080056f8                HAL_DMA_ConfigChannelAttributes
 .text.DMA_SetConfig
                0x0000000008005770       0x4a ./Drivers/STM32U5xx_HAL_Driver/Src/stm32u5xx_hal_dma.o
 *fill*         0x00000000080057ba        0x2 
 .text.HAL_DMAEx_List_Init
                0x00000000080057bc      0x25c ./Drivers/STM32U5xx_HAL_Driver/Src/stm32u5xx_hal_dma_ex.o
                0x00000000080057bc                HAL_DMAEx_List_Init
 .text.HAL_DMAEx_List_Start_IT
                0x0000000008005a18      0x128 ./Drivers/STM32U5xx_HAL_Driver/Src/stm32u5xx_hal_dma_ex.o
                0x0000000008005a18                HAL_DMAEx_List_Start_IT
 .text.HAL_DMAEx_List_BuildNode
                0x0000000008005b40       0x2c ./Drivers/STM32U5xx_HAL_Driver/Src/stm32u5xx_hal_dma_ex.o
                0x0000000008005b40                HAL_DMAEx_List_BuildNode
 .text.HAL_DMAEx_List_InsertNode
                0x0000000008005b6c      0x192 ./Drivers/STM32U5xx_HAL_Driver/Src/stm32u5xx_hal_dma_ex.o
                0x0000000008005b6c                HAL_DMAEx_List_InsertNode
 .text.HAL_DMAEx_List_SetCircularMode
                0x0000000008005cfe       0xc0 ./Drivers/STM32U5xx_HAL_Driver/Src/stm32u5xx_hal_dma_ex.o
                0x0000000008005cfe                HAL_DMAEx_List_SetCircularMode
 *fill*         0x0000000008005dbe        0x2 
 .text.HAL_DMAEx_List_LinkQ
                0x0000000008005dc0      0x12c ./Drivers/STM32U5xx_HAL_Driver/Src/stm32u5xx_hal_dma_ex.o
                0x0000000008005dc0                HAL_DMAEx_List_LinkQ
 .text.DMA_List_Init
                0x0000000008005eec      0x2b0 ./Drivers/STM32U5xx_HAL_Driver/Src/stm32u5xx_hal_dma_ex.o
 .text.DMA_List_BuildNode
                0x000000000800619c      0x2a4 ./Drivers/STM32U5xx_HAL_Driver/Src/stm32u5xx_hal_dma_ex.o
 .text.DMA_List_CheckNodesBaseAddresses
                0x0000000008006440       0x60 ./Drivers/STM32U5xx_HAL_Driver/Src/stm32u5xx_hal_dma_ex.o
 .text.DMA_List_CheckNodesTypes
                0x00000000080064a0       0x78 ./Drivers/STM32U5xx_HAL_Driver/Src/stm32u5xx_hal_dma_ex.o
 .text.DMA_List_GetCLLRNodeInfo
                0x0000000008006518       0x60 ./Drivers/STM32U5xx_HAL_Driver/Src/stm32u5xx_hal_dma_ex.o
 .text.DMA_List_FindNode
                0x0000000008006578      0x13e ./Drivers/STM32U5xx_HAL_Driver/Src/stm32u5xx_hal_dma_ex.o
 *fill*         0x00000000080066b6        0x2 
 .text.HAL_GPIO_Init
                0x00000000080066b8      0x3b0 ./Drivers/STM32U5xx_HAL_Driver/Src/stm32u5xx_hal_gpio.o
                0x00000000080066b8                HAL_GPIO_Init
 .text.HAL_GPIO_WritePin
                0x0000000008006a68       0x30 ./Drivers/STM32U5xx_HAL_Driver/Src/stm32u5xx_hal_gpio.o
                0x0000000008006a68                HAL_GPIO_WritePin
 .text.HAL_I2C_Init
                0x0000000008006a98      0x11e ./Drivers/STM32U5xx_HAL_Driver/Src/stm32u5xx_hal_i2c.o
                0x0000000008006a98                HAL_I2C_Init
 *fill*         0x0000000008006bb6        0x2 
 .text.HAL_I2C_Master_Transmit
                0x0000000008006bb8      0x1e8 ./Drivers/STM32U5xx_HAL_Driver/Src/stm32u5xx_hal_i2c.o
                0x0000000008006bb8                HAL_I2C_Master_Transmit
 .text.I2C_Flush_TXDR
                0x0000000008006da0       0x48 ./Drivers/STM32U5xx_HAL_Driver/Src/stm32u5xx_hal_i2c.o
 .text.I2C_WaitOnFlagUntilTimeout
                0x0000000008006de8       0x80 ./Drivers/STM32U5xx_HAL_Driver/Src/stm32u5xx_hal_i2c.o
 .text.I2C_WaitOnTXISFlagUntilTimeout
                0x0000000008006e68       0x80 ./Drivers/STM32U5xx_HAL_Driver/Src/stm32u5xx_hal_i2c.o
 .text.I2C_WaitOnSTOPFlagUntilTimeout
                0x0000000008006ee8       0x78 ./Drivers/STM32U5xx_HAL_Driver/Src/stm32u5xx_hal_i2c.o
 .text.I2C_IsErrorOccurred
                0x0000000008006f60      0x1d8 ./Drivers/STM32U5xx_HAL_Driver/Src/stm32u5xx_hal_i2c.o
 .text.I2C_TransferConfig
                0x0000000008007138       0x64 ./Drivers/STM32U5xx_HAL_Driver/Src/stm32u5xx_hal_i2c.o
 .text.HAL_I2CEx_ConfigAnalogFilter
                0x000000000800719c       0x96 ./Drivers/STM32U5xx_HAL_Driver/Src/stm32u5xx_hal_i2c_ex.o
                0x000000000800719c                HAL_I2CEx_ConfigAnalogFilter
 .text.HAL_I2CEx_ConfigDigitalFilter
                0x0000000008007232       0x98 ./Drivers/STM32U5xx_HAL_Driver/Src/stm32u5xx_hal_i2c_ex.o
                0x0000000008007232                HAL_I2CEx_ConfigDigitalFilter
 *fill*         0x00000000080072ca        0x2 
 .text.HAL_ICACHE_ConfigAssociativityMode
                0x00000000080072cc       0x40 ./Drivers/STM32U5xx_HAL_Driver/Src/stm32u5xx_hal_icache.o
                0x00000000080072cc                HAL_ICACHE_ConfigAssociativityMode
 .text.HAL_ICACHE_Enable
                0x000000000800730c       0x20 ./Drivers/STM32U5xx_HAL_Driver/Src/stm32u5xx_hal_icache.o
                0x000000000800730c                HAL_ICACHE_Enable
 .text.HAL_PWREx_ControlVoltageScaling
                0x000000000800732c       0xe8 ./Drivers/STM32U5xx_HAL_Driver/Src/stm32u5xx_hal_pwr_ex.o
                0x000000000800732c                HAL_PWREx_ControlVoltageScaling
 .text.HAL_PWREx_GetVoltageRange
                0x0000000008007414       0x1c ./Drivers/STM32U5xx_HAL_Driver/Src/stm32u5xx_hal_pwr_ex.o
                0x0000000008007414                HAL_PWREx_GetVoltageRange
 .text.HAL_PWREx_EnableVddIO2
                0x0000000008007430       0x20 ./Drivers/STM32U5xx_HAL_Driver/Src/stm32u5xx_hal_pwr_ex.o
                0x0000000008007430                HAL_PWREx_EnableVddIO2
 .text.HAL_PWREx_EnableVddA
                0x0000000008007450       0x20 ./Drivers/STM32U5xx_HAL_Driver/Src/stm32u5xx_hal_pwr_ex.o
                0x0000000008007450                HAL_PWREx_EnableVddA
 .text.HAL_PWREx_DisableUCPDDeadBattery
                0x0000000008007470       0x20 ./Drivers/STM32U5xx_HAL_Driver/Src/stm32u5xx_hal_pwr_ex.o
                0x0000000008007470                HAL_PWREx_DisableUCPDDeadBattery
 .text.HAL_RCC_OscConfig
                0x0000000008007490      0xdac ./Drivers/STM32U5xx_HAL_Driver/Src/stm32u5xx_hal_rcc.o
                0x0000000008007490                HAL_RCC_OscConfig
 .text.HAL_RCC_ClockConfig
                0x000000000800823c      0x3e4 ./Drivers/STM32U5xx_HAL_Driver/Src/stm32u5xx_hal_rcc.o
                0x000000000800823c                HAL_RCC_ClockConfig
 .text.HAL_RCC_GetSysClockFreq
                0x0000000008008620      0x210 ./Drivers/STM32U5xx_HAL_Driver/Src/stm32u5xx_hal_rcc.o
                0x0000000008008620                HAL_RCC_GetSysClockFreq
 .text.HAL_RCC_GetHCLKFreq
                0x0000000008008830       0x34 ./Drivers/STM32U5xx_HAL_Driver/Src/stm32u5xx_hal_rcc.o
                0x0000000008008830                HAL_RCC_GetHCLKFreq
 .text.HAL_RCC_GetPCLK1Freq
                0x0000000008008864       0x28 ./Drivers/STM32U5xx_HAL_Driver/Src/stm32u5xx_hal_rcc.o
                0x0000000008008864                HAL_RCC_GetPCLK1Freq
 .text.HAL_RCC_GetPCLK2Freq
                0x000000000800888c       0x28 ./Drivers/STM32U5xx_HAL_Driver/Src/stm32u5xx_hal_rcc.o
                0x000000000800888c                HAL_RCC_GetPCLK2Freq
 .text.HAL_RCC_GetPCLK3Freq
                0x00000000080088b4       0x28 ./Drivers/STM32U5xx_HAL_Driver/Src/stm32u5xx_hal_rcc.o
                0x00000000080088b4                HAL_RCC_GetPCLK3Freq
 .text.RCC_SetFlashLatencyFromMSIRange
                0x00000000080088dc      0x10c ./Drivers/STM32U5xx_HAL_Driver/Src/stm32u5xx_hal_rcc.o
 .text.HAL_RCCEx_PeriphCLKConfig
                0x00000000080089e8      0xb80 ./Drivers/STM32U5xx_HAL_Driver/Src/stm32u5xx_hal_rcc_ex.o
                0x00000000080089e8                HAL_RCCEx_PeriphCLKConfig
 .text.HAL_RCCEx_GetPLL1ClockFreq
                0x0000000008009568      0x2cc ./Drivers/STM32U5xx_HAL_Driver/Src/stm32u5xx_hal_rcc_ex.o
                0x0000000008009568                HAL_RCCEx_GetPLL1ClockFreq
 .text.HAL_RCCEx_GetPLL2ClockFreq
                0x0000000008009834      0x2cc ./Drivers/STM32U5xx_HAL_Driver/Src/stm32u5xx_hal_rcc_ex.o
                0x0000000008009834                HAL_RCCEx_GetPLL2ClockFreq
 .text.HAL_RCCEx_GetPLL3ClockFreq
                0x0000000008009b00      0x2cc ./Drivers/STM32U5xx_HAL_Driver/Src/stm32u5xx_hal_rcc_ex.o
                0x0000000008009b00                HAL_RCCEx_GetPLL3ClockFreq
 .text.HAL_RCCEx_GetPeriphCLKFreq
                0x0000000008009dcc     0x1250 ./Drivers/STM32U5xx_HAL_Driver/Src/stm32u5xx_hal_rcc_ex.o
                0x0000000008009dcc                HAL_RCCEx_GetPeriphCLKFreq
 .text.RCCEx_PLL2_Config
                0x000000000800b01c      0x130 ./Drivers/STM32U5xx_HAL_Driver/Src/stm32u5xx_hal_rcc_ex.o
 .text.RCCEx_PLL3_Config
                0x000000000800b14c      0x130 ./Drivers/STM32U5xx_HAL_Driver/Src/stm32u5xx_hal_rcc_ex.o
 .text.HAL_SPI_Init
                0x000000000800b27c      0x1f0 ./Drivers/STM32U5xx_HAL_Driver/Src/stm32u5xx_hal_spi.o
                0x000000000800b27c                HAL_SPI_Init
 .text.HAL_SPI_Transmit
                0x000000000800b46c      0x424 ./Drivers/STM32U5xx_HAL_Driver/Src/stm32u5xx_hal_spi.o
                0x000000000800b46c                HAL_SPI_Transmit
 .text.SPI_CloseTransfer
                0x000000000800b890      0x140 ./Drivers/STM32U5xx_HAL_Driver/Src/stm32u5xx_hal_spi.o
 .text.SPI_WaitOnFlagUntilTimeout
                0x000000000800b9d0       0x5c ./Drivers/STM32U5xx_HAL_Driver/Src/stm32u5xx_hal_spi.o
 .text.SPI_GetPacketSize
                0x000000000800ba2c       0x36 ./Drivers/STM32U5xx_HAL_Driver/Src/stm32u5xx_hal_spi.o
 .text.HAL_SPIEx_SetConfigAutonomousMode
                0x000000000800ba62       0x82 ./Drivers/STM32U5xx_HAL_Driver/Src/stm32u5xx_hal_spi_ex.o
                0x000000000800ba62                HAL_SPIEx_SetConfigAutonomousMode
 .text.HAL_TIM_Base_Init
                0x000000000800bae4       0xae ./Drivers/STM32U5xx_HAL_Driver/Src/stm32u5xx_hal_tim.o
                0x000000000800bae4                HAL_TIM_Base_Init
 *fill*         0x000000000800bb92        0x2 
 .text.HAL_TIM_Base_Start_IT
                0x000000000800bb94      0x140 ./Drivers/STM32U5xx_HAL_Driver/Src/stm32u5xx_hal_tim.o
                0x000000000800bb94                HAL_TIM_Base_Start_IT
 .text.HAL_TIM_IRQHandler
                0x000000000800bcd4      0x2fe ./Drivers/STM32U5xx_HAL_Driver/Src/stm32u5xx_hal_tim.o
                0x000000000800bcd4                HAL_TIM_IRQHandler
 *fill*         0x000000000800bfd2        0x2 
 .text.HAL_TIM_ConfigClockSource
                0x000000000800bfd4      0x204 ./Drivers/STM32U5xx_HAL_Driver/Src/stm32u5xx_hal_tim.o
                0x000000000800bfd4                HAL_TIM_ConfigClockSource
 .text.HAL_TIM_OC_DelayElapsedCallback
                0x000000000800c1d8       0x14 ./Drivers/STM32U5xx_HAL_Driver/Src/stm32u5xx_hal_tim.o
                0x000000000800c1d8                HAL_TIM_OC_DelayElapsedCallback
 .text.HAL_TIM_IC_CaptureCallback
                0x000000000800c1ec       0x14 ./Drivers/STM32U5xx_HAL_Driver/Src/stm32u5xx_hal_tim.o
                0x000000000800c1ec                HAL_TIM_IC_CaptureCallback
 .text.HAL_TIM_PWM_PulseFinishedCallback
                0x000000000800c200       0x14 ./Drivers/STM32U5xx_HAL_Driver/Src/stm32u5xx_hal_tim.o
                0x000000000800c200                HAL_TIM_PWM_PulseFinishedCallback
 .text.HAL_TIM_TriggerCallback
                0x000000000800c214       0x14 ./Drivers/STM32U5xx_HAL_Driver/Src/stm32u5xx_hal_tim.o
                0x000000000800c214                HAL_TIM_TriggerCallback
 .text.TIM_Base_SetConfig
                0x000000000800c228      0x1f4 ./Drivers/STM32U5xx_HAL_Driver/Src/stm32u5xx_hal_tim.o
                0x000000000800c228                TIM_Base_SetConfig
 .text.TIM_TI1_ConfigInputStage
                0x000000000800c41c       0x5e ./Drivers/STM32U5xx_HAL_Driver/Src/stm32u5xx_hal_tim.o
 .text.TIM_TI2_ConfigInputStage
                0x000000000800c47a       0x60 ./Drivers/STM32U5xx_HAL_Driver/Src/stm32u5xx_hal_tim.o
 .text.TIM_ITRx_SetConfig
                0x000000000800c4da       0x3a ./Drivers/STM32U5xx_HAL_Driver/Src/stm32u5xx_hal_tim.o
 .text.TIM_ETR_SetConfig
                0x000000000800c514       0x40 ./Drivers/STM32U5xx_HAL_Driver/Src/stm32u5xx_hal_tim.o
                0x000000000800c514                TIM_ETR_SetConfig
 .text.HAL_TIMEx_MasterConfigSynchronization
                0x000000000800c554      0x184 ./Drivers/STM32U5xx_HAL_Driver/Src/stm32u5xx_hal_tim_ex.o
                0x000000000800c554                HAL_TIMEx_MasterConfigSynchronization
 .text.HAL_TIMEx_CommutCallback
                0x000000000800c6d8       0x14 ./Drivers/STM32U5xx_HAL_Driver/Src/stm32u5xx_hal_tim_ex.o
                0x000000000800c6d8                HAL_TIMEx_CommutCallback
 .text.HAL_TIMEx_BreakCallback
                0x000000000800c6ec       0x14 ./Drivers/STM32U5xx_HAL_Driver/Src/stm32u5xx_hal_tim_ex.o
                0x000000000800c6ec                HAL_TIMEx_BreakCallback
 .text.HAL_TIMEx_Break2Callback
                0x000000000800c700       0x14 ./Drivers/STM32U5xx_HAL_Driver/Src/stm32u5xx_hal_tim_ex.o
                0x000000000800c700                HAL_TIMEx_Break2Callback
 .text.HAL_TIMEx_EncoderIndexCallback
                0x000000000800c714       0x14 ./Drivers/STM32U5xx_HAL_Driver/Src/stm32u5xx_hal_tim_ex.o
                0x000000000800c714                HAL_TIMEx_EncoderIndexCallback
 .text.HAL_TIMEx_DirectionChangeCallback
                0x000000000800c728       0x14 ./Drivers/STM32U5xx_HAL_Driver/Src/stm32u5xx_hal_tim_ex.o
                0x000000000800c728                HAL_TIMEx_DirectionChangeCallback
 .text.HAL_TIMEx_IndexErrorCallback
                0x000000000800c73c       0x14 ./Drivers/STM32U5xx_HAL_Driver/Src/stm32u5xx_hal_tim_ex.o
                0x000000000800c73c                HAL_TIMEx_IndexErrorCallback
 .text.HAL_TIMEx_TransitionErrorCallback
                0x000000000800c750       0x14 ./Drivers/STM32U5xx_HAL_Driver/Src/stm32u5xx_hal_tim_ex.o
                0x000000000800c750                HAL_TIMEx_TransitionErrorCallback
 .text.HAL_UART_Init
                0x000000000800c764       0xa0 ./Drivers/STM32U5xx_HAL_Driver/Src/stm32u5xx_hal_uart.o
                0x000000000800c764                HAL_UART_Init
 .text.HAL_UART_Transmit_IT
                0x000000000800c804      0x170 ./Drivers/STM32U5xx_HAL_Driver/Src/stm32u5xx_hal_uart.o
                0x000000000800c804                HAL_UART_Transmit_IT
 .text.HAL_UART_Receive_DMA
                0x000000000800c974       0xbc ./Drivers/STM32U5xx_HAL_Driver/Src/stm32u5xx_hal_uart.o
                0x000000000800c974                HAL_UART_Receive_DMA
 .text.HAL_UART_IRQHandler
                0x000000000800ca30      0x564 ./Drivers/STM32U5xx_HAL_Driver/Src/stm32u5xx_hal_uart.o
                0x000000000800ca30                HAL_UART_IRQHandler
 .text.HAL_UART_TxCpltCallback
                0x000000000800cf94       0x14 ./Drivers/STM32U5xx_HAL_Driver/Src/stm32u5xx_hal_uart.o
                0x000000000800cf94                HAL_UART_TxCpltCallback
 .text.HAL_UART_RxCpltCallback
                0x000000000800cfa8       0x14 ./Drivers/STM32U5xx_HAL_Driver/Src/stm32u5xx_hal_uart.o
                0x000000000800cfa8                HAL_UART_RxCpltCallback
 .text.HAL_UART_RxHalfCpltCallback
                0x000000000800cfbc       0x14 ./Drivers/STM32U5xx_HAL_Driver/Src/stm32u5xx_hal_uart.o
                0x000000000800cfbc                HAL_UART_RxHalfCpltCallback
 .text.HAL_UART_ErrorCallback
                0x000000000800cfd0       0x14 ./Drivers/STM32U5xx_HAL_Driver/Src/stm32u5xx_hal_uart.o
                0x000000000800cfd0                HAL_UART_ErrorCallback
 .text.HAL_UARTEx_RxEventCallback
                0x000000000800cfe4       0x18 ./Drivers/STM32U5xx_HAL_Driver/Src/stm32u5xx_hal_uart.o
                0x000000000800cfe4                HAL_UARTEx_RxEventCallback
 .text.UART_SetConfig
                0x000000000800cffc      0x344 ./Drivers/STM32U5xx_HAL_Driver/Src/stm32u5xx_hal_uart.o
                0x000000000800cffc                UART_SetConfig
 .text.UART_AdvFeatureConfig
                0x000000000800d340      0x144 ./Drivers/STM32U5xx_HAL_Driver/Src/stm32u5xx_hal_uart.o
                0x000000000800d340                UART_AdvFeatureConfig
 .text.UART_CheckIdleState
                0x000000000800d484       0x96 ./Drivers/STM32U5xx_HAL_Driver/Src/stm32u5xx_hal_uart.o
                0x000000000800d484                UART_CheckIdleState
 .text.UART_WaitOnFlagUntilTimeout
                0x000000000800d51a      0x190 ./Drivers/STM32U5xx_HAL_Driver/Src/stm32u5xx_hal_uart.o
                0x000000000800d51a                UART_WaitOnFlagUntilTimeout
 *fill*         0x000000000800d6aa        0x2 
 .text.UART_Start_Receive_DMA
                0x000000000800d6ac      0x1e4 ./Drivers/STM32U5xx_HAL_Driver/Src/stm32u5xx_hal_uart.o
                0x000000000800d6ac                UART_Start_Receive_DMA
 .text.UART_EndTxTransfer
                0x000000000800d890       0x82 ./Drivers/STM32U5xx_HAL_Driver/Src/stm32u5xx_hal_uart.o
 .text.UART_EndRxTransfer
                0x000000000800d912       0xcc ./Drivers/STM32U5xx_HAL_Driver/Src/stm32u5xx_hal_uart.o
 .text.UART_DMAReceiveCplt
                0x000000000800d9de       0xec ./Drivers/STM32U5xx_HAL_Driver/Src/stm32u5xx_hal_uart.o
 .text.UART_DMARxHalfCplt
                0x000000000800daca       0x38 ./Drivers/STM32U5xx_HAL_Driver/Src/stm32u5xx_hal_uart.o
 .text.UART_DMAError
                0x000000000800db02       0x80 ./Drivers/STM32U5xx_HAL_Driver/Src/stm32u5xx_hal_uart.o
 .text.UART_DMAAbortOnError
                0x000000000800db82       0x2c ./Drivers/STM32U5xx_HAL_Driver/Src/stm32u5xx_hal_uart.o
 .text.UART_TxISR_8BIT
                0x000000000800dbae       0xb8 ./Drivers/STM32U5xx_HAL_Driver/Src/stm32u5xx_hal_uart.o
 .text.UART_TxISR_16BIT
                0x000000000800dc66       0xc2 ./Drivers/STM32U5xx_HAL_Driver/Src/stm32u5xx_hal_uart.o
 .text.UART_TxISR_8BIT_FIFOEN
                0x000000000800dd28       0xe0 ./Drivers/STM32U5xx_HAL_Driver/Src/stm32u5xx_hal_uart.o
 .text.UART_TxISR_16BIT_FIFOEN
                0x000000000800de08       0xea ./Drivers/STM32U5xx_HAL_Driver/Src/stm32u5xx_hal_uart.o
 .text.UART_EndTransmit_IT
                0x000000000800def2       0x56 ./Drivers/STM32U5xx_HAL_Driver/Src/stm32u5xx_hal_uart.o
 .text.HAL_UARTEx_RxFifoFullCallback
                0x000000000800df48       0x14 ./Drivers/STM32U5xx_HAL_Driver/Src/stm32u5xx_hal_uart_ex.o
                0x000000000800df48                HAL_UARTEx_RxFifoFullCallback
 .text.HAL_UARTEx_TxFifoEmptyCallback
                0x000000000800df5c       0x14 ./Drivers/STM32U5xx_HAL_Driver/Src/stm32u5xx_hal_uart_ex.o
                0x000000000800df5c                HAL_UARTEx_TxFifoEmptyCallback
 .text.HAL_UARTEx_DisableFifoMode
                0x000000000800df70       0x72 ./Drivers/STM32U5xx_HAL_Driver/Src/stm32u5xx_hal_uart_ex.o
                0x000000000800df70                HAL_UARTEx_DisableFifoMode
 .text.HAL_UARTEx_SetTxFifoThreshold
                0x000000000800dfe2       0x7c ./Drivers/STM32U5xx_HAL_Driver/Src/stm32u5xx_hal_uart_ex.o
                0x000000000800dfe2                HAL_UARTEx_SetTxFifoThreshold
 .text.HAL_UARTEx_SetRxFifoThreshold
                0x000000000800e05e       0x7c ./Drivers/STM32U5xx_HAL_Driver/Src/stm32u5xx_hal_uart_ex.o
                0x000000000800e05e                HAL_UARTEx_SetRxFifoThreshold
 *fill*         0x000000000800e0da        0x2 
 .text.UARTEx_SetNbDataToProcess
                0x000000000800e0dc       0x9c ./Drivers/STM32U5xx_HAL_Driver/Src/stm32u5xx_hal_uart_ex.o
 .text.__libc_init_array
                0x000000000800e178       0x48 c:/st/stm32cubeide_1.10.1/stm32cubeide/plugins/com.st.stm32cube.ide.mcu.externaltools.gnu-tools-for-stm32.10.3-2021.10.win32_1.0.0.202111181127/tools/bin/../lib/gcc/arm-none-eabi/10.3.1/../../../../arm-none-eabi/lib/thumb/v8-m.main+fp/hard\libc_nano.a(lib_a-init.o)
                0x000000000800e178                __libc_init_array
 .text.memset   0x000000000800e1c0       0x10 c:/st/stm32cubeide_1.10.1/stm32cubeide/plugins/com.st.stm32cube.ide.mcu.externaltools.gnu-tools-for-stm32.10.3-2021.10.win32_1.0.0.202111181127/tools/bin/../lib/gcc/arm-none-eabi/10.3.1/../../../../arm-none-eabi/lib/thumb/v8-m.main+fp/hard\libc_nano.a(lib_a-memset.o)
                0x000000000800e1c0                memset
 *(.glue_7)
 .glue_7        0x000000000800e1d0        0x0 linker stubs
 *(.glue_7t)
 .glue_7t       0x000000000800e1d0        0x0 linker stubs
 *(.eh_frame)
 .eh_frame      0x000000000800e1d0        0x0 c:/st/stm32cubeide_1.10.1/stm32cubeide/plugins/com.st.stm32cube.ide.mcu.externaltools.gnu-tools-for-stm32.10.3-2021.10.win32_1.0.0.202111181127/tools/bin/../lib/gcc/arm-none-eabi/10.3.1/thumb/v8-m.main+fp/hard/crtbegin.o
 *(.init)
 .init          0x000000000800e1d0        0x4 c:/st/stm32cubeide_1.10.1/stm32cubeide/plugins/com.st.stm32cube.ide.mcu.externaltools.gnu-tools-for-stm32.10.3-2021.10.win32_1.0.0.202111181127/tools/bin/../lib/gcc/arm-none-eabi/10.3.1/thumb/v8-m.main+fp/hard/crti.o
                0x000000000800e1d0                _init
 .init          0x000000000800e1d4        0x8 c:/st/stm32cubeide_1.10.1/stm32cubeide/plugins/com.st.stm32cube.ide.mcu.externaltools.gnu-tools-for-stm32.10.3-2021.10.win32_1.0.0.202111181127/tools/bin/../lib/gcc/arm-none-eabi/10.3.1/thumb/v8-m.main+fp/hard/crtn.o
 *(.fini)
 .fini          0x000000000800e1dc        0x4 c:/st/stm32cubeide_1.10.1/stm32cubeide/plugins/com.st.stm32cube.ide.mcu.externaltools.gnu-tools-for-stm32.10.3-2021.10.win32_1.0.0.202111181127/tools/bin/../lib/gcc/arm-none-eabi/10.3.1/thumb/v8-m.main+fp/hard/crti.o
                0x000000000800e1dc                _fini
 .fini          0x000000000800e1e0        0x8 c:/st/stm32cubeide_1.10.1/stm32cubeide/plugins/com.st.stm32cube.ide.mcu.externaltools.gnu-tools-for-stm32.10.3-2021.10.win32_1.0.0.202111181127/tools/bin/../lib/gcc/arm-none-eabi/10.3.1/thumb/v8-m.main+fp/hard/crtn.o
                0x000000000800e1e8                _etext = .

.vfp11_veneer   0x000000000800e1e8        0x0
 .vfp11_veneer  0x000000000800e1e8        0x0 linker stubs

.v4_bx          0x000000000800e1e8        0x0
 .v4_bx         0x000000000800e1e8        0x0 linker stubs

.iplt           0x000000000800e1e8        0x0
 .iplt          0x000000000800e1e8        0x0 c:/st/stm32cubeide_1.10.1/stm32cubeide/plugins/com.st.stm32cube.ide.mcu.externaltools.gnu-tools-for-stm32.10.3-2021.10.win32_1.0.0.202111181127/tools/bin/../lib/gcc/arm-none-eabi/10.3.1/thumb/v8-m.main+fp/hard/crtbegin.o

.rodata         0x000000000800e1e8      0x1a0
 *(.rodata)
 *(.rodata*)
 .rodata.select_pins_MUX_1
                0x000000000800e1e8       0x14 ./Core/Src/main.o
                0x000000000800e1e8                select_pins_MUX_1
 .rodata.select_pins_MUX_2
                0x000000000800e1fc        0xc ./Core/Src/main.o
                0x000000000800e1fc                select_pins_MUX_2
 .rodata.valve2SPIbit
                0x000000000800e208       0x40 ./Core/Src/main.o
                0x000000000800e208                valve2SPIbit
 .rodata.Mes2Sensor
                0x000000000800e248       0x40 ./Core/Src/main.o
                0x000000000800e248                Mes2Sensor
 .rodata.AHBPrescTable
                0x000000000800e288       0x10 ./Core/Src/system_stm32u5xx.o
                0x000000000800e288                AHBPrescTable
 .rodata.APBPrescTable
                0x000000000800e298        0x8 ./Core/Src/system_stm32u5xx.o
                0x000000000800e298                APBPrescTable
 .rodata.MSIRangeTable
                0x000000000800e2a0       0x40 ./Core/Src/system_stm32u5xx.o
                0x000000000800e2a0                MSIRangeTable
 .rodata.LPGPIO_Map
                0x000000000800e2e0       0x80 ./Drivers/STM32U5xx_HAL_Driver/Src/stm32u5xx_hal_gpio.o
 .rodata.UARTPrescTable
                0x000000000800e360       0x18 ./Drivers/STM32U5xx_HAL_Driver/Src/stm32u5xx_hal_uart.o
                0x000000000800e360                UARTPrescTable
 .rodata.numerator.1
                0x000000000800e378        0x8 ./Drivers/STM32U5xx_HAL_Driver/Src/stm32u5xx_hal_uart_ex.o
 .rodata.denominator.0
                0x000000000800e380        0x8 ./Drivers/STM32U5xx_HAL_Driver/Src/stm32u5xx_hal_uart_ex.o

.ARM.extab
 *(.ARM.extab* .gnu.linkonce.armextab.*)

.ARM            0x000000000800e388        0x8
                0x000000000800e388                __exidx_start = .
 *(.ARM.exidx*)
 .ARM.exidx     0x000000000800e388        0x8 c:/st/stm32cubeide_1.10.1/stm32cubeide/plugins/com.st.stm32cube.ide.mcu.externaltools.gnu-tools-for-stm32.10.3-2021.10.win32_1.0.0.202111181127/tools/bin/../lib/gcc/arm-none-eabi/10.3.1/thumb/v8-m.main+fp/hard\libgcc.a(_udivmoddi4.o)
                0x000000000800e390                __exidx_end = .

.rel.dyn        0x000000000800e390        0x0
 .rel.iplt      0x000000000800e390        0x0 c:/st/stm32cubeide_1.10.1/stm32cubeide/plugins/com.st.stm32cube.ide.mcu.externaltools.gnu-tools-for-stm32.10.3-2021.10.win32_1.0.0.202111181127/tools/bin/../lib/gcc/arm-none-eabi/10.3.1/thumb/v8-m.main+fp/hard/crtbegin.o

.preinit_array  0x000000000800e390        0x0
                0x000000000800e390                PROVIDE (__preinit_array_start = .)
 *(.preinit_array*)
                0x000000000800e390                PROVIDE (__preinit_array_end = .)

.init_array     0x000000000800e390        0x4
                0x000000000800e390                PROVIDE (__init_array_start = .)
 *(SORT_BY_NAME(.init_array.*))
 *(.init_array*)
 .init_array    0x000000000800e390        0x4 c:/st/stm32cubeide_1.10.1/stm32cubeide/plugins/com.st.stm32cube.ide.mcu.externaltools.gnu-tools-for-stm32.10.3-2021.10.win32_1.0.0.202111181127/tools/bin/../lib/gcc/arm-none-eabi/10.3.1/thumb/v8-m.main+fp/hard/crtbegin.o
                0x000000000800e394                PROVIDE (__init_array_end = .)

.fini_array     0x000000000800e394        0x4
                [!provide]                        PROVIDE (__fini_array_start = .)
 *(SORT_BY_NAME(.fini_array.*))
 *(.fini_array*)
 .fini_array    0x000000000800e394        0x4 c:/st/stm32cubeide_1.10.1/stm32cubeide/plugins/com.st.stm32cube.ide.mcu.externaltools.gnu-tools-for-stm32.10.3-2021.10.win32_1.0.0.202111181127/tools/bin/../lib/gcc/arm-none-eabi/10.3.1/thumb/v8-m.main+fp/hard/crtbegin.o
                [!provide]                        PROVIDE (__fini_array_end = .)
                0x000000000800e398                _sidata = LOADADDR (.data)

.data           0x0000000020000000      0x115 load address 0x000000000800e398
                0x0000000020000000                _sdata = .
 *(.data)
 *(.data*)
 .data.data_written_spi
                0x0000000020000000        0x5 ./Core/Src/main.o
                0x0000000020000000                data_written_spi
 *fill*         0x0000000020000005        0x3 
 .data.modules_state_uint
                0x0000000020000008        0x8 ./Core/Src/main.o
                0x0000000020000008                modules_state_uint
 .data.bias     0x0000000020000010       0x7c ./Core/Src/main.o
 .data.slope    0x000000002000008c       0x7c ./Core/Src/main.o
 .data.usart4_dma_ndtr_old.5
                0x0000000020000108        0x2 ./Core/Src/main.o
 *fill*         0x000000002000010a        0x2 
 .data.SystemCoreClock
                0x000000002000010c        0x4 ./Core/Src/system_stm32u5xx.o
                0x000000002000010c                SystemCoreClock
 .data.uwTickPrio
                0x0000000020000110        0x4 ./Drivers/STM32U5xx_HAL_Driver/Src/stm32u5xx_hal.o
                0x0000000020000110                uwTickPrio
 .data.uwTickFreq
                0x0000000020000114        0x1 ./Drivers/STM32U5xx_HAL_Driver/Src/stm32u5xx_hal.o
                0x0000000020000114                uwTickFreq
 *(.RamFunc)
 *(.RamFunc*)
                0x0000000020000115                _edata = .

.igot.plt       0x0000000020000118        0x0 load address 0x000000000800e4ad
 .igot.plt      0x0000000020000118        0x0 c:/st/stm32cubeide_1.10.1/stm32cubeide/plugins/com.st.stm32cube.ide.mcu.externaltools.gnu-tools-for-stm32.10.3-2021.10.win32_1.0.0.202111181127/tools/bin/../lib/gcc/arm-none-eabi/10.3.1/thumb/v8-m.main+fp/hard/crtbegin.o

.bss            0x0000000020000118      0x720 load address 0x000000000800e4ad
                0x0000000020000118                _sbss = .
                0x0000000020000118                __bss_start__ = _sbss
 *(.bss)
 .bss           0x0000000020000118       0x1c c:/st/stm32cubeide_1.10.1/stm32cubeide/plugins/com.st.stm32cube.ide.mcu.externaltools.gnu-tools-for-stm32.10.3-2021.10.win32_1.0.0.202111181127/tools/bin/../lib/gcc/arm-none-eabi/10.3.1/thumb/v8-m.main+fp/hard/crtbegin.o
 *(.bss*)
 .bss.hadc4     0x0000000020000134       0x8c ./Core/Src/main.o
                0x0000000020000134                hadc4
 .bss.hi2c1     0x00000000200001c0       0x4c ./Core/Src/main.o
                0x00000000200001c0                hi2c1
 .bss.hi2c2     0x000000002000020c       0x4c ./Core/Src/main.o
                0x000000002000020c                hi2c2
 .bss.hspi1     0x0000000020000258       0x90 ./Core/Src/main.o
                0x0000000020000258                hspi1
 .bss.htim4     0x00000000200002e8       0x4c ./Core/Src/main.o
                0x00000000200002e8                htim4
 .bss.huart4    0x0000000020000334       0x90 ./Core/Src/main.o
                0x0000000020000334                huart4
 .bss.Node_GPDMA1_Channel0
                0x00000000200003c4       0x24 ./Core/Src/main.o
                0x00000000200003c4                Node_GPDMA1_Channel0
 .bss.List_GPDMA1_Channel0
                0x00000000200003e8       0x18 ./Core/Src/main.o
                0x00000000200003e8                List_GPDMA1_Channel0
 .bss.handle_GPDMA1_Channel0
                0x0000000020000400       0x78 ./Core/Src/main.o
                0x0000000020000400                handle_GPDMA1_Channel0
 .bss.value_adc
                0x0000000020000478       0x7c ./Core/Src/main.o
                0x0000000020000478                value_adc
 .bss.uart_rx_buf
                0x00000000200004f4       0x80 ./Core/Src/main.o
                0x00000000200004f4                uart_rx_buf
 .bss.autocontrol_timeout
                0x0000000020000574        0x1 ./Core/Src/main.o
 .bss.autocontrol
                0x0000000020000575        0x1 ./Core/Src/main.o
 *fill*         0x0000000020000576        0x2 
 .bss.pressure_map
                0x0000000020000578       0x7c ./Core/Src/main.o
 .bss.average_pressure_map
                0x00000000200005f4       0x7c ./Core/Src/main.o
 .bss.previous_pressure_map
                0x0000000020000670       0x7c ./Core/Src/main.o
 .bss.modules_state
                0x00000000200006ec       0x1f ./Core/Src/main.o
 *fill*         0x000000002000070b        0x1 
 .bss.max_1     0x000000002000070c        0x4 ./Core/Src/main.o
 .bss.max_2     0x0000000020000710        0x4 ./Core/Src/main.o
 .bss.counter_average
                0x0000000020000714        0x4 ./Core/Src/main.o
 .bss.index_max_1
                0x0000000020000718        0x4 ./Core/Src/main.o
 .bss.index_max_2
                0x000000002000071c        0x4 ./Core/Src/main.o
 .bss.index_max_1_previous
                0x0000000020000720        0x4 ./Core/Src/main.o
 .bss.index_max_2_previous
                0x0000000020000724        0x4 ./Core/Src/main.o
 .bss.counter_modules_off
                0x0000000020000728        0x4 ./Core/Src/main.o
 .bss.analog_vol.7
                0x000000002000072c       0x7c ./Core/Src/main.o
 .bss.tmp.6     0x00000000200007a8       0x84 ./Core/Src/main.o
 .bss.sbuf_write.4
                0x000000002000082c        0x2 ./Core/Src/main.o
 .bss.sbuf_read.3
                0x000000002000082e        0x2 ./Core/Src/main.o
 .bss.uart_rx_state.2
                0x0000000020000830        0x1 ./Core/Src/main.o
 .bss.num.1     0x0000000020000831        0x1 ./Core/Src/main.o
 .bss.action.0  0x0000000020000832        0x1 ./Core/Src/main.o
 *fill*         0x0000000020000833        0x1 
 .bss.uwTick    0x0000000020000834        0x4 ./Drivers/STM32U5xx_HAL_Driver/Src/stm32u5xx_hal.o
                0x0000000020000834                uwTick
 *(COMMON)
                0x0000000020000838                _ebss = .
                0x0000000020000838                __bss_end__ = _ebss

._user_heap_stack
                0x0000000020000838      0x600 load address 0x000000000800e4ad
                0x0000000020000838                . = ALIGN (0x8)
                [!provide]                        PROVIDE (end = .)
                0x0000000020000838                PROVIDE (_end = .)
                0x0000000020000a38                . = (. + _Min_Heap_Size)
 *fill*         0x0000000020000838      0x200 
                0x0000000020000e38                . = (. + _Min_Stack_Size)
 *fill*         0x0000000020000a38      0x400 
                0x0000000020000e38                . = ALIGN (0x8)

/DISCARD/
 libc.a(*)
 libm.a(*)
 libgcc.a(*)

.ARM.attributes
                0x0000000000000000       0x36
 *(.ARM.attributes)
 .ARM.attributes
                0x0000000000000000       0x22 c:/st/stm32cubeide_1.10.1/stm32cubeide/plugins/com.st.stm32cube.ide.mcu.externaltools.gnu-tools-for-stm32.10.3-2021.10.win32_1.0.0.202111181127/tools/bin/../lib/gcc/arm-none-eabi/10.3.1/thumb/v8-m.main+fp/hard/crti.o
 .ARM.attributes
                0x0000000000000022       0x38 c:/st/stm32cubeide_1.10.1/stm32cubeide/plugins/com.st.stm32cube.ide.mcu.externaltools.gnu-tools-for-stm32.10.3-2021.10.win32_1.0.0.202111181127/tools/bin/../lib/gcc/arm-none-eabi/10.3.1/thumb/v8-m.main+fp/hard/crtbegin.o
 .ARM.attributes
                0x000000000000005a       0x3a ./Core/Src/main.o
 .ARM.attributes
                0x0000000000000094       0x3a ./Core/Src/stm32u5xx_hal_msp.o
 .ARM.attributes
                0x00000000000000ce       0x3a ./Core/Src/stm32u5xx_it.o
 .ARM.attributes
                0x0000000000000108       0x3a ./Core/Src/system_stm32u5xx.o
 .ARM.attributes
                0x0000000000000142       0x24 ./Core/Startup/startup_stm32u585qiix.o
 .ARM.attributes
                0x0000000000000166       0x3a ./Drivers/STM32U5xx_HAL_Driver/Src/stm32u5xx_hal.o
 .ARM.attributes
                0x00000000000001a0       0x3a ./Drivers/STM32U5xx_HAL_Driver/Src/stm32u5xx_hal_adc.o
 .ARM.attributes
                0x00000000000001da       0x3a ./Drivers/STM32U5xx_HAL_Driver/Src/stm32u5xx_hal_adc_ex.o
 .ARM.attributes
                0x0000000000000214       0x3a ./Drivers/STM32U5xx_HAL_Driver/Src/stm32u5xx_hal_cortex.o
 .ARM.attributes
                0x000000000000024e       0x3a ./Drivers/STM32U5xx_HAL_Driver/Src/stm32u5xx_hal_dma.o
 .ARM.attributes
                0x0000000000000288       0x3a ./Drivers/STM32U5xx_HAL_Driver/Src/stm32u5xx_hal_dma_ex.o
 .ARM.attributes
                0x00000000000002c2       0x3a ./Drivers/STM32U5xx_HAL_Driver/Src/stm32u5xx_hal_gpio.o
 .ARM.attributes
                0x00000000000002fc       0x3a ./Drivers/STM32U5xx_HAL_Driver/Src/stm32u5xx_hal_i2c.o
 .ARM.attributes
                0x0000000000000336       0x3a ./Drivers/STM32U5xx_HAL_Driver/Src/stm32u5xx_hal_i2c_ex.o
 .ARM.attributes
                0x0000000000000370       0x3a ./Drivers/STM32U5xx_HAL_Driver/Src/stm32u5xx_hal_icache.o
 .ARM.attributes
                0x00000000000003aa       0x3a ./Drivers/STM32U5xx_HAL_Driver/Src/stm32u5xx_hal_pwr_ex.o
 .ARM.attributes
                0x00000000000003e4       0x3a ./Drivers/STM32U5xx_HAL_Driver/Src/stm32u5xx_hal_rcc.o
 .ARM.attributes
                0x000000000000041e       0x3a ./Drivers/STM32U5xx_HAL_Driver/Src/stm32u5xx_hal_rcc_ex.o
 .ARM.attributes
                0x0000000000000458       0x3a ./Drivers/STM32U5xx_HAL_Driver/Src/stm32u5xx_hal_spi.o
 .ARM.attributes
                0x0000000000000492       0x3a ./Drivers/STM32U5xx_HAL_Driver/Src/stm32u5xx_hal_spi_ex.o
 .ARM.attributes
                0x00000000000004cc       0x3a ./Drivers/STM32U5xx_HAL_Driver/Src/stm32u5xx_hal_tim.o
 .ARM.attributes
                0x0000000000000506       0x3a ./Drivers/STM32U5xx_HAL_Driver/Src/stm32u5xx_hal_tim_ex.o
 .ARM.attributes
                0x0000000000000540       0x3a ./Drivers/STM32U5xx_HAL_Driver/Src/stm32u5xx_hal_uart.o
 .ARM.attributes
                0x000000000000057a       0x3a ./Drivers/STM32U5xx_HAL_Driver/Src/stm32u5xx_hal_uart_ex.o
 .ARM.attributes
                0x00000000000005b4       0x38 c:/st/stm32cubeide_1.10.1/stm32cubeide/plugins/com.st.stm32cube.ide.mcu.externaltools.gnu-tools-for-stm32.10.3-2021.10.win32_1.0.0.202111181127/tools/bin/../lib/gcc/arm-none-eabi/10.3.1/../../../../arm-none-eabi/lib/thumb/v8-m.main+fp/hard\libc_nano.a(lib_a-init.o)
 .ARM.attributes
                0x00000000000005ec       0x38 c:/st/stm32cubeide_1.10.1/stm32cubeide/plugins/com.st.stm32cube.ide.mcu.externaltools.gnu-tools-for-stm32.10.3-2021.10.win32_1.0.0.202111181127/tools/bin/../lib/gcc/arm-none-eabi/10.3.1/../../../../arm-none-eabi/lib/thumb/v8-m.main+fp/hard\libc_nano.a(lib_a-memset.o)
 .ARM.attributes
                0x0000000000000624       0x22 c:/st/stm32cubeide_1.10.1/stm32cubeide/plugins/com.st.stm32cube.ide.mcu.externaltools.gnu-tools-for-stm32.10.3-2021.10.win32_1.0.0.202111181127/tools/bin/../lib/gcc/arm-none-eabi/10.3.1/thumb/v8-m.main+fp/hard\libgcc.a(_arm_addsubdf3.o)
 .ARM.attributes
                0x0000000000000646       0x22 c:/st/stm32cubeide_1.10.1/stm32cubeide/plugins/com.st.stm32cube.ide.mcu.externaltools.gnu-tools-for-stm32.10.3-2021.10.win32_1.0.0.202111181127/tools/bin/../lib/gcc/arm-none-eabi/10.3.1/thumb/v8-m.main+fp/hard\libgcc.a(_arm_muldivdf3.o)
 .ARM.attributes
                0x0000000000000668       0x22 c:/st/stm32cubeide_1.10.1/stm32cubeide/plugins/com.st.stm32cube.ide.mcu.externaltools.gnu-tools-for-stm32.10.3-2021.10.win32_1.0.0.202111181127/tools/bin/../lib/gcc/arm-none-eabi/10.3.1/thumb/v8-m.main+fp/hard\libgcc.a(_arm_truncdfsf2.o)
 .ARM.attributes
                0x000000000000068a       0x22 c:/st/stm32cubeide_1.10.1/stm32cubeide/plugins/com.st.stm32cube.ide.mcu.externaltools.gnu-tools-for-stm32.10.3-2021.10.win32_1.0.0.202111181127/tools/bin/../lib/gcc/arm-none-eabi/10.3.1/thumb/v8-m.main+fp/hard\libgcc.a(_aeabi_uldivmod.o)
 .ARM.attributes
                0x00000000000006ac       0x38 c:/st/stm32cubeide_1.10.1/stm32cubeide/plugins/com.st.stm32cube.ide.mcu.externaltools.gnu-tools-for-stm32.10.3-2021.10.win32_1.0.0.202111181127/tools/bin/../lib/gcc/arm-none-eabi/10.3.1/thumb/v8-m.main+fp/hard\libgcc.a(_udivmoddi4.o)
 .ARM.attributes
                0x00000000000006e4       0x22 c:/st/stm32cubeide_1.10.1/stm32cubeide/plugins/com.st.stm32cube.ide.mcu.externaltools.gnu-tools-for-stm32.10.3-2021.10.win32_1.0.0.202111181127/tools/bin/../lib/gcc/arm-none-eabi/10.3.1/thumb/v8-m.main+fp/hard\libgcc.a(_dvmd_tls.o)
 .ARM.attributes
                0x0000000000000706       0x22 c:/st/stm32cubeide_1.10.1/stm32cubeide/plugins/com.st.stm32cube.ide.mcu.externaltools.gnu-tools-for-stm32.10.3-2021.10.win32_1.0.0.202111181127/tools/bin/../lib/gcc/arm-none-eabi/10.3.1/thumb/v8-m.main+fp/hard/crtn.o
OUTPUT(S43_MANUAL.elf elf32-littlearm)
LOAD linker stubs
LOAD c:/st/stm32cubeide_1.10.1/stm32cubeide/plugins/com.st.stm32cube.ide.mcu.externaltools.gnu-tools-for-stm32.10.3-2021.10.win32_1.0.0.202111181127/tools/bin/../lib/gcc/arm-none-eabi/10.3.1/../../../../arm-none-eabi/lib/thumb/v8-m.main+fp/hard\libc.a
LOAD c:/st/stm32cubeide_1.10.1/stm32cubeide/plugins/com.st.stm32cube.ide.mcu.externaltools.gnu-tools-for-stm32.10.3-2021.10.win32_1.0.0.202111181127/tools/bin/../lib/gcc/arm-none-eabi/10.3.1/../../../../arm-none-eabi/lib/thumb/v8-m.main+fp/hard\libm.a
LOAD c:/st/stm32cubeide_1.10.1/stm32cubeide/plugins/com.st.stm32cube.ide.mcu.externaltools.gnu-tools-for-stm32.10.3-2021.10.win32_1.0.0.202111181127/tools/bin/../lib/gcc/arm-none-eabi/10.3.1/thumb/v8-m.main+fp/hard\libgcc.a

.debug_info     0x0000000000000000    0x24880
 .debug_info    0x0000000000000000     0x33c1 ./Core/Src/main.o
 .debug_info    0x00000000000033c1     0x2a86 ./Core/Src/stm32u5xx_hal_msp.o
 .debug_info    0x0000000000005e47     0x1364 ./Core/Src/stm32u5xx_it.o
 .debug_info    0x00000000000071ab      0x8f2 ./Core/Src/system_stm32u5xx.o
 .debug_info    0x0000000000007a9d       0x22 ./Core/Startup/startup_stm32u585qiix.o
 .debug_info    0x0000000000007abf     0x11d3 ./Drivers/STM32U5xx_HAL_Driver/Src/stm32u5xx_hal.o
 .debug_info    0x0000000000008c92     0x2407 ./Drivers/STM32U5xx_HAL_Driver/Src/stm32u5xx_hal_adc.o
 .debug_info    0x000000000000b099     0x1c99 ./Drivers/STM32U5xx_HAL_Driver/Src/stm32u5xx_hal_adc_ex.o
 .debug_info    0x000000000000cd32     0x15d7 ./Drivers/STM32U5xx_HAL_Driver/Src/stm32u5xx_hal_cortex.o
 .debug_info    0x000000000000e309      0xb5c ./Drivers/STM32U5xx_HAL_Driver/Src/stm32u5xx_hal_dma.o
 .debug_info    0x000000000000ee65     0x1a58 ./Drivers/STM32U5xx_HAL_Driver/Src/stm32u5xx_hal_dma_ex.o
 .debug_info    0x00000000000108bd      0x880 ./Drivers/STM32U5xx_HAL_Driver/Src/stm32u5xx_hal_gpio.o
 .debug_info    0x000000000001113d     0x246e ./Drivers/STM32U5xx_HAL_Driver/Src/stm32u5xx_hal_i2c.o
 .debug_info    0x00000000000135ab      0xa5b ./Drivers/STM32U5xx_HAL_Driver/Src/stm32u5xx_hal_i2c_ex.o
 .debug_info    0x0000000000014006      0x592 ./Drivers/STM32U5xx_HAL_Driver/Src/stm32u5xx_hal_icache.o
 .debug_info    0x0000000000014598      0xe83 ./Drivers/STM32U5xx_HAL_Driver/Src/stm32u5xx_hal_pwr_ex.o
 .debug_info    0x000000000001541b     0x1392 ./Drivers/STM32U5xx_HAL_Driver/Src/stm32u5xx_hal_rcc.o
 .debug_info    0x00000000000167ad     0x163d ./Drivers/STM32U5xx_HAL_Driver/Src/stm32u5xx_hal_rcc_ex.o
 .debug_info    0x0000000000017dea     0x1740 ./Drivers/STM32U5xx_HAL_Driver/Src/stm32u5xx_hal_spi.o
 .debug_info    0x000000000001952a      0xafa ./Drivers/STM32U5xx_HAL_Driver/Src/stm32u5xx_hal_spi_ex.o
 .debug_info    0x000000000001a024     0x309f ./Drivers/STM32U5xx_HAL_Driver/Src/stm32u5xx_hal_tim.o
 .debug_info    0x000000000001d0c3     0x2461 ./Drivers/STM32U5xx_HAL_Driver/Src/stm32u5xx_hal_tim_ex.o
 .debug_info    0x000000000001f524     0x4112 ./Drivers/STM32U5xx_HAL_Driver/Src/stm32u5xx_hal_uart.o
 .debug_info    0x0000000000023636     0x124a ./Drivers/STM32U5xx_HAL_Driver/Src/stm32u5xx_hal_uart_ex.o

.debug_abbrev   0x0000000000000000     0x3779
 .debug_abbrev  0x0000000000000000      0x38e ./Core/Src/main.o
 .debug_abbrev  0x000000000000038e      0x296 ./Core/Src/stm32u5xx_hal_msp.o
 .debug_abbrev  0x0000000000000624      0x1bc ./Core/Src/stm32u5xx_it.o
 .debug_abbrev  0x00000000000007e0      0x127 ./Core/Src/system_stm32u5xx.o
 .debug_abbrev  0x0000000000000907       0x12 ./Core/Startup/startup_stm32u585qiix.o
 .debug_abbrev  0x0000000000000919      0x285 ./Drivers/STM32U5xx_HAL_Driver/Src/stm32u5xx_hal.o
 .debug_abbrev  0x0000000000000b9e      0x2b9 ./Drivers/STM32U5xx_HAL_Driver/Src/stm32u5xx_hal_adc.o
 .debug_abbrev  0x0000000000000e57      0x2ea ./Drivers/STM32U5xx_HAL_Driver/Src/stm32u5xx_hal_adc_ex.o
 .debug_abbrev  0x0000000000001141      0x303 ./Drivers/STM32U5xx_HAL_Driver/Src/stm32u5xx_hal_cortex.o
 .debug_abbrev  0x0000000000001444      0x1f0 ./Drivers/STM32U5xx_HAL_Driver/Src/stm32u5xx_hal_dma.o
 .debug_abbrev  0x0000000000001634      0x20d ./Drivers/STM32U5xx_HAL_Driver/Src/stm32u5xx_hal_dma_ex.o
 .debug_abbrev  0x0000000000001841      0x246 ./Drivers/STM32U5xx_HAL_Driver/Src/stm32u5xx_hal_gpio.o
 .debug_abbrev  0x0000000000001a87      0x25c ./Drivers/STM32U5xx_HAL_Driver/Src/stm32u5xx_hal_i2c.o
 .debug_abbrev  0x0000000000001ce3      0x1a9 ./Drivers/STM32U5xx_HAL_Driver/Src/stm32u5xx_hal_i2c_ex.o
 .debug_abbrev  0x0000000000001e8c      0x22f ./Drivers/STM32U5xx_HAL_Driver/Src/stm32u5xx_hal_icache.o
 .debug_abbrev  0x00000000000020bb      0x20d ./Drivers/STM32U5xx_HAL_Driver/Src/stm32u5xx_hal_pwr_ex.o
 .debug_abbrev  0x00000000000022c8      0x2b9 ./Drivers/STM32U5xx_HAL_Driver/Src/stm32u5xx_hal_rcc.o
 .debug_abbrev  0x0000000000002581      0x299 ./Drivers/STM32U5xx_HAL_Driver/Src/stm32u5xx_hal_rcc_ex.o
 .debug_abbrev  0x000000000000281a      0x2a2 ./Drivers/STM32U5xx_HAL_Driver/Src/stm32u5xx_hal_spi.o
 .debug_abbrev  0x0000000000002abc      0x1af ./Drivers/STM32U5xx_HAL_Driver/Src/stm32u5xx_hal_spi_ex.o
 .debug_abbrev  0x0000000000002c6b      0x2a6 ./Drivers/STM32U5xx_HAL_Driver/Src/stm32u5xx_hal_tim.o
 .debug_abbrev  0x0000000000002f11      0x2bb ./Drivers/STM32U5xx_HAL_Driver/Src/stm32u5xx_hal_tim_ex.o
 .debug_abbrev  0x00000000000031cc      0x2f0 ./Drivers/STM32U5xx_HAL_Driver/Src/stm32u5xx_hal_uart.o
 .debug_abbrev  0x00000000000034bc      0x2bd ./Drivers/STM32U5xx_HAL_Driver/Src/stm32u5xx_hal_uart_ex.o

.debug_aranges  0x0000000000000000     0x1d68
 .debug_aranges
                0x0000000000000000       0xf0 ./Core/Src/main.o
 .debug_aranges
                0x00000000000000f0       0x70 ./Core/Src/stm32u5xx_hal_msp.o
 .debug_aranges
                0x0000000000000160       0x80 ./Core/Src/stm32u5xx_it.o
 .debug_aranges
                0x00000000000001e0       0x28 ./Core/Src/system_stm32u5xx.o
 .debug_aranges
                0x0000000000000208       0x28 ./Core/Startup/startup_stm32u585qiix.o
 .debug_aranges
                0x0000000000000230      0x120 ./Drivers/STM32U5xx_HAL_Driver/Src/stm32u5xx_hal.o
 .debug_aranges
                0x0000000000000350      0x240 ./Drivers/STM32U5xx_HAL_Driver/Src/stm32u5xx_hal_adc.o
 .debug_aranges
                0x0000000000000590      0x170 ./Drivers/STM32U5xx_HAL_Driver/Src/stm32u5xx_hal_adc_ex.o
 .debug_aranges
                0x0000000000000700      0x130 ./Drivers/STM32U5xx_HAL_Driver/Src/stm32u5xx_hal_cortex.o
 .debug_aranges
                0x0000000000000830       0xa0 ./Drivers/STM32U5xx_HAL_Driver/Src/stm32u5xx_hal_dma.o
 .debug_aranges
                0x00000000000008d0      0x1a0 ./Drivers/STM32U5xx_HAL_Driver/Src/stm32u5xx_hal_dma_ex.o
 .debug_aranges
                0x0000000000000a70       0x70 ./Drivers/STM32U5xx_HAL_Driver/Src/stm32u5xx_hal_gpio.o
 .debug_aranges
                0x0000000000000ae0      0x290 ./Drivers/STM32U5xx_HAL_Driver/Src/stm32u5xx_hal_i2c.o
 .debug_aranges
                0x0000000000000d70       0x58 ./Drivers/STM32U5xx_HAL_Driver/Src/stm32u5xx_hal_i2c_ex.o
 .debug_aranges
                0x0000000000000dc8       0xa8 ./Drivers/STM32U5xx_HAL_Driver/Src/stm32u5xx_hal_icache.o
 .debug_aranges
                0x0000000000000e70      0x200 ./Drivers/STM32U5xx_HAL_Driver/Src/stm32u5xx_hal_pwr_ex.o
 .debug_aranges
                0x0000000000001070       0xa8 ./Drivers/STM32U5xx_HAL_Driver/Src/stm32u5xx_hal_rcc.o
 .debug_aranges
                0x0000000000001118      0x138 ./Drivers/STM32U5xx_HAL_Driver/Src/stm32u5xx_hal_rcc_ex.o
 .debug_aranges
                0x0000000000001250      0x1a0 ./Drivers/STM32U5xx_HAL_Driver/Src/stm32u5xx_hal_spi.o
 .debug_aranges
                0x00000000000013f0       0x48 ./Drivers/STM32U5xx_HAL_Driver/Src/stm32u5xx_hal_spi_ex.o
 .debug_aranges
                0x0000000000001438      0x3e8 ./Drivers/STM32U5xx_HAL_Driver/Src/stm32u5xx_hal_tim.o
 .debug_aranges
                0x0000000000001820      0x250 ./Drivers/STM32U5xx_HAL_Driver/Src/stm32u5xx_hal_tim_ex.o
 .debug_aranges
                0x0000000000001a70      0x248 ./Drivers/STM32U5xx_HAL_Driver/Src/stm32u5xx_hal_uart.o
 .debug_aranges
                0x0000000000001cb8       0xb0 ./Drivers/STM32U5xx_HAL_Driver/Src/stm32u5xx_hal_uart_ex.o

.debug_ranges   0x0000000000000000     0x1c20
 .debug_ranges  0x0000000000000000       0xe0 ./Core/Src/main.o
 .debug_ranges  0x00000000000000e0       0x60 ./Core/Src/stm32u5xx_hal_msp.o
 .debug_ranges  0x0000000000000140       0x70 ./Core/Src/stm32u5xx_it.o
 .debug_ranges  0x00000000000001b0       0x18 ./Core/Src/system_stm32u5xx.o
 .debug_ranges  0x00000000000001c8       0x20 ./Core/Startup/startup_stm32u585qiix.o
 .debug_ranges  0x00000000000001e8      0x110 ./Drivers/STM32U5xx_HAL_Driver/Src/stm32u5xx_hal.o
 .debug_ranges  0x00000000000002f8      0x230 ./Drivers/STM32U5xx_HAL_Driver/Src/stm32u5xx_hal_adc.o
 .debug_ranges  0x0000000000000528      0x160 ./Drivers/STM32U5xx_HAL_Driver/Src/stm32u5xx_hal_adc_ex.o
 .debug_ranges  0x0000000000000688      0x120 ./Drivers/STM32U5xx_HAL_Driver/Src/stm32u5xx_hal_cortex.o
 .debug_ranges  0x00000000000007a8       0x90 ./Drivers/STM32U5xx_HAL_Driver/Src/stm32u5xx_hal_dma.o
 .debug_ranges  0x0000000000000838      0x190 ./Drivers/STM32U5xx_HAL_Driver/Src/stm32u5xx_hal_dma_ex.o
 .debug_ranges  0x00000000000009c8       0x60 ./Drivers/STM32U5xx_HAL_Driver/Src/stm32u5xx_hal_gpio.o
 .debug_ranges  0x0000000000000a28      0x280 ./Drivers/STM32U5xx_HAL_Driver/Src/stm32u5xx_hal_i2c.o
 .debug_ranges  0x0000000000000ca8       0x48 ./Drivers/STM32U5xx_HAL_Driver/Src/stm32u5xx_hal_i2c_ex.o
 .debug_ranges  0x0000000000000cf0       0x98 ./Drivers/STM32U5xx_HAL_Driver/Src/stm32u5xx_hal_icache.o
 .debug_ranges  0x0000000000000d88      0x1f0 ./Drivers/STM32U5xx_HAL_Driver/Src/stm32u5xx_hal_pwr_ex.o
 .debug_ranges  0x0000000000000f78       0x98 ./Drivers/STM32U5xx_HAL_Driver/Src/stm32u5xx_hal_rcc.o
 .debug_ranges  0x0000000000001010      0x128 ./Drivers/STM32U5xx_HAL_Driver/Src/stm32u5xx_hal_rcc_ex.o
 .debug_ranges  0x0000000000001138      0x190 ./Drivers/STM32U5xx_HAL_Driver/Src/stm32u5xx_hal_spi.o
 .debug_ranges  0x00000000000012c8       0x38 ./Drivers/STM32U5xx_HAL_Driver/Src/stm32u5xx_hal_spi_ex.o
 .debug_ranges  0x0000000000001300      0x3d8 ./Drivers/STM32U5xx_HAL_Driver/Src/stm32u5xx_hal_tim.o
 .debug_ranges  0x00000000000016d8      0x240 ./Drivers/STM32U5xx_HAL_Driver/Src/stm32u5xx_hal_tim_ex.o
 .debug_ranges  0x0000000000001918      0x268 ./Drivers/STM32U5xx_HAL_Driver/Src/stm32u5xx_hal_uart.o
 .debug_ranges  0x0000000000001b80       0xa0 ./Drivers/STM32U5xx_HAL_Driver/Src/stm32u5xx_hal_uart_ex.o

.debug_macro    0x0000000000000000    0x37541
 .debug_macro   0x0000000000000000      0x317 ./Core/Src/main.o
 .debug_macro   0x0000000000000317      0xa7e ./Core/Src/main.o
 .debug_macro   0x0000000000000d95      0x1f1 ./Core/Src/main.o
 .debug_macro   0x0000000000000f86       0x2e ./Core/Src/main.o
 .debug_macro   0x0000000000000fb4       0x42 ./Core/Src/main.o
 .debug_macro   0x0000000000000ff6       0x22 ./Core/Src/main.o
 .debug_macro   0x0000000000001018       0x8e ./Core/Src/main.o
 .debug_macro   0x00000000000010a6       0x51 ./Core/Src/main.o
 .debug_macro   0x00000000000010f7      0x103 ./Core/Src/main.o
 .debug_macro   0x00000000000011fa       0x6a ./Core/Src/main.o
 .debug_macro   0x0000000000001264      0x1df ./Core/Src/main.o
 .debug_macro   0x0000000000001443       0x1c ./Core/Src/main.o
 .debug_macro   0x000000000000145f       0x29 ./Core/Src/main.o
 .debug_macro   0x0000000000001488       0xfb ./Core/Src/main.o
 .debug_macro   0x0000000000001583     0x1336 ./Core/Src/main.o
 .debug_macro   0x00000000000028b9       0x5e ./Core/Src/main.o
 .debug_macro   0x0000000000002917    0x2389c ./Core/Src/main.o
 .debug_macro   0x00000000000261b3       0x6d ./Core/Src/main.o
 .debug_macro   0x0000000000026220     0x3794 ./Core/Src/main.o
 .debug_macro   0x00000000000299b4      0x174 ./Core/Src/main.o
 .debug_macro   0x0000000000029b28       0x52 ./Core/Src/main.o
 .debug_macro   0x0000000000029b7a       0x1e ./Core/Src/main.o
 .debug_macro   0x0000000000029b98       0x3c ./Core/Src/main.o
 .debug_macro   0x0000000000029bd4       0x34 ./Core/Src/main.o
 .debug_macro   0x0000000000029c08       0x16 ./Core/Src/main.o
 .debug_macro   0x0000000000029c1e       0x43 ./Core/Src/main.o
 .debug_macro   0x0000000000029c61       0x34 ./Core/Src/main.o
 .debug_macro   0x0000000000029c95       0x10 ./Core/Src/main.o
 .debug_macro   0x0000000000029ca5       0x58 ./Core/Src/main.o
 .debug_macro   0x0000000000029cfd       0x71 ./Core/Src/main.o
 .debug_macro   0x0000000000029d6e       0x1c ./Core/Src/main.o
 .debug_macro   0x0000000000029d8a      0x12a ./Core/Src/main.o
 .debug_macro   0x0000000000029eb4      0x341 ./Core/Src/main.o
 .debug_macro   0x000000000002a1f5      0x19b ./Core/Src/main.o
 .debug_macro   0x000000000002a390       0x5d ./Core/Src/main.o
 .debug_macro   0x000000000002a3ed     0x1bef ./Core/Src/main.o
 .debug_macro   0x000000000002bfdc      0x7ff ./Core/Src/main.o
 .debug_macro   0x000000000002c7db      0x158 ./Core/Src/main.o
 .debug_macro   0x000000000002c933      0x2aa ./Core/Src/main.o
 .debug_macro   0x000000000002cbdd       0xc8 ./Core/Src/main.o
 .debug_macro   0x000000000002cca5      0x5a5 ./Core/Src/main.o
 .debug_macro   0x000000000002d24a      0x432 ./Core/Src/main.o
 .debug_macro   0x000000000002d67c       0xd6 ./Core/Src/main.o
 .debug_macro   0x000000000002d752      0x1cd ./Core/Src/main.o
 .debug_macro   0x000000000002d91f     0x1406 ./Core/Src/main.o
 .debug_macro   0x000000000002ed25      0x92d ./Core/Src/main.o
 .debug_macro   0x000000000002f652      0x2bf ./Core/Src/main.o
 .debug_macro   0x000000000002f911      0x432 ./Core/Src/main.o
 .debug_macro   0x000000000002fd43       0x95 ./Core/Src/main.o
 .debug_macro   0x000000000002fdd8      0x11c ./Core/Src/main.o
 .debug_macro   0x000000000002fef4      0x23a ./Core/Src/main.o
 .debug_macro   0x000000000003012e      0x11c ./Core/Src/main.o
 .debug_macro   0x000000000003024a       0xa5 ./Core/Src/main.o
 .debug_macro   0x00000000000302ef      0x517 ./Core/Src/main.o
 .debug_macro   0x0000000000030806      0x4d4 ./Core/Src/main.o
 .debug_macro   0x0000000000030cda      0x5cf ./Core/Src/main.o
 .debug_macro   0x00000000000312a9       0xf4 ./Core/Src/main.o
 .debug_macro   0x000000000003139d       0xba ./Core/Src/main.o
 .debug_macro   0x0000000000031457      0xbc5 ./Core/Src/main.o
 .debug_macro   0x000000000003201c      0x4ea ./Core/Src/main.o
 .debug_macro   0x0000000000032506      0x662 ./Core/Src/main.o
 .debug_macro   0x0000000000032b68      0x1a1 ./Core/Src/main.o
 .debug_macro   0x0000000000032d09      0x1b7 ./Core/Src/main.o
 .debug_macro   0x0000000000032ec0      0x361 ./Core/Src/main.o
 .debug_macro   0x0000000000033221      0x130 ./Core/Src/main.o
 .debug_macro   0x0000000000033351      0x2db ./Core/Src/stm32u5xx_hal_msp.o
 .debug_macro   0x000000000003362c      0x2e5 ./Core/Src/stm32u5xx_it.o
 .debug_macro   0x0000000000033911      0x2d3 ./Core/Src/system_stm32u5xx.o
 .debug_macro   0x0000000000033be4      0x2f0 ./Drivers/STM32U5xx_HAL_Driver/Src/stm32u5xx_hal.o
 .debug_macro   0x0000000000033ed4      0x2f0 ./Drivers/STM32U5xx_HAL_Driver/Src/stm32u5xx_hal_adc.o
 .debug_macro   0x00000000000341c4      0x2d8 ./Drivers/STM32U5xx_HAL_Driver/Src/stm32u5xx_hal_adc_ex.o
 .debug_macro   0x000000000003449c      0x2cc ./Drivers/STM32U5xx_HAL_Driver/Src/stm32u5xx_hal_cortex.o
 .debug_macro   0x0000000000034768      0x2cd ./Drivers/STM32U5xx_HAL_Driver/Src/stm32u5xx_hal_dma.o
 .debug_macro   0x0000000000034a35      0x2cd ./Drivers/STM32U5xx_HAL_Driver/Src/stm32u5xx_hal_dma_ex.o
 .debug_macro   0x0000000000034d02      0x2fe ./Drivers/STM32U5xx_HAL_Driver/Src/stm32u5xx_hal_gpio.o
 .debug_macro   0x0000000000035000      0x398 ./Drivers/STM32U5xx_HAL_Driver/Src/stm32u5xx_hal_i2c.o
 .debug_macro   0x0000000000035398      0x2cc ./Drivers/STM32U5xx_HAL_Driver/Src/stm32u5xx_hal_i2c_ex.o
 .debug_macro   0x0000000000035664      0x2fc ./Drivers/STM32U5xx_HAL_Driver/Src/stm32u5xx_hal_icache.o
 .debug_macro   0x0000000000035960      0x2f7 ./Drivers/STM32U5xx_HAL_Driver/Src/stm32u5xx_hal_pwr_ex.o
 .debug_macro   0x0000000000035c57      0x3cc ./Drivers/STM32U5xx_HAL_Driver/Src/stm32u5xx_hal_rcc.o
 .debug_macro   0x0000000000036023      0x402 ./Drivers/STM32U5xx_HAL_Driver/Src/stm32u5xx_hal_rcc_ex.o
 .debug_macro   0x0000000000036425      0x2db ./Drivers/STM32U5xx_HAL_Driver/Src/stm32u5xx_hal_spi.o
 .debug_macro   0x0000000000036700      0x2cc ./Drivers/STM32U5xx_HAL_Driver/Src/stm32u5xx_hal_spi_ex.o
 .debug_macro   0x00000000000369cc      0x2d4 ./Drivers/STM32U5xx_HAL_Driver/Src/stm32u5xx_hal_tim.o
 .debug_macro   0x0000000000036ca0      0x2d2 ./Drivers/STM32U5xx_HAL_Driver/Src/stm32u5xx_hal_tim_ex.o
 .debug_macro   0x0000000000036f72      0x2f7 ./Drivers/STM32U5xx_HAL_Driver/Src/stm32u5xx_hal_uart.o
 .debug_macro   0x0000000000037269      0x2d8 ./Drivers/STM32U5xx_HAL_Driver/Src/stm32u5xx_hal_uart_ex.o

.debug_line     0x0000000000000000    0x2520d
 .debug_line    0x0000000000000000     0x1368 ./Core/Src/main.o
 .debug_line    0x0000000000001368      0xb3a ./Core/Src/stm32u5xx_hal_msp.o
 .debug_line    0x0000000000001ea2      0x9d1 ./Core/Src/stm32u5xx_it.o
 .debug_line    0x0000000000002873      0x9a7 ./Core/Src/system_stm32u5xx.o
 .debug_line    0x000000000000321a       0x85 ./Core/Startup/startup_stm32u585qiix.o
 .debug_line    0x000000000000329f      0xc71 ./Drivers/STM32U5xx_HAL_Driver/Src/stm32u5xx_hal.o
 .debug_line    0x0000000000003f10     0x25f2 ./Drivers/STM32U5xx_HAL_Driver/Src/stm32u5xx_hal_adc.o
 .debug_line    0x0000000000006502     0x1830 ./Drivers/STM32U5xx_HAL_Driver/Src/stm32u5xx_hal_adc_ex.o
 .debug_line    0x0000000000007d32      0xeb6 ./Drivers/STM32U5xx_HAL_Driver/Src/stm32u5xx_hal_cortex.o
 .debug_line    0x0000000000008be8     0x1304 ./Drivers/STM32U5xx_HAL_Driver/Src/stm32u5xx_hal_dma.o
 .debug_line    0x0000000000009eec     0x281f ./Drivers/STM32U5xx_HAL_Driver/Src/stm32u5xx_hal_dma_ex.o
 .debug_line    0x000000000000c70b      0xdfb ./Drivers/STM32U5xx_HAL_Driver/Src/stm32u5xx_hal_gpio.o
 .debug_line    0x000000000000d506     0x3934 ./Drivers/STM32U5xx_HAL_Driver/Src/stm32u5xx_hal_i2c.o
 .debug_line    0x0000000000010e3a      0xbf7 ./Drivers/STM32U5xx_HAL_Driver/Src/stm32u5xx_hal_i2c_ex.o
 .debug_line    0x0000000000011a31      0xb99 ./Drivers/STM32U5xx_HAL_Driver/Src/stm32u5xx_hal_icache.o