Archive member included to satisfy reference by file (symbol)

d:/st/stm32cubeide_1.4.0/stm32cubeide/plugins/com.st.stm32cube.ide.mcu.externaltools.gnu-tools-for-stm32.10.3-2021.10.win32_1.0.0.202111181127/tools/bin/../lib/gcc/arm-none-eabi/10.3.1/../../../../arm-none-eabi/lib/thumb/v8-m.main+fp/hard\libc_nano.a(lib_a-errno.o)
                              ./Core/Src/syscalls.o (__errno)
d:/st/stm32cubeide_1.4.0/stm32cubeide/plugins/com.st.stm32cube.ide.mcu.externaltools.gnu-tools-for-stm32.10.3-2021.10.win32_1.0.0.202111181127/tools/bin/../lib/gcc/arm-none-eabi/10.3.1/../../../../arm-none-eabi/lib/thumb/v8-m.main+fp/hard\libc_nano.a(lib_a-exit.o)
                              d:/st/stm32cubeide_1.4.0/stm32cubeide/plugins/com.st.stm32cube.ide.mcu.externaltools.gnu-tools-for-stm32.10.3-2021.10.win32_1.0.0.202111181127/tools/bin/../lib/gcc/arm-none-eabi/10.3.1/../../../../arm-none-eabi/lib/thumb/v8-m.main+fp/hard/crt0.o (exit)
d:/st/stm32cubeide_1.4.0/stm32cubeide/plugins/com.st.stm32cube.ide.mcu.externaltools.gnu-tools-for-stm32.10.3-2021.10.win32_1.0.0.202111181127/tools/bin/../lib/gcc/arm-none-eabi/10.3.1/../../../../arm-none-eabi/lib/thumb/v8-m.main+fp/hard\libc_nano.a(lib_a-impure.o)
                              d:/st/stm32cubeide_1.4.0/stm32cubeide/plugins/com.st.stm32cube.ide.mcu.externaltools.gnu-tools-for-stm32.10.3-2021.10.win32_1.0.0.202111181127/tools/bin/../lib/gcc/arm-none-eabi/10.3.1/../../../../arm-none-eabi/lib/thumb/v8-m.main+fp/hard\libc_nano.a(lib_a-exit.o) (_global_impure_ptr)
d:/st/stm32cubeide_1.4.0/stm32cubeide/plugins/com.st.stm32cube.ide.mcu.externaltools.gnu-tools-for-stm32.10.3-2021.10.win32_1.0.0.202111181127/tools/bin/../lib/gcc/arm-none-eabi/10.3.1/../../../../arm-none-eabi/lib/thumb/v8-m.main+fp/hard\libc_nano.a(lib_a-init.o)
                              d:/st/stm32cubeide_1.4.0/stm32cubeide/plugins/com.st.stm32cube.ide.mcu.externaltools.gnu-tools-for-stm32.10.3-2021.10.win32_1.0.0.202111181127/tools/bin/../lib/gcc/arm-none-eabi/10.3.1/../../../../arm-none-eabi/lib/thumb/v8-m.main+fp/hard/crt0.o (__libc_init_array)
d:/st/stm32cubeide_1.4.0/stm32cubeide/plugins/com.st.stm32cube.ide.mcu.externaltools.gnu-tools-for-stm32.10.3-2021.10.win32_1.0.0.202111181127/tools/bin/../lib/gcc/arm-none-eabi/10.3.1/../../../../arm-none-eabi/lib/thumb/v8-m.main+fp/hard\libc_nano.a(lib_a-memset.o)
                              d:/st/stm32cubeide_1.4.0/stm32cubeide/plugins/com.st.stm32cube.ide.mcu.externaltools.gnu-tools-for-stm32.10.3-2021.10.win32_1.0.0.202111181127/tools/bin/../lib/gcc/arm-none-eabi/10.3.1/../../../../arm-none-eabi/lib/thumb/v8-m.main+fp/hard/crt0.o (memset)
d:/st/stm32cubeide_1.4.0/stm32cubeide/plugins/com.st.stm32cube.ide.mcu.externaltools.gnu-tools-for-stm32.10.3-2021.10.win32_1.0.0.202111181127/tools/bin/../lib/gcc/arm-none-eabi/10.3.1/../../../../arm-none-eabi/lib/thumb/v8-m.main+fp/hard\libc_nano.a(lib_a-strcpy.o)
                              ./Core/Src/main.o (strcpy)
d:/st/stm32cubeide_1.4.0/stm32cubeide/plugins/com.st.stm32cube.ide.mcu.externaltools.gnu-tools-for-stm32.10.3-2021.10.win32_1.0.0.202111181127/tools/bin/../lib/gcc/arm-none-eabi/10.3.1/../../../../arm-none-eabi/lib/thumb/v8-m.main+fp/hard\libc_nano.a(lib_a-strlen.o)
                              ./Core/Src/main.o (strlen)
d:/st/stm32cubeide_1.4.0/stm32cubeide/plugins/com.st.stm32cube.ide.mcu.externaltools.gnu-tools-for-stm32.10.3-2021.10.win32_1.0.0.202111181127/tools/bin/../lib/gcc/arm-none-eabi/10.3.1/thumb/v8-m.main+fp/hard\libgcc.a(_arm_muldf3.o)
                              ./Core/Src/main.o (__aeabi_dmul)
d:/st/stm32cubeide_1.4.0/stm32cubeide/plugins/com.st.stm32cube.ide.mcu.externaltools.gnu-tools-for-stm32.10.3-2021.10.win32_1.0.0.202111181127/tools/bin/../lib/gcc/arm-none-eabi/10.3.1/thumb/v8-m.main+fp/hard\libgcc.a(_arm_addsubdf3.o)
                              ./Core/Src/main.o (__aeabi_ui2d)
d:/st/stm32cubeide_1.4.0/stm32cubeide/plugins/com.st.stm32cube.ide.mcu.externaltools.gnu-tools-for-stm32.10.3-2021.10.win32_1.0.0.202111181127/tools/bin/../lib/gcc/arm-none-eabi/10.3.1/thumb/v8-m.main+fp/hard\libgcc.a(_arm_muldivdf3.o)
                              ./Core/Src/main.o (__aeabi_ddiv)
d:/st/stm32cubeide_1.4.0/stm32cubeide/plugins/com.st.stm32cube.ide.mcu.externaltools.gnu-tools-for-stm32.10.3-2021.10.win32_1.0.0.202111181127/tools/bin/../lib/gcc/arm-none-eabi/10.3.1/thumb/v8-m.main+fp/hard\libgcc.a(_arm_truncdfsf2.o)
                              ./Core/Src/main.o (__aeabi_d2f)
d:/st/stm32cubeide_1.4.0/stm32cubeide/plugins/com.st.stm32cube.ide.mcu.externaltools.gnu-tools-for-stm32.10.3-2021.10.win32_1.0.0.202111181127/tools/bin/../lib/gcc/arm-none-eabi/10.3.1/thumb/v8-m.main+fp/hard\libgcc.a(_aeabi_uldivmod.o)
                              ./Drivers/STM32U5xx_HAL_Driver/Src/stm32u5xx_hal_uart.o (__aeabi_uldivmod)
[...]
Memory Configuration

Name             Origin             Length             Attributes
RAM              0x0000000020000000 0x00000000000c0000 xrw
SRAM4            0x0000000028000000 0x0000000000004000 xrw
FLASH            0x0000000008000000 0x0000000000200000 xr
*default*        0x0000000000000000 0xffffffffffffffff

Linker script and memory map

LOAD d:/st/stm32cubeide_1.4.0/stm32cubeide/plugins/com.st.stm32cube.ide.mcu.externaltools.gnu-tools-for-stm32.10.3-2021.10.win32_1.0.0.202111181127/tools/bin/../lib/gcc/arm-none-eabi/10.3.1/thumb/v8-m.main+fp/hard/crti.o
LOAD d:/st/stm32cubeide_1.4.0/stm32cubeide/plugins/com.st.stm32cube.ide.mcu.externaltools.gnu-tools-for-stm32.10.3-2021.10.win32_1.0.0.202111181127/tools/bin/../lib/gcc/arm-none-eabi/10.3.1/thumb/v8-m.main+fp/hard/crtbegin.o
LOAD d:/st/stm32cubeide_1.4.0/stm32cubeide/plugins/com.st.stm32cube.ide.mcu.externaltools.gnu-tools-for-stm32.10.3-2021.10.win32_1.0.0.202111181127/tools/bin/../lib/gcc/arm-none-eabi/10.3.1/../../../../arm-none-eabi/lib/thumb/v8-m.main+fp/hard/crt0.o
LOAD ./Core/Src/main.o
LOAD ./Core/Src/stm32u5xx_hal_msp.o
LOAD ./Core/Src/stm32u5xx_it.o
LOAD ./Core/Src/syscalls.o
LOAD ./Core/Src/sysmem.o
LOAD ./Core/Src/system_stm32u5xx.o
LOAD ./Core/Startup/startup_stm32u585vitx.o
LOAD ./Drivers/STM32U5xx_HAL_Driver/Src/stm32u5xx_hal.o
LOAD ./Drivers/STM32U5xx_HAL_Driver/Src/stm32u5xx_hal_adc.o
LOAD ./Drivers/STM32U5xx_HAL_Driver/Src/stm32u5xx_hal_adc_ex.o
LOAD ./Drivers/STM32U5xx_HAL_Driver/Src/stm32u5xx_hal_cortex.o
LOAD ./Drivers/STM32U5xx_HAL_Driver/Src/stm32u5xx_hal_dac.o
LOAD ./Drivers/STM32U5xx_HAL_Driver/Src/stm32u5xx_hal_dac_ex.o
LOAD ./Drivers/STM32U5xx_HAL_Driver/Src/stm32u5xx_hal_dma.o
LOAD ./Drivers/STM32U5xx_HAL_Driver/Src/stm32u5xx_hal_dma_ex.o
LOAD ./Drivers/STM32U5xx_HAL_Driver/Src/stm32u5xx_hal_exti.o
LOAD ./Drivers/STM32U5xx_HAL_Driver/Src/stm32u5xx_hal_flash.o
LOAD ./Drivers/STM32U5xx_HAL_Driver/Src/stm32u5xx_hal_flash_ex.o
LOAD ./Drivers/STM32U5xx_HAL_Driver/Src/stm32u5xx_hal_gpio.o
LOAD ./Drivers/STM32U5xx_HAL_Driver/Src/stm32u5xx_hal_gtzc.o
LOAD ./Drivers/STM32U5xx_HAL_Driver/Src/stm32u5xx_hal_i2c.o
LOAD ./Drivers/STM32U5xx_HAL_Driver/Src/stm32u5xx_hal_i2c_ex.o
LOAD ./Drivers/STM32U5xx_HAL_Driver/Src/stm32u5xx_hal_icache.o
LOAD ./Drivers/STM32U5xx_HAL_Driver/Src/stm32u5xx_hal_opamp.o
LOAD ./Drivers/STM32U5xx_HAL_Driver/Src/stm32u5xx_hal_opamp_ex.o
LOAD ./Drivers/STM32U5xx_HAL_Driver/Src/stm32u5xx_hal_pwr.o
LOAD ./Drivers/STM32U5xx_HAL_Driver/Src/stm32u5xx_hal_pwr_ex.o
LOAD ./Drivers/STM32U5xx_HAL_Driver/Src/stm32u5xx_hal_rcc.o
LOAD ./Drivers/STM32U5xx_HAL_Driver/Src/stm32u5xx_hal_rcc_ex.o
LOAD ./Drivers/STM32U5xx_HAL_Driver/Src/stm32u5xx_hal_tim.o
LOAD ./Drivers/STM32U5xx_HAL_Driver/Src/stm32u5xx_hal_tim_ex.o
LOAD ./Drivers/STM32U5xx_HAL_Driver/Src/stm32u5xx_hal_uart.o
LOAD ./Drivers/STM32U5xx_HAL_Driver/Src/stm32u5xx_hal_uart_ex.o
START GROUP
LOAD d:/st/stm32cubeide_1.4.0/stm32cubeide/plugins/com.st.stm32cube.ide.mcu.externaltools.gnu-tools-for-stm32.10.3-2021.10.win32_1.0.0.202111181127/tools/bin/../lib/gcc/arm-none-eabi/10.3.1/../../../../arm-none-eabi/lib/thumb/v8-m.main+fp/hard\libc_nano.a
LOAD d:/st/stm32cubeide_1.4.0/stm32cubeide/plugins/com.st.stm32cube.ide.mcu.externaltools.gnu-tools-for-stm32.10.3-2021.10.win32_1.0.0.202111181127/tools/bin/../lib/gcc/arm-none-eabi/10.3.1/../../../../arm-none-eabi/lib/thumb/v8-m.main+fp/hard\libm.a
END GROUP
START GROUP
LOAD d:/st/stm32cubeide_1.4.0/stm32cubeide/plugins/com.st.stm32cube.ide.mcu.externaltools.gnu-tools-for-stm32.10.3-2021.10.win32_1.0.0.202111181127/tools/bin/../lib/gcc/arm-none-eabi/10.3.1/thumb/v8-m.main+fp/hard\libgcc.a
LOAD d:/st/stm32cubeide_1.4.0/stm32cubeide/plugins/com.st.stm32cube.ide.mcu.externaltools.gnu-tools-for-stm32.10.3-2021.10.win32_1.0.0.202111181127/tools/bin/../lib/gcc/arm-none-eabi/10.3.1/../../../../arm-none-eabi/lib/thumb/v8-m.main+fp/hard\libc_nano.a
END GROUP
START GROUP
LOAD d:/st/stm32cubeide_1.4.0/stm32cubeide/plugins/com.st.stm32cube.ide.mcu.externaltools.gnu-tools-for-stm32.10.3-2021.10.win32_1.0.0.202111181127/tools/bin/../lib/gcc/arm-none-eabi/10.3.1/thumb/v8-m.main+fp/hard\libgcc.a
LOAD d:/st/stm32cubeide_1.4.0/stm32cubeide/plugins/com.st.stm32cube.ide.mcu.externaltools.gnu-tools-for-stm32.10.3-2021.10.win32_1.0.0.202111181127/tools/bin/../lib/gcc/arm-none-eabi/10.3.1/../../../../arm-none-eabi/lib/thumb/v8-m.main+fp/hard\libc_nano.a
LOAD d:/st/stm32cubeide_1.4.0/stm32cubeide/plugins/com.st.stm32cube.ide.mcu.externaltools.gnu-tools-for-stm32.10.3-2021.10.win32_1.0.0.202111181127/tools/bin/../lib/gcc/arm-none-eabi/10.3.1/../../../../arm-none-eabi/lib/thumb/v8-m.main+fp/hard\libnosys.a
END GROUP
START GROUP
LOAD d:/st/stm32cubeide_1.4.0/stm32cubeide/plugins/com.st.stm32cube.ide.mcu.externaltools.gnu-tools-for-stm32.10.3-2021.10.win32_1.0.0.202111181127/tools/bin/../lib/gcc/arm-none-eabi/10.3.1/thumb/v8-m.main+fp/hard\libgcc.a
LOAD d:/st/stm32cubeide_1.4.0/stm32cubeide/plugins/com.st.stm32cube.ide.mcu.externaltools.gnu-tools-for-stm32.10.3-2021.10.win32_1.0.0.202111181127/tools/bin/../lib/gcc/arm-none-eabi/10.3.1/../../../../arm-none-eabi/lib/thumb/v8-m.main+fp/hard\libc_nano.a
LOAD d:/st/stm32cubeide_1.4.0/stm32cubeide/plugins/com.st.stm32cube.ide.mcu.externaltools.gnu-tools-for-stm32.10.3-2021.10.win32_1.0.0.202111181127/tools/bin/../lib/gcc/arm-none-eabi/10.3.1/../../../../arm-none-eabi/lib/thumb/v8-m.main+fp/hard\libnosys.a
END GROUP
LOAD d:/st/stm32cubeide_1.4.0/stm32cubeide/plugins/com.st.stm32cube.ide.mcu.externaltools.gnu-tools-for-stm32.10.3-2021.10.win32_1.0.0.202111181127/tools/bin/../lib/gcc/arm-none-eabi/10.3.1/thumb/v8-m.main+fp/hard/crtend.o
LOAD d:/st/stm32cubeide_1.4.0/stm32cubeide/plugins/com.st.stm32cube.ide.mcu.externaltools.gnu-tools-for-stm32.10.3-2021.10.win32_1.0.0.202111181127/tools/bin/../lib/gcc/arm-none-eabi/10.3.1/thumb/v8-m.main+fp/hard/crtn.o
                0x00000000200c0000                _estack = (ORIGIN (RAM) + LENGTH (RAM))
                0x0000000000000200                _Min_Heap_Size = 0x200
                0x0000000000000400                _Min_Stack_Size = 0x400

.isr_vector     0x0000000008000000      0x234
 *(.isr_vector)
 .isr_vector    0x0000000008000000      0x234 ./Core/Startup/startup_stm32u585vitx.o
                0x0000000008000000                g_pfnVectors

.text           0x0000000008000238     0xcd2c
 *(.text)
 .text          0x0000000008000238       0x40 d:/st/stm32cubeide_1.4.0/stm32cubeide/plugins/com.st.stm32cube.ide.mcu.externaltools.gnu-tools-for-stm32.10.3-2021.10.win32_1.0.0.202111181127/tools/bin/../lib/gcc/arm-none-eabi/10.3.1/thumb/v8-m.main+fp/hard/crtbegin.o
 .text          0x0000000008000278       0x10 d:/st/stm32cubeide_1.4.0/stm32cubeide/plugins/com.st.stm32cube.ide.mcu.externaltools.gnu-tools-for-stm32.10.3-2021.10.win32_1.0.0.202111181127/tools/bin/../lib/gcc/arm-none-eabi/10.3.1/../../../../arm-none-eabi/lib/thumb/v8-m.main+fp/hard\libc_nano.a(lib_a-strlen.o)
                0x0000000008000278                strlen
 .text          0x0000000008000288      0x378 d:/st/stm32cubeide_1.4.0/stm32cubeide/plugins/com.st.stm32cube.ide.mcu.externaltools.gnu-tools-for-stm32.10.3-2021.10.win32_1.0.0.202111181127/tools/bin/../lib/gcc/arm-none-eabi/10.3.1/thumb/v8-m.main+fp/hard\libgcc.a(_arm_addsubdf3.o)
                0x0000000008000288                __aeabi_drsub
                0x0000000008000290                __aeabi_dsub
                0x0000000008000290                __subdf3
                0x0000000008000294                __aeabi_dadd
                0x0000000008000294                __adddf3
                0x000000000800050c                __floatunsidf
                0x000000000800050c                __aeabi_ui2d
                0x000000000800052c                __floatsidf
                0x000000000800052c                __aeabi_i2d
                0x0000000008000550                __aeabi_f2d
                0x0000000008000550                __extendsfdf2
                0x0000000008000594                __floatundidf
                0x0000000008000594                __aeabi_ul2d
                0x00000000080005a4                __floatdidf
                0x00000000080005a4                __aeabi_l2d
 .text          0x0000000008000600      0x424 d:/st/stm32cubeide_1.4.0/stm32cubeide/plugins/com.st.stm32cube.ide.mcu.externaltools.gnu-tools-for-stm32.10.3-2021.10.win32_1.0.0.202111181127/tools/bin/../lib/gcc/arm-none-eabi/10.3.1/thumb/v8-m.main+fp/hard\libgcc.a(_arm_muldivdf3.o)
                0x0000000008000600                __aeabi_dmul
                0x0000000008000600                __muldf3
                0x0000000008000854                __divdf3
                0x0000000008000854                __aeabi_ddiv
 .text          0x0000000008000a24       0xa0 d:/st/stm32cubeide_1.4.0/stm32cubeide/plugins/com.st.stm32cube.ide.mcu.externaltools.gnu-tools-for-stm32.10.3-2021.10.win32_1.0.0.202111181127/tools/bin/../lib/gcc/arm-none-eabi/10.3.1/thumb/v8-m.main+fp/hard\libgcc.a(_arm_truncdfsf2.o)
                0x0000000008000a24                __truncdfsf2
                0x0000000008000a24                __aeabi_d2f
 .text          0x0000000008000ac4       0x30 d:/st/stm32cubeide_1.4.0/stm32cubeide/plugins/com.st.stm32cube.ide.mcu.externaltools.gnu-tools-for-stm32.10.3-2021.10.win32_1.0.0.202111181127/tools/bin/../lib/gcc/arm-none-eabi/10.3.1/thumb/v8-m.main+fp/hard\libgcc.a(_aeabi_uldivmod.o)
                0x0000000008000ac4                __aeabi_uldivmod
 .text          0x0000000008000af4      0x2ec d:/st/stm32cubeide_1.4.0/stm32cubeide/plugins/com.st.stm32cube.ide.mcu.externaltools.gnu-tools-for-stm32.10.3-2021.10.win32_1.0.0.202111181127/tools/bin/../lib/gcc/arm-none-eabi/10.3.1/thumb/v8-m.main+fp/hard\libgcc.a(_udivmoddi4.o)
                0x0000000008000af4                __udivmoddi4
 .text          0x0000000008000de0        0x4 d:/st/stm32cubeide_1.4.0/stm32cubeide/plugins/com.st.stm32cube.ide.mcu.externaltools.gnu-tools-for-stm32.10.3-2021.10.win32_1.0.0.202111181127/tools/bin/../lib/gcc/arm-none-eabi/10.3.1/thumb/v8-m.main+fp/hard\libgcc.a(_dvmd_tls.o)
                0x0000000008000de0                __aeabi_idiv0
                0x0000000008000de0                __aeabi_ldiv0
 *(.text*)
 .text.main     0x0000000008000de4      0x23c ./Core/Src/main.o
                0x0000000008000de4                main
 .text.SystemClock_Config
                0x0000000008001020       0xa6 ./Core/Src/main.o
                0x0000000008001020                SystemClock_Config
 .text.SystemPower_Config
                0x00000000080010c6        0xe ./Core/Src/main.o
 .text.MX_ADC1_Init
                0x00000000080010d4       0xdc ./Core/Src/main.o
 .text.MX_DAC1_Init
                0x00000000080011b0       0x90 ./Core/Src/main.o
 .text.MX_I2C1_Init
                0x0000000008001240       0x7c ./Core/Src/main.o
 .text.MX_I2C2_Init
                0x00000000080012bc       0x7c ./Core/Src/main.o
 .text.MX_I2C3_Init
                0x0000000008001338       0x7c ./Core/Src/main.o
 .text.MX_OPAMP1_Init
                0x00000000080013b4       0x54 ./Core/Src/main.o
 .text.MX_OPAMP2_Init
                0x0000000008001408       0x48 ./Core/Src/main.o
 .text.MX_TIM1_Init
                0x0000000008001450       0xa8 ./Core/Src/main.o
 .text.MX_TIM2_Init
                0x00000000080014f8       0xec ./Core/Src/main.o
 .text.MX_USART1_UART_Init
                0x00000000080015e4       0x98 ./Core/Src/main.o
 .text.MX_GPIO_Init
                0x000000000800167c      0x1dc ./Core/Src/main.o
 .text.read_all_sensors
                0x0000000008001858       0x70 ./Core/Src/main.o
                0x0000000008001858                read_all_sensors
 .text.create_pressure_map
                0x00000000080018c8      0x124 ./Core/Src/main.o
                0x00000000080018c8                create_pressure_map
 .text.send_to_uart
                0x00000000080019ec       0x60 ./Core/Src/main.o
                0x00000000080019ec                send_to_uart
 .text.read_uart
                0x0000000008001a4c      0x118 ./Core/Src/main.o
                0x0000000008001a4c                read_uart
 .text.select_mux_pin
                0x0000000008001b64       0x68 ./Core/Src/main.o
                0x0000000008001b64                select_mux_pin
 .text.configure_MAX77874_buck_conv
                0x0000000008001bcc       0xbc ./Core/Src/main.o
                0x0000000008001bcc                configure_MAX77874_buck_conv
 .text.find_high_pressure_spots
                0x0000000008001c88      0x114 ./Core/Src/main.o
                0x0000000008001c88                find_high_pressure_spots
 .text.control_valves
                0x0000000008001d9c      0x37c ./Core/Src/main.o
                0x0000000008001d9c                control_valves
 .text.valves_autocontrol
                0x0000000008002118       0xc0 ./Core/Src/main.o
                0x0000000008002118                valves_autocontrol
 .text.configure_bluetooth
                0x00000000080021d8       0x34 ./Core/Src/main.o
                0x00000000080021d8                configure_bluetooth
 .text.select_ADC_channel
                0x000000000800220c       0x40 ./Core/Src/main.o
                0x000000000800220c                select_ADC_channel
 .text.BM78_SetDeviceName
                0x000000000800224c       0x4c ./Core/Src/main.o
                0x000000000800224c                BM78_SetDeviceName
 .text.HAL_TIM_PeriodElapsedCallback
                0x0000000008002298       0x74 ./Core/Src/main.o
                0x0000000008002298                HAL_TIM_PeriodElapsedCallback
 .text.Error_Handler
                0x000000000800230c        0xa ./Core/Src/main.o
                0x000000000800230c                Error_Handler
 .text.HAL_MspInit
                0x0000000008002316       0x10 ./Core/Src/stm32u5xx_hal_msp.o
                0x0000000008002316                HAL_MspInit
 *fill*         0x0000000008002326        0x2 
 .text.HAL_ADC_MspInit
                0x0000000008002328       0xc8 ./Core/Src/stm32u5xx_hal_msp.o
                0x0000000008002328                HAL_ADC_MspInit
 .text.HAL_DAC_MspInit
                0x00000000080023f0       0xd0 ./Core/Src/stm32u5xx_hal_msp.o
                0x00000000080023f0                HAL_DAC_MspInit
 .text.HAL_I2C_MspInit
                0x00000000080024c0      0x27c ./Core/Src/stm32u5xx_hal_msp.o
                0x00000000080024c0                HAL_I2C_MspInit
 .text.HAL_OPAMP_MspInit
                0x000000000800273c      0x150 ./Core/Src/stm32u5xx_hal_msp.o
                0x000000000800273c                HAL_OPAMP_MspInit
 .text.HAL_TIM_Base_MspInit
                0x000000000800288c       0xbc ./Core/Src/stm32u5xx_hal_msp.o
                0x000000000800288c                HAL_TIM_Base_MspInit
 .text.HAL_UART_MspInit
                0x0000000008002948      0x11c ./Core/Src/stm32u5xx_hal_msp.o
                0x0000000008002948                HAL_UART_MspInit
 .text.NMI_Handler
                0x0000000008002a64        0x6 ./Core/Src/stm32u5xx_it.o
                0x0000000008002a64                NMI_Handler
 .text.HardFault_Handler
                0x0000000008002a6a        0x6 ./Core/Src/stm32u5xx_it.o
                0x0000000008002a6a                HardFault_Handler
 .text.MemManage_Handler
                0x0000000008002a70        0x6 ./Core/Src/stm32u5xx_it.o
                0x0000000008002a70                MemManage_Handler
 .text.BusFault_Handler
                0x0000000008002a76        0x6 ./Core/Src/stm32u5xx_it.o
                0x0000000008002a76                BusFault_Handler
 .text.UsageFault_Handler
                0x0000000008002a7c        0x6 ./Core/Src/stm32u5xx_it.o
                0x0000000008002a7c                UsageFault_Handler
 .text.SVC_Handler
                0x0000000008002a82        0xe ./Core/Src/stm32u5xx_it.o
                0x0000000008002a82                SVC_Handler
 .text.DebugMon_Handler
                0x0000000008002a90        0xe ./Core/Src/stm32u5xx_it.o
                0x0000000008002a90                DebugMon_Handler
 .text.PendSV_Handler
                0x0000000008002a9e        0xe ./Core/Src/stm32u5xx_it.o
                0x0000000008002a9e                PendSV_Handler
 .text.SysTick_Handler
                0x0000000008002aac        0xc ./Core/Src/stm32u5xx_it.o
                0x0000000008002aac                SysTick_Handler
 .text.TIM1_BRK_IRQHandler
                0x0000000008002ab8       0x14 ./Core/Src/stm32u5xx_it.o
                0x0000000008002ab8                TIM1_BRK_IRQHandler
 .text.TIM1_UP_IRQHandler
                0x0000000008002acc       0x14 ./Core/Src/stm32u5xx_it.o
                0x0000000008002acc                TIM1_UP_IRQHandler
 .text.TIM1_TRG_COM_IRQHandler
                0x0000000008002ae0       0x14 ./Core/Src/stm32u5xx_it.o
                0x0000000008002ae0                TIM1_TRG_COM_IRQHandler
 .text.TIM1_CC_IRQHandler
                0x0000000008002af4       0x14 ./Core/Src/stm32u5xx_it.o
                0x0000000008002af4                TIM1_CC_IRQHandler
 .text.TIM2_IRQHandler
                0x0000000008002b08       0x14 ./Core/Src/stm32u5xx_it.o
                0x0000000008002b08                TIM2_IRQHandler
 .text.SystemInit
                0x0000000008002b1c       0x70 ./Core/Src/system_stm32u5xx.o
                0x0000000008002b1c                SystemInit
 .text.Reset_Handler
                0x0000000008002b8c       0x50 ./Core/Startup/startup_stm32u585vitx.o
                0x0000000008002b8c                Reset_Handler
 .text.Default_Handler
                0x0000000008002bdc        0x2 ./Core/Startup/startup_stm32u585vitx.o
                0x0000000008002bdc                EXTI2_IRQHandler
                0x0000000008002bdc                TIM8_TRG_COM_IRQHandler
                0x0000000008002bdc                TIM8_CC_IRQHandler
                0x0000000008002bdc                EXTI5_IRQHandler
                0x0000000008002bdc                FLASH_S_IRQHandler
                0x0000000008002bdc                EXTI13_IRQHandler
                0x0000000008002bdc                TSC_IRQHandler
                0x0000000008002bdc                TAMP_IRQHandler
                0x0000000008002bdc                TIM6_IRQHandler
                0x0000000008002bdc                EXTI12_IRQHandler
                0x0000000008002bdc                CORDIC_IRQHandler
                0x0000000008002bdc                EXTI3_IRQHandler
                0x0000000008002bdc                LPTIM4_IRQHandler
                0x0000000008002bdc                GPDMA1_Channel5_IRQHandler
                0x0000000008002bdc                EXTI8_IRQHandler
                0x0000000008002bdc                LPTIM2_IRQHandler
                0x0000000008002bdc                I2C3_ER_IRQHandler
                0x0000000008002bdc                PWR_S3WU_IRQHandler
                0x0000000008002bdc                MDF1_FLT2_IRQHandler
                0x0000000008002bdc                LPDMA1_Channel3_IRQHandler
                0x0000000008002bdc                LPTIM3_IRQHandler
                0x0000000008002bdc                EXTI0_IRQHandler
                0x0000000008002bdc                I2C2_EV_IRQHandler
                0x0000000008002bdc                FPU_IRQHandler
                0x0000000008002bdc                GPDMA1_Channel3_IRQHandler
                0x0000000008002bdc                GPDMA1_Channel7_IRQHandler
                0x0000000008002bdc                MDF1_FLT4_IRQHandler
                0x0000000008002bdc                FDCAN1_IT1_IRQHandler
                0x0000000008002bdc                RAMCFG_IRQHandler
                0x0000000008002bdc                GPDMA1_Channel9_IRQHandler
                0x0000000008002bdc                DCACHE1_IRQHandler
                0x0000000008002bdc                SPI1_IRQHandler
                0x0000000008002bdc                OCTOSPI1_IRQHandler
                0x0000000008002bdc                GPDMA1_Channel2_IRQHandler
                0x0000000008002bdc                TIM8_UP_IRQHandler
                0x0000000008002bdc                RCC_S_IRQHandler
                0x0000000008002bdc                OCTOSPI2_IRQHandler
                0x0000000008002bdc                SAI2_IRQHandler
                0x0000000008002bdc                MDF1_FLT1_IRQHandler
                0x0000000008002bdc                ADC1_IRQHandler
                0x0000000008002bdc                PKA_IRQHandler
                0x0000000008002bdc                MDF1_FLT5_IRQHandler
                0x0000000008002bdc                EXTI15_IRQHandler
                0x0000000008002bdc                TIM17_IRQHandler
                0x0000000008002bdc                USART3_IRQHandler
                0x0000000008002bdc                RTC_IRQHandler
                0x0000000008002bdc                EXTI9_IRQHandler
                0x0000000008002bdc                UART5_IRQHandler
                0x0000000008002bdc                TIM4_IRQHandler
                0x0000000008002bdc                I2C1_EV_IRQHandler
                0x0000000008002bdc                GPDMA1_Channel12_IRQHandler
                0x0000000008002bdc                GPDMA1_Channel1_IRQHandler
                0x0000000008002bdc                TIM16_IRQHandler
                0x0000000008002bdc                GPDMA1_Channel15_IRQHandler
                0x0000000008002bdc                UART4_IRQHandler
                0x0000000008002bdc                SecureFault_Handler
                0x0000000008002bdc                TIM3_IRQHandler
                0x0000000008002bdc                RCC_IRQHandler
                0x0000000008002bdc                Default_Handler
                0x0000000008002bdc                GPDMA1_Channel8_IRQHandler
                0x0000000008002bdc                FMAC_IRQHandler
                0x0000000008002bdc                OTFDEC1_IRQHandler
                0x0000000008002bdc                GPDMA1_Channel11_IRQHandler
                0x0000000008002bdc                TIM7_IRQHandler
                0x0000000008002bdc                SDMMC1_IRQHandler
                0x0000000008002bdc                SAES_IRQHandler
                0x0000000008002bdc                TIM5_IRQHandler
                0x0000000008002bdc                UCPD1_IRQHandler
                0x0000000008002bdc                GPDMA1_Channel0_IRQHandler
                0x0000000008002bdc                TIM15_IRQHandler
                0x0000000008002bdc                I2C3_EV_IRQHandler
                0x0000000008002bdc                LPDMA1_Channel0_IRQHandler
                0x0000000008002bdc                PVD_PVM_IRQHandler
                0x0000000008002bdc                SPI2_IRQHandler
                0x0000000008002bdc                LPDMA1_Channel1_IRQHandler
                0x0000000008002bdc                EXTI14_IRQHandler
                0x0000000008002bdc                EXTI11_IRQHandler
                0x0000000008002bdc                OTFDEC2_IRQHandler
                0x0000000008002bdc                CRS_IRQHandler
                0x0000000008002bdc                GPDMA1_Channel14_IRQHandler
                0x0000000008002bdc                EXTI4_IRQHandler
                0x0000000008002bdc                RTC_S_IRQHandler
                0x0000000008002bdc                GPDMA1_Channel13_IRQHandler
                0x0000000008002bdc                RNG_IRQHandler
                0x0000000008002bdc                COMP_IRQHandler
                0x0000000008002bdc                ADC4_IRQHandler
                0x0000000008002bdc                WWDG_IRQHandler
                0x0000000008002bdc                I2C4_EV_IRQHandler
                0x0000000008002bdc                ADF1_IRQHandler
                0x0000000008002bdc                IWDG_IRQHandler
                0x0000000008002bdc                LPUART1_IRQHandler
                0x0000000008002bdc                MDF1_FLT0_IRQHandler
                0x0000000008002bdc                FDCAN1_IT0_IRQHandler
                0x0000000008002bdc                GPDMA1_Channel4_IRQHandler
                0x0000000008002bdc                EXTI7_IRQHandler
                0x0000000008002bdc                DMA2D_IRQHandler
                0x0000000008002bdc                EXTI1_IRQHandler
                0x0000000008002bdc                SDMMC2_IRQHandler
                0x0000000008002bdc                AES_IRQHandler
                0x0000000008002bdc                DAC1_IRQHandler
                0x0000000008002bdc                GTZC_IRQHandler
                0x0000000008002bdc                MDF1_FLT3_IRQHandler
                0x0000000008002bdc                USART2_IRQHandler
                0x0000000008002bdc                GPDMA1_Channel6_IRQHandler
                0x0000000008002bdc                I2C2_ER_IRQHandler
                0x0000000008002bdc                TIM8_BRK_IRQHandler
                0x0000000008002bdc                FLASH_IRQHandler
                0x0000000008002bdc                USART1_IRQHandler
                0x0000000008002bdc                EXTI10_IRQHandler
                0x0000000008002bdc                OTG_FS_IRQHandler
                0x0000000008002bdc                SPI3_IRQHandler
                0x0000000008002bdc                LPDMA1_Channel2_IRQHandler
                0x0000000008002bdc                I2C1_ER_IRQHandler
                0x0000000008002bdc                FMC_IRQHandler
                0x0000000008002bdc                EXTI6_IRQHandler
                0x0000000008002bdc                LPTIM1_IRQHandler
                0x0000000008002bdc                DCMI_PSSI_IRQHandler
                0x0000000008002bdc                I2C4_ER_IRQHandler
                0x0000000008002bdc                GPDMA1_Channel10_IRQHandler
                0x0000000008002bdc                ICACHE_IRQHandler
                0x0000000008002bdc                SAI1_IRQHandler
                0x0000000008002bdc                HASH_IRQHandler
 *fill*         0x0000000008002bde        0x2 
 .text.HAL_Init
                0x0000000008002be0       0x5c ./Drivers/STM32U5xx_HAL_Driver/Src/stm32u5xx_hal.o
                0x0000000008002be0                HAL_Init
 .text.HAL_InitTick
                0x0000000008002c3c       0x6c ./Drivers/STM32U5xx_HAL_Driver/Src/stm32u5xx_hal.o
                0x0000000008002c3c                HAL_InitTick
 .text.HAL_IncTick
                0x0000000008002ca8       0x28 ./Drivers/STM32U5xx_HAL_Driver/Src/stm32u5xx_hal.o
                0x0000000008002ca8                HAL_IncTick
 .text.HAL_GetTick
                0x0000000008002cd0       0x18 ./Drivers/STM32U5xx_HAL_Driver/Src/stm32u5xx_hal.o
                0x0000000008002cd0                HAL_GetTick
 .text.HAL_Delay
                0x0000000008002ce8       0x48 ./Drivers/STM32U5xx_HAL_Driver/Src/stm32u5xx_hal.o
                0x0000000008002ce8                HAL_Delay
 .text.HAL_GetREVID
                0x0000000008002d30       0x1c ./Drivers/STM32U5xx_HAL_Driver/Src/stm32u5xx_hal.o
                0x0000000008002d30                HAL_GetREVID
 .text.LL_ADC_SetCommonClock
                0x0000000008002d4c       0x26 ./Drivers/STM32U5xx_HAL_Driver/Src/stm32u5xx_hal_adc.o
 .text.LL_ADC_SetCommonPathInternalCh
                0x0000000008002d72       0x26 ./Drivers/STM32U5xx_HAL_Driver/Src/stm32u5xx_hal_adc.o
 .text.LL_ADC_GetCommonPathInternalCh
                0x0000000008002d98       0x1c ./Drivers/STM32U5xx_HAL_Driver/Src/stm32u5xx_hal_adc.o
 .text.LL_ADC_SetOffset
                0x0000000008002db4       0x42 ./Drivers/STM32U5xx_HAL_Driver/Src/stm32u5xx_hal_adc.o
 .text.LL_ADC_SetOffsetSign
                0x0000000008002df6       0x36 ./Drivers/STM32U5xx_HAL_Driver/Src/stm32u5xx_hal_adc.o
 .text.LL_ADC_SetOffsetSignedSaturation
                0x0000000008002e2c       0x36 ./Drivers/STM32U5xx_HAL_Driver/Src/stm32u5xx_hal_adc.o
 .text.LL_ADC_SetGainCompensation
                0x0000000008002e62       0x46 ./Drivers/STM32U5xx_HAL_Driver/Src/stm32u5xx_hal_adc.o
 .text.LL_ADC_SetSamplingTimeCommonChannels
                0x0000000008002ea8       0x3e ./Drivers/STM32U5xx_HAL_Driver/Src/stm32u5xx_hal_adc.o
 .text.LL_ADC_REG_IsTriggerSourceSWStart
                0x0000000008002ee6       0x26 ./Drivers/STM32U5xx_HAL_Driver/Src/stm32u5xx_hal_adc.o
 .text.LL_ADC_REG_SetSequencerRanks
                0x0000000008002f0c       0xc0 ./Drivers/STM32U5xx_HAL_Driver/Src/stm32u5xx_hal_adc.o
 .text.LL_ADC_REG_SetSequencerChAdd
                0x0000000008002fcc       0x66 ./Drivers/STM32U5xx_HAL_Driver/Src/stm32u5xx_hal_adc.o
 .text.LL_ADC_REG_SetSequencerChRem
                0x0000000008003032       0x30 ./Drivers/STM32U5xx_HAL_Driver/Src/stm32u5xx_hal_adc.o
 *fill*         0x0000000008003062        0x2 
 .text.LL_ADC_SetChannelSamplingTime
                0x0000000008003064      0x104 ./Drivers/STM32U5xx_HAL_Driver/Src/stm32u5xx_hal_adc.o
 .text.LL_ADC_SetChannelSingleDiff
                0x0000000008003168       0x48 ./Drivers/STM32U5xx_HAL_Driver/Src/stm32u5xx_hal_adc.o
 .text.LL_ADC_DisableDeepPowerDown
                0x00000000080031b0       0x24 ./Drivers/STM32U5xx_HAL_Driver/Src/stm32u5xx_hal_adc.o
 .text.LL_ADC_IsDeepPowerDownEnabled
                0x00000000080031d4       0x28 ./Drivers/STM32U5xx_HAL_Driver/Src/stm32u5xx_hal_adc.o
 .text.LL_ADC_EnableInternalRegulator
                0x00000000080031fc       0x28 ./Drivers/STM32U5xx_HAL_Driver/Src/stm32u5xx_hal_adc.o
 .text.LL_ADC_IsInternalRegulatorEnabled
                0x0000000008003224       0x28 ./Drivers/STM32U5xx_HAL_Driver/Src/stm32u5xx_hal_adc.o
 .text.LL_ADC_Enable
                0x000000000800324c       0x28 ./Drivers/STM32U5xx_HAL_Driver/Src/stm32u5xx_hal_adc.o
 .text.LL_ADC_Disable
                0x0000000008003274       0x28 ./Drivers/STM32U5xx_HAL_Driver/Src/stm32u5xx_hal_adc.o
 .text.LL_ADC_IsEnabled
                0x000000000800329c       0x26 ./Drivers/STM32U5xx_HAL_Driver/Src/stm32u5xx_hal_adc.o
 .text.LL_ADC_IsDisableOngoing
                0x00000000080032c2       0x26 ./Drivers/STM32U5xx_HAL_Driver/Src/stm32u5xx_hal_adc.o
 .text.LL_ADC_REG_StartConversion
                0x00000000080032e8       0x28 ./Drivers/STM32U5xx_HAL_Driver/Src/stm32u5xx_hal_adc.o
 .text.LL_ADC_REG_StopConversion
                0x0000000008003310       0x28 ./Drivers/STM32U5xx_HAL_Driver/Src/stm32u5xx_hal_adc.o
 .text.LL_ADC_REG_IsConversionOngoing
                0x0000000008003338       0x26 ./Drivers/STM32U5xx_HAL_Driver/Src/stm32u5xx_hal_adc.o
 .text.LL_ADC_INJ_StopConversion
                0x000000000800335e       0x28 ./Drivers/STM32U5xx_HAL_Driver/Src/stm32u5xx_hal_adc.o
 .text.LL_ADC_INJ_IsConversionOngoing
                0x0000000008003386       0x26 ./Drivers/STM32U5xx_HAL_Driver/Src/stm32u5xx_hal_adc.o
 .text.HAL_ADC_Init
                0x00000000080033ac      0x5f4 ./Drivers/STM32U5xx_HAL_Driver/Src/stm32u5xx_hal_adc.o
                0x00000000080033ac                HAL_ADC_Init
 .text.HAL_ADC_Start
                0x00000000080039a0       0xe8 ./Drivers/STM32U5xx_HAL_Driver/Src/stm32u5xx_hal_adc.o
                0x00000000080039a0                HAL_ADC_Start
 .text.HAL_ADC_Stop
                0x0000000008003a88       0x66 ./Drivers/STM32U5xx_HAL_Driver/Src/stm32u5xx_hal_adc.o
                0x0000000008003a88                HAL_ADC_Stop
 *fill*         0x0000000008003aee        0x2 
 .text.HAL_ADC_PollForConversion
                0x0000000008003af0      0x1cc ./Drivers/STM32U5xx_HAL_Driver/Src/stm32u5xx_hal_adc.o
                0x0000000008003af0                HAL_ADC_PollForConversion
 .text.HAL_ADC_GetValue
                0x0000000008003cbc       0x1a ./Drivers/STM32U5xx_HAL_Driver/Src/stm32u5xx_hal_adc.o
                0x0000000008003cbc                HAL_ADC_GetValue
 *fill*         0x0000000008003cd6        0x2 
 .text.HAL_ADC_ConfigChannel
                0x0000000008003cd8      0xadc ./Drivers/STM32U5xx_HAL_Driver/Src/stm32u5xx_hal_adc.o
                0x0000000008003cd8                HAL_ADC_ConfigChannel
 .text.ADC_ConversionStop
                0x00000000080047b4      0x178 ./Drivers/STM32U5xx_HAL_Driver/Src/stm32u5xx_hal_adc.o
                0x00000000080047b4                ADC_ConversionStop
 .text.ADC_Enable
                0x000000000800492c       0xd8 ./Drivers/STM32U5xx_HAL_Driver/Src/stm32u5xx_hal_adc.o
                0x000000000800492c                ADC_Enable
 .text.ADC_Disable
                0x0000000008004a04       0xbe ./Drivers/STM32U5xx_HAL_Driver/Src/stm32u5xx_hal_adc.o
                0x0000000008004a04                ADC_Disable
 *fill*         0x0000000008004ac2        0x2 
 .text.LL_ADC_StartCalibration
                0x0000000008004ac4       0x54 ./Drivers/STM32U5xx_HAL_Driver/Src/stm32u5xx_hal_adc_ex.o
 .text.LL_ADC_IsCalibrationOnGoing
                0x0000000008004b18       0x28 ./Drivers/STM32U5xx_HAL_Driver/Src/stm32u5xx_hal_adc_ex.o
 .text.HAL_ADCEx_Calibration_Start
                0x0000000008004b40       0xc8 ./Drivers/STM32U5xx_HAL_Driver/Src/stm32u5xx_hal_adc_ex.o
                0x0000000008004b40                HAL_ADCEx_Calibration_Start
 .text.__NVIC_SetPriorityGrouping
                0x0000000008004c08       0x48 ./Drivers/STM32U5xx_HAL_Driver/Src/stm32u5xx_hal_cortex.o
 .text.__NVIC_GetPriorityGrouping
                0x0000000008004c50       0x1c ./Drivers/STM32U5xx_HAL_Driver/Src/stm32u5xx_hal_cortex.o
 .text.__NVIC_EnableIRQ
                0x0000000008004c6c       0x3c ./Drivers/STM32U5xx_HAL_Driver/Src/stm32u5xx_hal_cortex.o
 .text.__NVIC_SetPriority
                0x0000000008004ca8       0x54 ./Drivers/STM32U5xx_HAL_Driver/Src/stm32u5xx_hal_cortex.o
 .text.NVIC_EncodePriority
                0x0000000008004cfc       0x66 ./Drivers/STM32U5xx_HAL_Driver/Src/stm32u5xx_hal_cortex.o
 *fill*         0x0000000008004d62        0x2 
 .text.SysTick_Config
                0x0000000008004d64       0x44 ./Drivers/STM32U5xx_HAL_Driver/Src/stm32u5xx_hal_cortex.o
 .text.HAL_NVIC_SetPriorityGrouping
                0x0000000008004da8       0x16 ./Drivers/STM32U5xx_HAL_Driver/Src/stm32u5xx_hal_cortex.o
                0x0000000008004da8                HAL_NVIC_SetPriorityGrouping
 .text.HAL_NVIC_SetPriority
                0x0000000008004dbe       0x34 ./Drivers/STM32U5xx_HAL_Driver/Src/stm32u5xx_hal_cortex.o
                0x0000000008004dbe                HAL_NVIC_SetPriority
 .text.HAL_NVIC_EnableIRQ
                0x0000000008004df2       0x1c ./Drivers/STM32U5xx_HAL_Driver/Src/stm32u5xx_hal_cortex.o
                0x0000000008004df2                HAL_NVIC_EnableIRQ
 .text.HAL_SYSTICK_Config
                0x0000000008004e0e       0x18 ./Drivers/STM32U5xx_HAL_Driver/Src/stm32u5xx_hal_cortex.o
                0x0000000008004e0e                HAL_SYSTICK_Config
 .text.HAL_DAC_Init
                0x0000000008004e26       0x44 ./Drivers/STM32U5xx_HAL_Driver/Src/stm32u5xx_hal_dac.o
                0x0000000008004e26                HAL_DAC_Init
 .text.HAL_DAC_Start
                0x0000000008004e6a       0xa6 ./Drivers/STM32U5xx_HAL_Driver/Src/stm32u5xx_hal_dac.o
                0x0000000008004e6a                HAL_DAC_Start
 .text.HAL_DAC_SetValue
                0x0000000008004f10       0x50 ./Drivers/STM32U5xx_HAL_Driver/Src/stm32u5xx_hal_dac.o
                0x0000000008004f10                HAL_DAC_SetValue
 .text.HAL_DAC_ConfigChannel
                0x0000000008004f60      0x334 ./Drivers/STM32U5xx_HAL_Driver/Src/stm32u5xx_hal_dac.o
                0x0000000008004f60                HAL_DAC_ConfigChannel
 .text.HAL_DACEx_SetConfigAutonomousMode
                0x0000000008005294       0x60 ./Drivers/STM32U5xx_HAL_Driver/Src/stm32u5xx_hal_dac_ex.o
                0x0000000008005294                HAL_DACEx_SetConfigAutonomousMode
 .text.HAL_DMA_Start_IT
                0x00000000080052f4       0xc0 ./Drivers/STM32U5xx_HAL_Driver/Src/stm32u5xx_hal_dma.o
                0x00000000080052f4                HAL_DMA_Start_IT
 .text.DMA_SetConfig
                0x00000000080053b4       0x4a ./Drivers/STM32U5xx_HAL_Driver/Src/stm32u5xx_hal_dma.o
 .text.HAL_DMAEx_List_Start_IT
                0x00000000080053fe      0x128 ./Drivers/STM32U5xx_HAL_Driver/Src/stm32u5xx_hal_dma_ex.o
                0x00000000080053fe                HAL_DMAEx_List_Start_IT
 *fill*         0x0000000008005526        0x2 
 .text.DMA_List_GetCLLRNodeInfo
                0x0000000008005528       0x60 ./Drivers/STM32U5xx_HAL_Driver/Src/stm32u5xx_hal_dma_ex.o
 .text.HAL_GPIO_Init
                0x0000000008005588      0x3b0 ./Drivers/STM32U5xx_HAL_Driver/Src/stm32u5xx_hal_gpio.o
                0x0000000008005588                HAL_GPIO_Init
 .text.HAL_GPIO_WritePin
                0x0000000008005938       0x30 ./Drivers/STM32U5xx_HAL_Driver/Src/stm32u5xx_hal_gpio.o
                0x0000000008005938                HAL_GPIO_WritePin
 .text.HAL_I2C_Init
                0x0000000008005968      0x11e ./Drivers/STM32U5xx_HAL_Driver/Src/stm32u5xx_hal_i2c.o
                0x0000000008005968                HAL_I2C_Init
 *fill*         0x0000000008005a86        0x2 
 .text.HAL_I2C_Master_Transmit
                0x0000000008005a88      0x1e8 ./Drivers/STM32U5xx_HAL_Driver/Src/stm32u5xx_hal_i2c.o
                0x0000000008005a88                HAL_I2C_Master_Transmit
 .text.I2C_Flush_TXDR
                0x0000000008005c70       0x48 ./Drivers/STM32U5xx_HAL_Driver/Src/stm32u5xx_hal_i2c.o
 .text.I2C_WaitOnFlagUntilTimeout
                0x0000000008005cb8       0x80 ./Drivers/STM32U5xx_HAL_Driver/Src/stm32u5xx_hal_i2c.o
 .text.I2C_WaitOnTXISFlagUntilTimeout
                0x0000000008005d38       0x80 ./Drivers/STM32U5xx_HAL_Driver/Src/stm32u5xx_hal_i2c.o
 .text.I2C_WaitOnSTOPFlagUntilTimeout
                0x0000000008005db8       0x78 ./Drivers/STM32U5xx_HAL_Driver/Src/stm32u5xx_hal_i2c.o
 .text.I2C_IsErrorOccurred
                0x0000000008005e30      0x1d8 ./Drivers/STM32U5xx_HAL_Driver/Src/stm32u5xx_hal_i2c.o
 .text.I2C_TransferConfig
                0x0000000008006008       0x64 ./Drivers/STM32U5xx_HAL_Driver/Src/stm32u5xx_hal_i2c.o
 .text.HAL_I2CEx_ConfigAnalogFilter
                0x000000000800606c       0x96 ./Drivers/STM32U5xx_HAL_Driver/Src/stm32u5xx_hal_i2c_ex.o
                0x000000000800606c                HAL_I2CEx_ConfigAnalogFilter
 .text.HAL_I2CEx_ConfigDigitalFilter
                0x0000000008006102       0x98 ./Drivers/STM32U5xx_HAL_Driver/Src/stm32u5xx_hal_i2c_ex.o
                0x0000000008006102                HAL_I2CEx_ConfigDigitalFilter
 *fill*         0x000000000800619a        0x2 
 .text.HAL_OPAMP_Init
                0x000000000800619c      0x1c8 ./Drivers/STM32U5xx_HAL_Driver/Src/stm32u5xx_hal_opamp.o
                0x000000000800619c                HAL_OPAMP_Init
 .text.HAL_OPAMP_Start
                0x0000000008006364       0x62 ./Drivers/STM32U5xx_HAL_Driver/Src/stm32u5xx_hal_opamp.o
                0x0000000008006364                HAL_OPAMP_Start
 *fill*         0x00000000080063c6        0x2 
 .text.HAL_PWREx_ControlVoltageScaling
                0x00000000080063c8       0xe8 ./Drivers/STM32U5xx_HAL_Driver/Src/stm32u5xx_hal_pwr_ex.o
                0x00000000080063c8                HAL_PWREx_ControlVoltageScaling
 .text.HAL_PWREx_GetVoltageRange
                0x00000000080064b0       0x1c ./Drivers/STM32U5xx_HAL_Driver/Src/stm32u5xx_hal_pwr_ex.o
                0x00000000080064b0                HAL_PWREx_GetVoltageRange
 .text.HAL_PWREx_EnableVddIO2
                0x00000000080064cc       0x20 ./Drivers/STM32U5xx_HAL_Driver/Src/stm32u5xx_hal_pwr_ex.o
                0x00000000080064cc                HAL_PWREx_EnableVddIO2
 .text.HAL_PWREx_EnableVddA
                0x00000000080064ec       0x20 ./Drivers/STM32U5xx_HAL_Driver/Src/stm32u5xx_hal_pwr_ex.o
                0x00000000080064ec                HAL_PWREx_EnableVddA
 .text.HAL_RCC_OscConfig
                0x000000000800650c      0xdac ./Drivers/STM32U5xx_HAL_Driver/Src/stm32u5xx_hal_rcc.o
                0x000000000800650c                HAL_RCC_OscConfig
 .text.HAL_RCC_ClockConfig
                0x00000000080072b8      0x3e4 ./Drivers/STM32U5xx_HAL_Driver/Src/stm32u5xx_hal_rcc.o
                0x00000000080072b8                HAL_RCC_ClockConfig
 .text.HAL_RCC_GetSysClockFreq
                0x000000000800769c      0x210 ./Drivers/STM32U5xx_HAL_Driver/Src/stm32u5xx_hal_rcc.o
                0x000000000800769c                HAL_RCC_GetSysClockFreq
 .text.HAL_RCC_GetHCLKFreq
                0x00000000080078ac       0x34 ./Drivers/STM32U5xx_HAL_Driver/Src/stm32u5xx_hal_rcc.o
                0x00000000080078ac                HAL_RCC_GetHCLKFreq
 .text.HAL_RCC_GetPCLK1Freq
                0x00000000080078e0       0x28 ./Drivers/STM32U5xx_HAL_Driver/Src/stm32u5xx_hal_rcc.o
                0x00000000080078e0                HAL_RCC_GetPCLK1Freq
 .text.HAL_RCC_GetPCLK2Freq
                0x0000000008007908       0x28 ./Drivers/STM32U5xx_HAL_Driver/Src/stm32u5xx_hal_rcc.o
                0x0000000008007908                HAL_RCC_GetPCLK2Freq
 .text.HAL_RCC_GetPCLK3Freq
                0x0000000008007930       0x28 ./Drivers/STM32U5xx_HAL_Driver/Src/stm32u5xx_hal_rcc.o
                0x0000000008007930                HAL_RCC_GetPCLK3Freq
 .text.RCC_SetFlashLatencyFromMSIRange
                0x0000000008007958      0x10c ./Drivers/STM32U5xx_HAL_Driver/Src/stm32u5xx_hal_rcc.o
 .text.HAL_RCCEx_PeriphCLKConfig
                0x0000000008007a64      0xb80 ./Drivers/STM32U5xx_HAL_Driver/Src/stm32u5xx_hal_rcc_ex.o
                0x0000000008007a64                HAL_RCCEx_PeriphCLKConfig
 .text.HAL_RCCEx_GetPLL1ClockFreq
                0x00000000080085e4      0x2cc ./Drivers/STM32U5xx_HAL_Driver/Src/stm32u5xx_hal_rcc_ex.o
                0x00000000080085e4                HAL_RCCEx_GetPLL1ClockFreq
 .text.HAL_RCCEx_GetPLL2ClockFreq
                0x00000000080088b0      0x2cc ./Drivers/STM32U5xx_HAL_Driver/Src/stm32u5xx_hal_rcc_ex.o
                0x00000000080088b0                HAL_RCCEx_GetPLL2ClockFreq
 .text.HAL_RCCEx_GetPLL3ClockFreq
                0x0000000008008b7c      0x2cc ./Drivers/STM32U5xx_HAL_Driver/Src/stm32u5xx_hal_rcc_ex.o
                0x0000000008008b7c                HAL_RCCEx_GetPLL3ClockFreq
 .text.HAL_RCCEx_GetPeriphCLKFreq
                0x0000000008008e48     0x1250 ./Drivers/STM32U5xx_HAL_Driver/Src/stm32u5xx_hal_rcc_ex.o
                0x0000000008008e48                HAL_RCCEx_GetPeriphCLKFreq
 .text.RCCEx_PLL2_Config
                0x000000000800a098      0x130 ./Drivers/STM32U5xx_HAL_Driver/Src/stm32u5xx_hal_rcc_ex.o
 .text.RCCEx_PLL3_Config
                0x000000000800a1c8      0x130 ./Drivers/STM32U5xx_HAL_Driver/Src/stm32u5xx_hal_rcc_ex.o
 .text.HAL_TIM_Base_Init
                0x000000000800a2f8       0xae ./Drivers/STM32U5xx_HAL_Driver/Src/stm32u5xx_hal_tim.o
                0x000000000800a2f8                HAL_TIM_Base_Init
 *fill*         0x000000000800a3a6        0x2 
 .text.HAL_TIM_Base_Start_IT
                0x000000000800a3a8      0x140 ./Drivers/STM32U5xx_HAL_Driver/Src/stm32u5xx_hal_tim.o
                0x000000000800a3a8                HAL_TIM_Base_Start_IT
 .text.HAL_TIM_OC_Init
                0x000000000800a4e8       0xae ./Drivers/STM32U5xx_HAL_Driver/Src/stm32u5xx_hal_tim.o
                0x000000000800a4e8                HAL_TIM_OC_Init
 .text.HAL_TIM_OC_MspInit
                0x000000000800a596       0x14 ./Drivers/STM32U5xx_HAL_Driver/Src/stm32u5xx_hal_tim.o
                0x000000000800a596                HAL_TIM_OC_MspInit
 .text.HAL_TIM_IRQHandler
                0x000000000800a5aa      0x2fe ./Drivers/STM32U5xx_HAL_Driver/Src/stm32u5xx_hal_tim.o
                0x000000000800a5aa                HAL_TIM_IRQHandler
 .text.HAL_TIM_OC_ConfigChannel
                0x000000000800a8a8       0xf4 ./Drivers/STM32U5xx_HAL_Driver/Src/stm32u5xx_hal_tim.o
                0x000000000800a8a8                HAL_TIM_OC_ConfigChannel
 .text.HAL_TIM_ConfigClockSource
                0x000000000800a99c      0x204 ./Drivers/STM32U5xx_HAL_Driver/Src/stm32u5xx_hal_tim.o
                0x000000000800a99c                HAL_TIM_ConfigClockSource
 .text.HAL_TIM_SlaveConfigSynchro
                0x000000000800aba0       0x84 ./Drivers/STM32U5xx_HAL_Driver/Src/stm32u5xx_hal_tim.o
                0x000000000800aba0                HAL_TIM_SlaveConfigSynchro
 .text.HAL_TIM_OC_DelayElapsedCallback
                0x000000000800ac24       0x14 ./Drivers/STM32U5xx_HAL_Driver/Src/stm32u5xx_hal_tim.o
                0x000000000800ac24                HAL_TIM_OC_DelayElapsedCallback
 .text.HAL_TIM_IC_CaptureCallback
                0x000000000800ac38       0x14 ./Drivers/STM32U5xx_HAL_Driver/Src/stm32u5xx_hal_tim.o
                0x000000000800ac38                HAL_TIM_IC_CaptureCallback
 .text.HAL_TIM_PWM_PulseFinishedCallback
                0x000000000800ac4c       0x14 ./Drivers/STM32U5xx_HAL_Driver/Src/stm32u5xx_hal_tim.o
                0x000000000800ac4c                HAL_TIM_PWM_PulseFinishedCallback
 .text.HAL_TIM_TriggerCallback
                0x000000000800ac60       0x14 ./Drivers/STM32U5xx_HAL_Driver/Src/stm32u5xx_hal_tim.o
                0x000000000800ac60                HAL_TIM_TriggerCallback
 .text.TIM_Base_SetConfig
                0x000000000800ac74      0x1f4 ./Drivers/STM32U5xx_HAL_Driver/Src/stm32u5xx_hal_tim.o
                0x000000000800ac74                TIM_Base_SetConfig
 .text.TIM_OC1_SetConfig
                0x000000000800ae68      0x184 ./Drivers/STM32U5xx_HAL_Driver/Src/stm32u5xx_hal_tim.o
 .text.TIM_OC2_SetConfig
                0x000000000800afec      0x160 ./Drivers/STM32U5xx_HAL_Driver/Src/stm32u5xx_hal_tim.o
                0x000000000800afec                TIM_OC2_SetConfig
 .text.TIM_OC3_SetConfig
                0x000000000800b14c      0x15c ./Drivers/STM32U5xx_HAL_Driver/Src/stm32u5xx_hal_tim.o
 .text.TIM_OC4_SetConfig
                0x000000000800b2a8      0x160 ./Drivers/STM32U5xx_HAL_Driver/Src/stm32u5xx_hal_tim.o
 .text.TIM_OC5_SetConfig
                0x000000000800b408      0x104 ./Drivers/STM32U5xx_HAL_Driver/Src/stm32u5xx_hal_tim.o
 .text.TIM_OC6_SetConfig
                0x000000000800b50c      0x108 ./Drivers/STM32U5xx_HAL_Driver/Src/stm32u5xx_hal_tim.o
 .text.TIM_SlaveTimer_SetConfig
                0x000000000800b614      0x198 ./Drivers/STM32U5xx_HAL_Driver/Src/stm32u5xx_hal_tim.o
 .text.TIM_TI1_ConfigInputStage
                0x000000000800b7ac       0x5e ./Drivers/STM32U5xx_HAL_Driver/Src/stm32u5xx_hal_tim.o
 .text.TIM_TI2_ConfigInputStage
                0x000000000800b80a       0x60 ./Drivers/STM32U5xx_HAL_Driver/Src/stm32u5xx_hal_tim.o
 .text.TIM_ITRx_SetConfig
                0x000000000800b86a       0x3a ./Drivers/STM32U5xx_HAL_Driver/Src/stm32u5xx_hal_tim.o
 .text.TIM_ETR_SetConfig
                0x000000000800b8a4       0x40 ./Drivers/STM32U5xx_HAL_Driver/Src/stm32u5xx_hal_tim.o
                0x000000000800b8a4                TIM_ETR_SetConfig
 .text.HAL_TIMEx_MasterConfigSynchronization
                0x000000000800b8e4      0x184 ./Drivers/STM32U5xx_HAL_Driver/Src/stm32u5xx_hal_tim_ex.o
                0x000000000800b8e4                HAL_TIMEx_MasterConfigSynchronization
 .text.HAL_TIMEx_CommutCallback
                0x000000000800ba68       0x14 ./Drivers/STM32U5xx_HAL_Driver/Src/stm32u5xx_hal_tim_ex.o
                0x000000000800ba68                HAL_TIMEx_CommutCallback
 .text.HAL_TIMEx_BreakCallback
                0x000000000800ba7c       0x14 ./Drivers/STM32U5xx_HAL_Driver/Src/stm32u5xx_hal_tim_ex.o
                0x000000000800ba7c                HAL_TIMEx_BreakCallback
 .text.HAL_TIMEx_Break2Callback
                0x000000000800ba90       0x14 ./Drivers/STM32U5xx_HAL_Driver/Src/stm32u5xx_hal_tim_ex.o
                0x000000000800ba90                HAL_TIMEx_Break2Callback
 .text.HAL_TIMEx_EncoderIndexCallback
                0x000000000800baa4       0x14 ./Drivers/STM32U5xx_HAL_Driver/Src/stm32u5xx_hal_tim_ex.o
                0x000000000800baa4                HAL_TIMEx_EncoderIndexCallback
 .text.HAL_TIMEx_DirectionChangeCallback
                0x000000000800bab8       0x14 ./Drivers/STM32U5xx_HAL_Driver/Src/stm32u5xx_hal_tim_ex.o
                0x000000000800bab8                HAL_TIMEx_DirectionChangeCallback
 .text.HAL_TIMEx_IndexErrorCallback
                0x000000000800bacc       0x14 ./Drivers/STM32U5xx_HAL_Driver/Src/stm32u5xx_hal_tim_ex.o
                0x000000000800bacc                HAL_TIMEx_IndexErrorCallback
 .text.HAL_TIMEx_TransitionErrorCallback
                0x000000000800bae0       0x14 ./Drivers/STM32U5xx_HAL_Driver/Src/stm32u5xx_hal_tim_ex.o
                0x000000000800bae0                HAL_TIMEx_TransitionErrorCallback
 .text.HAL_UART_Init
                0x000000000800baf4       0xa0 ./Drivers/STM32U5xx_HAL_Driver/Src/stm32u5xx_hal_uart.o
                0x000000000800baf4                HAL_UART_Init
 .text.HAL_UART_Transmit_IT
                0x000000000800bb94      0x170 ./Drivers/STM32U5xx_HAL_Driver/Src/stm32u5xx_hal_uart.o
                0x000000000800bb94                HAL_UART_Transmit_IT
 .text.HAL_UART_Receive_DMA
                0x000000000800bd04       0xbc ./Drivers/STM32U5xx_HAL_Driver/Src/stm32u5xx_hal_uart.o
                0x000000000800bd04                HAL_UART_Receive_DMA
 .text.HAL_UART_RxCpltCallback
                0x000000000800bdc0       0x14 ./Drivers/STM32U5xx_HAL_Driver/Src/stm32u5xx_hal_uart.o
                0x000000000800bdc0                HAL_UART_RxCpltCallback
 .text.HAL_UART_RxHalfCpltCallback
                0x000000000800bdd4       0x14 ./Drivers/STM32U5xx_HAL_Driver/Src/stm32u5xx_hal_uart.o
                0x000000000800bdd4                HAL_UART_RxHalfCpltCallback
 .text.HAL_UART_ErrorCallback
                0x000000000800bde8       0x14 ./Drivers/STM32U5xx_HAL_Driver/Src/stm32u5xx_hal_uart.o
                0x000000000800bde8                HAL_UART_ErrorCallback
 .text.HAL_UARTEx_RxEventCallback
                0x000000000800bdfc       0x18 ./Drivers/STM32U5xx_HAL_Driver/Src/stm32u5xx_hal_uart.o
                0x000000000800bdfc                HAL_UARTEx_RxEventCallback
 .text.UART_SetConfig
                0x000000000800be14      0x344 ./Drivers/STM32U5xx_HAL_Driver/Src/stm32u5xx_hal_uart.o
                0x000000000800be14                UART_SetConfig
 .text.UART_AdvFeatureConfig
                0x000000000800c158      0x144 ./Drivers/STM32U5xx_HAL_Driver/Src/stm32u5xx_hal_uart.o
                0x000000000800c158                UART_AdvFeatureConfig
 .text.UART_CheckIdleState
                0x000000000800c29c       0x96 ./Drivers/STM32U5xx_HAL_Driver/Src/stm32u5xx_hal_uart.o
                0x000000000800c29c                UART_CheckIdleState
 .text.UART_WaitOnFlagUntilTimeout
                0x000000000800c332      0x190 ./Drivers/STM32U5xx_HAL_Driver/Src/stm32u5xx_hal_uart.o
                0x000000000800c332                UART_WaitOnFlagUntilTimeout
 *fill*         0x000000000800c4c2        0x2 
 .text.UART_Start_Receive_DMA
                0x000000000800c4c4      0x1e4 ./Drivers/STM32U5xx_HAL_Driver/Src/stm32u5xx_hal_uart.o
                0x000000000800c4c4                UART_Start_Receive_DMA
 .text.UART_EndTxTransfer
                0x000000000800c6a8       0x82 ./Drivers/STM32U5xx_HAL_Driver/Src/stm32u5xx_hal_uart.o
 .text.UART_EndRxTransfer
                0x000000000800c72a       0xcc ./Drivers/STM32U5xx_HAL_Driver/Src/stm32u5xx_hal_uart.o
 .text.UART_DMAReceiveCplt
                0x000000000800c7f6       0xec ./Drivers/STM32U5xx_HAL_Driver/Src/stm32u5xx_hal_uart.o
 .text.UART_DMARxHalfCplt
                0x000000000800c8e2       0x38 ./Drivers/STM32U5xx_HAL_Driver/Src/stm32u5xx_hal_uart.o
 .text.UART_DMAError
                0x000000000800c91a       0x80 ./Drivers/STM32U5xx_HAL_Driver/Src/stm32u5xx_hal_uart.o
 .text.UART_TxISR_8BIT
                0x000000000800c99a       0xb8 ./Drivers/STM32U5xx_HAL_Driver/Src/stm32u5xx_hal_uart.o
 .text.UART_TxISR_16BIT
                0x000000000800ca52       0xc2 ./Drivers/STM32U5xx_HAL_Driver/Src/stm32u5xx_hal_uart.o
 .text.UART_TxISR_8BIT_FIFOEN
                0x000000000800cb14       0xe0 ./Drivers/STM32U5xx_HAL_Driver/Src/stm32u5xx_hal_uart.o
 .text.UART_TxISR_16BIT_FIFOEN
                0x000000000800cbf4       0xea ./Drivers/STM32U5xx_HAL_Driver/Src/stm32u5xx_hal_uart.o
 .text.HAL_UARTEx_DisableFifoMode
                0x000000000800ccde       0x72 ./Drivers/STM32U5xx_HAL_Driver/Src/stm32u5xx_hal_uart_ex.o
                0x000000000800ccde                HAL_UARTEx_DisableFifoMode
 .text.HAL_UARTEx_SetTxFifoThreshold
                0x000000000800cd50       0x7c ./Drivers/STM32U5xx_HAL_Driver/Src/stm32u5xx_hal_uart_ex.o
                0x000000000800cd50                HAL_UARTEx_SetTxFifoThreshold
 .text.HAL_UARTEx_SetRxFifoThreshold
                0x000000000800cdcc       0x7c ./Drivers/STM32U5xx_HAL_Driver/Src/stm32u5xx_hal_uart_ex.o
                0x000000000800cdcc                HAL_UARTEx_SetRxFifoThreshold
 .text.UARTEx_SetNbDataToProcess
                0x000000000800ce48       0x9c ./Drivers/STM32U5xx_HAL_Driver/Src/stm32u5xx_hal_uart_ex.o
 .text.__libc_init_array
                0x000000000800cee4       0x48 d:/st/stm32cubeide_1.4.0/stm32cubeide/plugins/com.st.stm32cube.ide.mcu.externaltools.gnu-tools-for-stm32.10.3-2021.10.win32_1.0.0.202111181127/tools/bin/../lib/gcc/arm-none-eabi/10.3.1/../../../../arm-none-eabi/lib/thumb/v8-m.main+fp/hard\libc_nano.a(lib_a-init.o)
                0x000000000800cee4                __libc_init_array
 .text.memset   0x000000000800cf2c       0x10 d:/st/stm32cubeide_1.4.0/stm32cubeide/plugins/com.st.stm32cube.ide.mcu.externaltools.gnu-tools-for-stm32.10.3-2021.10.win32_1.0.0.202111181127/tools/bin/../lib/gcc/arm-none-eabi/10.3.1/../../../../arm-none-eabi/lib/thumb/v8-m.main+fp/hard\libc_nano.a(lib_a-memset.o)
                0x000000000800cf2c                memset
 .text.strcpy   0x000000000800cf3c       0x10 d:/st/stm32cubeide_1.4.0/stm32cubeide/plugins/com.st.stm32cube.ide.mcu.externaltools.gnu-tools-for-stm32.10.3-2021.10.win32_1.0.0.202111181127/tools/bin/../lib/gcc/arm-none-eabi/10.3.1/../../../../arm-none-eabi/lib/thumb/v8-m.main+fp/hard\libc_nano.a(lib_a-strcpy.o)
                0x000000000800cf3c                strcpy
 *(.glue_7)
 .glue_7        0x000000000800cf4c        0x0 linker stubs
 *(.glue_7t)
 .glue_7t       0x000000000800cf4c        0x0 linker stubs
 *(.eh_frame)
 .eh_frame      0x000000000800cf4c        0x0 d:/st/stm32cubeide_1.4.0/stm32cubeide/plugins/com.st.stm32cube.ide.mcu.externaltools.gnu-tools-for-stm32.10.3-2021.10.win32_1.0.0.202111181127/tools/bin/../lib/gcc/arm-none-eabi/10.3.1/thumb/v8-m.main+fp/hard/crtbegin.o
 *(.init)
 .init          0x000000000800cf4c        0x4 d:/st/stm32cubeide_1.4.0/stm32cubeide/plugins/com.st.stm32cube.ide.mcu.externaltools.gnu-tools-for-stm32.10.3-2021.10.win32_1.0.0.202111181127/tools/bin/../lib/gcc/arm-none-eabi/10.3.1/thumb/v8-m.main+fp/hard/crti.o
                0x000000000800cf4c                _init
 .init          0x000000000800cf50        0x8 d:/st/stm32cubeide_1.4.0/stm32cubeide/plugins/com.st.stm32cube.ide.mcu.externaltools.gnu-tools-for-stm32.10.3-2021.10.win32_1.0.0.202111181127/tools/bin/../lib/gcc/arm-none-eabi/10.3.1/thumb/v8-m.main+fp/hard/crtn.o
 *(.fini)
 .fini          0x000000000800cf58        0x4 d:/st/stm32cubeide_1.4.0/stm32cubeide/plugins/com.st.stm32cube.ide.mcu.externaltools.gnu-tools-for-stm32.10.3-2021.10.win32_1.0.0.202111181127/tools/bin/../lib/gcc/arm-none-eabi/10.3.1/thumb/v8-m.main+fp/hard/crti.o
                0x000000000800cf58                _fini
 .fini          0x000000000800cf5c        0x8 d:/st/stm32cubeide_1.4.0/stm32cubeide/plugins/com.st.stm32cube.ide.mcu.externaltools.gnu-tools-for-stm32.10.3-2021.10.win32_1.0.0.202111181127/tools/bin/../lib/gcc/arm-none-eabi/10.3.1/thumb/v8-m.main+fp/hard/crtn.o
                0x000000000800cf64                _etext = .

.vfp11_veneer   0x000000000800cf64        0x0
 .vfp11_veneer  0x000000000800cf64        0x0 linker stubs

.v4_bx          0x000000000800cf64        0x0
 .v4_bx         0x000000000800cf64        0x0 linker stubs

.iplt           0x000000000800cf64        0x0
 .iplt          0x000000000800cf64        0x0 d:/st/stm32cubeide_1.4.0/stm32cubeide/plugins/com.st.stm32cube.ide.mcu.externaltools.gnu-tools-for-stm32.10.3-2021.10.win32_1.0.0.202111181127/tools/bin/../lib/gcc/arm-none-eabi/10.3.1/thumb/v8-m.main+fp/hard/crtbegin.o

.rodata         0x000000000800cf64      0x1a4
 *(.rodata)
 .rodata        0x000000000800cf64        0xf ./Core/Src/main.o
 *(.rodata*)
 *fill*         0x000000000800cf73        0x1 
 .rodata.select_pins_MUX
                0x000000000800cf74       0x14 ./Core/Src/main.o
                0x000000000800cf74                select_pins_MUX
 .rodata.valve2SPIbit
                0x000000000800cf88       0x40 ./Core/Src/main.o
                0x000000000800cf88                valve2SPIbit
 .rodata.Mes2Sensor
                0x000000000800cfc8       0x40 ./Core/Src/main.o
                0x000000000800cfc8                Mes2Sensor
 .rodata.AHBPrescTable
                0x000000000800d008       0x10 ./Core/Src/system_stm32u5xx.o
                0x000000000800d008                AHBPrescTable
 .rodata.APBPrescTable
                0x000000000800d018        0x8 ./Core/Src/system_stm32u5xx.o
                0x000000000800d018                APBPrescTable
 .rodata.MSIRangeTable
                0x000000000800d020       0x40 ./Core/Src/system_stm32u5xx.o
                0x000000000800d020                MSIRangeTable
 .rodata.LPGPIO_Map
                0x000000000800d060       0x80 ./Drivers/STM32U5xx_HAL_Driver/Src/stm32u5xx_hal_gpio.o
 .rodata.UARTPrescTable
                0x000000000800d0e0       0x18 ./Drivers/STM32U5xx_HAL_Driver/Src/stm32u5xx_hal_uart.o
                0x000000000800d0e0                UARTPrescTable
 .rodata.numerator.1
                0x000000000800d0f8        0x8 ./Drivers/STM32U5xx_HAL_Driver/Src/stm32u5xx_hal_uart_ex.o
 .rodata.denominator.0
                0x000000000800d100        0x8 ./Drivers/STM32U5xx_HAL_Driver/Src/stm32u5xx_hal_uart_ex.o

.ARM.extab
 *(.ARM.extab* .gnu.linkonce.armextab.*)

.ARM            0x000000000800d108        0x8
                0x000000000800d108                __exidx_start = .
 *(.ARM.exidx*)
 .ARM.exidx     0x000000000800d108        0x8 d:/st/stm32cubeide_1.4.0/stm32cubeide/plugins/com.st.stm32cube.ide.mcu.externaltools.gnu-tools-for-stm32.10.3-2021.10.win32_1.0.0.202111181127/tools/bin/../lib/gcc/arm-none-eabi/10.3.1/thumb/v8-m.main+fp/hard\libgcc.a(_udivmoddi4.o)
                0x000000000800d110                __exidx_end = .

.rel.dyn        0x000000000800d110        0x0
 .rel.iplt      0x000000000800d110        0x0 d:/st/stm32cubeide_1.4.0/stm32cubeide/plugins/com.st.stm32cube.ide.mcu.externaltools.gnu-tools-for-stm32.10.3-2021.10.win32_1.0.0.202111181127/tools/bin/../lib/gcc/arm-none-eabi/10.3.1/thumb/v8-m.main+fp/hard/crtbegin.o

.preinit_array  0x000000000800d110        0x0
                0x000000000800d110                PROVIDE (__preinit_array_start = .)
 *(.preinit_array*)
                0x000000000800d110                PROVIDE (__preinit_array_end = .)

.init_array     0x000000000800d110        0x4
                0x000000000800d110                PROVIDE (__init_array_start = .)
 *(SORT_BY_NAME(.init_array.*))
 *(.init_array*)
 .init_array    0x000000000800d110        0x4 d:/st/stm32cubeide_1.4.0/stm32cubeide/plugins/com.st.stm32cube.ide.mcu.externaltools.gnu-tools-for-stm32.10.3-2021.10.win32_1.0.0.202111181127/tools/bin/../lib/gcc/arm-none-eabi/10.3.1/thumb/v8-m.main+fp/hard/crtbegin.o
                0x000000000800d114                PROVIDE (__init_array_end = .)

.fini_array     0x000000000800d114        0x4
                [!provide]                        PROVIDE (__fini_array_start = .)
 *(SORT_BY_NAME(.fini_array.*))
 *(.fini_array*)
 .fini_array    0x000000000800d114        0x4 d:/st/stm32cubeide_1.4.0/stm32cubeide/plugins/com.st.stm32cube.ide.mcu.externaltools.gnu-tools-for-stm32.10.3-2021.10.win32_1.0.0.202111181127/tools/bin/../lib/gcc/arm-none-eabi/10.3.1/thumb/v8-m.main+fp/hard/crtbegin.o
                [!provide]                        PROVIDE (__fini_array_end = .)
                0x000000000800d118                _sidata = LOADADDR (.data)

.data           0x0000000020000000      0x209 load address 0x000000000800d118
                0x0000000020000000                _sdata = .
 *(.data)
 *(.data*)
 .data.modules_state_uint
                0x0000000020000000        0x8 ./Core/Src/main.o
                0x0000000020000000                modules_state_uint
 .data.BM78_SetNameCmd
                0x0000000020000008        0x4 ./Core/Src/main.o
                0x0000000020000008                BM78_SetNameCmd
 .data.valve_pins
                0x000000002000000c       0x7c ./Core/Src/main.o
 .data.pin_port
                0x0000000020000088       0x7c ./Core/Src/main.o
                0x0000000020000088                pin_port
 .data.bias     0x0000000020000104       0x7c ./Core/Src/main.o
 .data.slope    0x0000000020000180       0x7c ./Core/Src/main.o
 .data.usart1_dma_ndtr_old.5
                0x00000000200001fc        0x2 ./Core/Src/main.o
 *fill*         0x00000000200001fe        0x2 
 .data.SystemCoreClock
                0x0000000020000200        0x4 ./Core/Src/system_stm32u5xx.o
                0x0000000020000200                SystemCoreClock
 .data.uwTickPrio
                0x0000000020000204        0x4 ./Drivers/STM32U5xx_HAL_Driver/Src/stm32u5xx_hal.o
                0x0000000020000204                uwTickPrio
 .data.uwTickFreq
                0x0000000020000208        0x1 ./Drivers/STM32U5xx_HAL_Driver/Src/stm32u5xx_hal.o
                0x0000000020000208                uwTickFreq
 *(.RamFunc)
 *(.RamFunc*)
                0x0000000020000209                _edata = .

.igot.plt       0x000000002000020c        0x0 load address 0x000000000800d321
 .igot.plt      0x000000002000020c        0x0 d:/st/stm32cubeide_1.4.0/stm32cubeide/plugins/com.st.stm32cube.ide.mcu.externaltools.gnu-tools-for-stm32.10.3-2021.10.win32_1.0.0.202111181127/tools/bin/../lib/gcc/arm-none-eabi/10.3.1/thumb/v8-m.main+fp/hard/crtbegin.o

.bss            0x000000002000020c      0x6f8 load address 0x000000000800d321
                0x000000002000020c                _sbss = .
                0x000000002000020c                __bss_start__ = _sbss
 *(.bss)
 .bss           0x000000002000020c       0x1c d:/st/stm32cubeide_1.4.0/stm32cubeide/plugins/com.st.stm32cube.ide.mcu.externaltools.gnu-tools-for-stm32.10.3-2021.10.win32_1.0.0.202111181127/tools/bin/../lib/gcc/arm-none-eabi/10.3.1/thumb/v8-m.main+fp/hard/crtbegin.o
 *(.bss*)
 .bss.hadc1     0x0000000020000228       0x8c ./Core/Src/main.o
                0x0000000020000228                hadc1
 .bss.hdac1     0x00000000200002b4       0x14 ./Core/Src/main.o
                0x00000000200002b4                hdac1
 .bss.hi2c1     0x00000000200002c8       0x4c ./Core/Src/main.o
                0x00000000200002c8                hi2c1
 .bss.hi2c2     0x0000000020000314       0x4c ./Core/Src/main.o
                0x0000000020000314                hi2c2
 .bss.hi2c3     0x0000000020000360       0x4c ./Core/Src/main.o
                0x0000000020000360                hi2c3
 .bss.hopamp1   0x00000000200003ac       0x34 ./Core/Src/main.o
                0x00000000200003ac                hopamp1
 .bss.hopamp2   0x00000000200003e0       0x34 ./Core/Src/main.o
                0x00000000200003e0                hopamp2
 .bss.htim1     0x0000000020000414       0x4c ./Core/Src/main.o
                0x0000000020000414                htim1
 .bss.htim2     0x0000000020000460       0x4c ./Core/Src/main.o
                0x0000000020000460                htim2
 .bss.huart1    0x00000000200004ac       0x90 ./Core/Src/main.o
                0x00000000200004ac                huart1
 .bss.value_adc
                0x000000002000053c       0x7c ./Core/Src/main.o
                0x000000002000053c                value_adc
 .bss.value_BAT
                0x00000000200005b8        0x4 ./Core/Src/main.o
                0x00000000200005b8                value_BAT
 .bss.uart_rx_buf
                0x00000000200005bc       0x80 ./Core/Src/main.o
                0x00000000200005bc                uart_rx_buf
 .bss.autocontrol_timeout
                0x000000002000063c        0x1 ./Core/Src/main.o
 .bss.autocontrol
                0x000000002000063d        0x1 ./Core/Src/main.o
 *fill*         0x000000002000063e        0x2 
 .bss.pressure_map
                0x0000000020000640       0x7c ./Core/Src/main.o
 .bss.average_pressure_map
                0x00000000200006bc       0x7c ./Core/Src/main.o
 .bss.previous_pressure_map
                0x0000000020000738       0x7c ./Core/Src/main.o
 .bss.modules_state
                0x00000000200007b4       0x1f ./Core/Src/main.o
 *fill*         0x00000000200007d3        0x1 
 .bss.max_1     0x00000000200007d4        0x4 ./Core/Src/main.o
 .bss.max_2     0x00000000200007d8        0x4 ./Core/Src/main.o
 .bss.counter_average
                0x00000000200007dc        0x4 ./Core/Src/main.o
 .bss.index_max_1
                0x00000000200007e0        0x4 ./Core/Src/main.o
 .bss.index_max_2
                0x00000000200007e4        0x4 ./Core/Src/main.o
 .bss.index_max_1_previous
                0x00000000200007e8        0x4 ./Core/Src/main.o
 .bss.index_max_2_previous
                0x00000000200007ec        0x4 ./Core/Src/main.o
 .bss.counter_modules_off
                0x00000000200007f0        0x4 ./Core/Src/main.o
 .bss.analog_vol.7
                0x00000000200007f4       0x7c ./Core/Src/main.o
 .bss.tmp.6     0x0000000020000870       0x84 ./Core/Src/main.o
 .bss.sbuf_write.4
                0x00000000200008f4        0x2 ./Core/Src/main.o
 .bss.sbuf_read.3
                0x00000000200008f6        0x2 ./Core/Src/main.o
 .bss.uart_rx_state.2
                0x00000000200008f8        0x1 ./Core/Src/main.o
 .bss.num.1     0x00000000200008f9        0x1 ./Core/Src/main.o
 .bss.action.0  0x00000000200008fa        0x1 ./Core/Src/main.o
 *fill*         0x00000000200008fb        0x1 
 .bss.HAL_RCC_OPAMP_CLK_ENABLED
                0x00000000200008fc        0x4 ./Core/Src/stm32u5xx_hal_msp.o
 .bss.uwTick    0x0000000020000900        0x4 ./Drivers/STM32U5xx_HAL_Driver/Src/stm32u5xx_hal.o
                0x0000000020000900                uwTick
 *(COMMON)
                0x0000000020000904                _ebss = .
                0x0000000020000904                __bss_end__ = _ebss

._user_heap_stack
                0x0000000020000904      0x604 load address 0x000000000800d321
                0x0000000020000908                . = ALIGN (0x8)
 *fill*         0x0000000020000904        0x4 
                [!provide]                        PROVIDE (end = .)
                0x0000000020000908                PROVIDE (_end = .)
                0x0000000020000b08                . = (. + _Min_Heap_Size)
 *fill*         0x0000000020000908      0x200 
                0x0000000020000f08                . = (. + _Min_Stack_Size)
 *fill*         0x0000000020000b08      0x400 
                0x0000000020000f08                . = ALIGN (0x8)

/DISCARD/
 libc.a(*)
 libm.a(*)
 libgcc.a(*)

.ARM.attributes
                0x0000000000000000       0x36
 *(.ARM.attributes)
 .ARM.attributes
                0x0000000000000000       0x22 d:/st/stm32cubeide_1.4.0/stm32cubeide/plugins/com.st.stm32cube.ide.mcu.externaltools.gnu-tools-for-stm32.10.3-2021.10.win32_1.0.0.202111181127/tools/bin/../lib/gcc/arm-none-eabi/10.3.1/thumb/v8-m.main+fp/hard/crti.o
 .ARM.attributes
                0x0000000000000022       0x38 d:/st/stm32cubeide_1.4.0/stm32cubeide/plugins/com.st.stm32cube.ide.mcu.externaltools.gnu-tools-for-stm32.10.3-2021.10.win32_1.0.0.202111181127/tools/bin/../lib/gcc/arm-none-eabi/10.3.1/thumb/v8-m.main+fp/hard/crtbegin.o
 .ARM.attributes
                0x000000000000005a       0x3a ./Core/Src/main.o
 .ARM.attributes
                0x0000000000000094       0x3a ./Core/Src/stm32u5xx_hal_msp.o
 .ARM.attributes
                0x00000000000000ce       0x3a ./Core/Src/stm32u5xx_it.o
 .ARM.attributes
                0x0000000000000108       0x3a ./Core/Src/system_stm32u5xx.o
 .ARM.attributes
                0x0000000000000142       0x24 ./Core/Startup/startup_stm32u585vitx.o
 .ARM.attributes
                0x0000000000000166       0x3a ./Drivers/STM32U5xx_HAL_Driver/Src/stm32u5xx_hal.o
 .ARM.attributes
                0x00000000000001a0       0x3a ./Drivers/STM32U5xx_HAL_Driver/Src/stm32u5xx_hal_adc.o
 .ARM.attributes
                0x00000000000001da       0x3a ./Drivers/STM32U5xx_HAL_Driver/Src/stm32u5xx_hal_adc_ex.o
 .ARM.attributes
                0x0000000000000214       0x3a ./Drivers/STM32U5xx_HAL_Driver/Src/stm32u5xx_hal_cortex.o
 .ARM.attributes
                0x000000000000024e       0x3a ./Drivers/STM32U5xx_HAL_Driver/Src/stm32u5xx_hal_dac.o
 .ARM.attributes
                0x0000000000000288       0x3a ./Drivers/STM32U5xx_HAL_Driver/Src/stm32u5xx_hal_dac_ex.o
 .ARM.attributes
                0x00000000000002c2       0x3a ./Drivers/STM32U5xx_HAL_Driver/Src/stm32u5xx_hal_dma.o
 .ARM.attributes
                0x00000000000002fc       0x3a ./Drivers/STM32U5xx_HAL_Driver/Src/stm32u5xx_hal_dma_ex.o
 .ARM.attributes
                0x0000000000000336       0x3a ./Drivers/STM32U5xx_HAL_Driver/Src/stm32u5xx_hal_gpio.o
 .ARM.attributes
                0x0000000000000370       0x3a ./Drivers/STM32U5xx_HAL_Driver/Src/stm32u5xx_hal_i2c.o
 .ARM.attributes
                0x00000000000003aa       0x3a ./Drivers/STM32U5xx_HAL_Driver/Src/stm32u5xx_hal_i2c_ex.o
 .ARM.attributes
                0x00000000000003e4       0x3a ./Drivers/STM32U5xx_HAL_Driver/Src/stm32u5xx_hal_opamp.o
 .ARM.attributes
                0x000000000000041e       0x3a ./Drivers/STM32U5xx_HAL_Driver/Src/stm32u5xx_hal_pwr_ex.o
 .ARM.attributes
                0x0000000000000458       0x3a ./Drivers/STM32U5xx_HAL_Driver/Src/stm32u5xx_hal_rcc.o
 .ARM.attributes
                0x0000000000000492       0x3a ./Drivers/STM32U5xx_HAL_Driver/Src/stm32u5xx_hal_rcc_ex.o
 .ARM.attributes
                0x00000000000004cc       0x3a ./Drivers/STM32U5xx_HAL_Driver/Src/stm32u5xx_hal_tim.o
 .ARM.attributes
                0x0000000000000506       0x3a ./Drivers/STM32U5xx_HAL_Driver/Src/stm32u5xx_hal_tim_ex.o
 .ARM.attributes
                0x0000000000000540       0x3a ./Drivers/STM32U5xx_HAL_Driver/Src/stm32u5xx_hal_uart.o
 .ARM.attributes
                0x000000000000057a       0x3a ./Drivers/STM32U5xx_HAL_Driver/Src/stm32u5xx_hal_uart_ex.o
 .ARM.attributes
                0x00000000000005b4       0x38 d:/st/stm32cubeide_1.4.0/stm32cubeide/plugins/com.st.stm32cube.ide.mcu.externaltools.gnu-tools-for-stm32.10.3-2021.10.win32_1.0.0.202111181127/tools/bin/../lib/gcc/arm-none-eabi/10.3.1/../../../../arm-none-eabi/lib/thumb/v8-m.main+fp/hard\libc_nano.a(lib_a-init.o)
 .ARM.attributes
                0x00000000000005ec       0x38 d:/st/stm32cubeide_1.4.0/stm32cubeide/plugins/com.st.stm32cube.ide.mcu.externaltools.gnu-tools-for-stm32.10.3-2021.10.win32_1.0.0.202111181127/tools/bin/../lib/gcc/arm-none-eabi/10.3.1/../../../../arm-none-eabi/lib/thumb/v8-m.main+fp/hard\libc_nano.a(lib_a-memset.o)
 .ARM.attributes
                0x0000000000000624       0x38 d:/st/stm32cubeide_1.4.0/stm32cubeide/plugins/com.st.stm32cube.ide.mcu.externaltools.gnu-tools-for-stm32.10.3-2021.10.win32_1.0.0.202111181127/tools/bin/../lib/gcc/arm-none-eabi/10.3.1/../../../../arm-none-eabi/lib/thumb/v8-m.main+fp/hard\libc_nano.a(lib_a-strcpy.o)
 .ARM.attributes
                0x000000000000065c       0x17 d:/st/stm32cubeide_1.4.0/stm32cubeide/plugins/com.st.stm32cube.ide.mcu.externaltools.gnu-tools-for-stm32.10.3-2021.10.win32_1.0.0.202111181127/tools/bin/../lib/gcc/arm-none-eabi/10.3.1/../../../../arm-none-eabi/lib/thumb/v8-m.main+fp/hard\libc_nano.a(lib_a-strlen.o)
 .ARM.attributes
                0x0000000000000673       0x22 d:/st/stm32cubeide_1.4.0/stm32cubeide/plugins/com.st.stm32cube.ide.mcu.externaltools.gnu-tools-for-stm32.10.3-2021.10.win32_1.0.0.202111181127/tools/bin/../lib/gcc/arm-none-eabi/10.3.1/thumb/v8-m.main+fp/hard\libgcc.a(_arm_addsubdf3.o)
 .ARM.attributes
                0x0000000000000695       0x22 d:/st/stm32cubeide_1.4.0/stm32cubeide/plugins/com.st.stm32cube.ide.mcu.externaltools.gnu-tools-for-stm32.10.3-2021.10.win32_1.0.0.202111181127/tools/bin/../lib/gcc/arm-none-eabi/10.3.1/thumb/v8-m.main+fp/hard\libgcc.a(_arm_muldivdf3.o)
 .ARM.attributes
                0x00000000000006b7       0x22 d:/st/stm32cubeide_1.4.0/stm32cubeide/plugins/com.st.stm32cube.ide.mcu.externaltools.gnu-tools-for-stm32.10.3-2021.10.win32_1.0.0.202111181127/tools/bin/../lib/gcc/arm-none-eabi/10.3.1/thumb/v8-m.main+fp/hard\libgcc.a(_arm_truncdfsf2.o)
 .ARM.attributes
                0x00000000000006d9       0x22 d:/st/stm32cubeide_1.4.0/stm32cubeide/plugins/com.st.stm32cube.ide.mcu.externaltools.gnu-tools-for-stm32.10.3-2021.10.win32_1.0.0.202111181127/tools/bin/../lib/gcc/arm-none-eabi/10.3.1/thumb/v8-m.main+fp/hard\libgcc.a(_aeabi_uldivmod.o)
 .ARM.attributes
                0x00000000000006fb       0x38 d:/st/stm32cubeide_1.4.0/stm32cubeide/plugins/com.st.stm32cube.ide.mcu.externaltools.gnu-tools-for-stm32.10.3-2021.10.win32_1.0.0.202111181127/tools/bin/../lib/gcc/arm-none-eabi/10.3.1/thumb/v8-m.main+fp/hard\libgcc.a(_udivmoddi4.o)
 .ARM.attributes
                0x0000000000000733       0x22 d:/st/stm32cubeide_1.4.0/stm32cubeide/plugins/com.st.stm32cube.ide.mcu.externaltools.gnu-tools-for-stm32.10.3-2021.10.win32_1.0.0.202111181127/tools/bin/../lib/gcc/arm-none-eabi/10.3.1/thumb/v8-m.main+fp/hard\libgcc.a(_dvmd_tls.o)
 .ARM.attributes
                0x0000000000000755       0x22 d:/st/stm32cubeide_1.4.0/stm32cubeide/plugins/com.st.stm32cube.ide.mcu.externaltools.gnu-tools-for-stm32.10.3-2021.10.win32_1.0.0.202111181127/tools/bin/../lib/gcc/arm-none-eabi/10.3.1/thumb/v8-m.main+fp/hard/crtn.o
OUTPUT(smart_insole_October2023.elf elf32-littlearm)
LOAD linker stubs
LOAD d:/st/stm32cubeide_1.4.0/stm32cubeide/plugins/com.st.stm32cube.ide.mcu.externaltools.gnu-tools-for-stm32.10.3-2021.10.win32_1.0.0.202111181127/tools/bin/../lib/gcc/arm-none-eabi/10.3.1/../../../../arm-none-eabi/lib/thumb/v8-m.main+fp/hard\libc.a
LOAD d:/st/stm32cubeide_1.4.0/stm32cubeide/plugins/com.st.stm32cube.ide.mcu.externaltools.gnu-tools-for-stm32.10.3-2021.10.win32_1.0.0.202111181127/tools/bin/../lib/gcc/arm-none-eabi/10.3.1/../../../../arm-none-eabi/lib/thumb/v8-m.main+fp/hard\libm.a
LOAD d:/st/stm32cubeide_1.4.0/stm32cubeide/plugins/com.st.stm32cube.ide.mcu.externaltools.gnu-tools-for-stm32.10.3-2021.10.win32_1.0.0.202111181127/tools/bin/../lib/gcc/arm-none-eabi/10.3.1/thumb/v8-m.main+fp/hard\libgcc.a

.debug_info     0x0000000000000000    0x238fd
 .debug_info    0x0000000000000000     0x3266 ./Core/Src/main.o
 .debug_info    0x0000000000003266     0x2961 ./Core/Src/stm32u5xx_hal_msp.o
 .debug_info    0x0000000000005bc7      0xa31 ./Core/Src/stm32u5xx_it.o
 .debug_info    0x00000000000065f8      0x8f2 ./Core/Src/system_stm32u5xx.o
 .debug_info    0x0000000000006eea       0x22 ./Core/Startup/startup_stm32u585vitx.o
 .debug_info    0x0000000000006f0c     0x11d3 ./Drivers/STM32U5xx_HAL_Driver/Src/stm32u5xx_hal.o
 .debug_info    0x00000000000080df     0x2407 ./Drivers/STM32U5xx_HAL_Driver/Src/stm32u5xx_hal_adc.o
 .debug_info    0x000000000000a4e6     0x1c99 ./Drivers/STM32U5xx_HAL_Driver/Src/stm32u5xx_hal_adc_ex.o
 .debug_info    0x000000000000c17f     0x15d7 ./Drivers/STM32U5xx_HAL_Driver/Src/stm32u5xx_hal_cortex.o
 .debug_info    0x000000000000d756      0xfcc ./Drivers/STM32U5xx_HAL_Driver/Src/stm32u5xx_hal_dac.o
 .debug_info    0x000000000000e722      0xee4 ./Drivers/STM32U5xx_HAL_Driver/Src/stm32u5xx_hal_dac_ex.o
 .debug_info    0x000000000000f606      0xb5c ./Drivers/STM32U5xx_HAL_Driver/Src/stm32u5xx_hal_dma.o
 .debug_info    0x0000000000010162     0x1a58 ./Drivers/STM32U5xx_HAL_Driver/Src/stm32u5xx_hal_dma_ex.o
 .debug_info    0x0000000000011bba      0x880 ./Drivers/STM32U5xx_HAL_Driver/Src/stm32u5xx_hal_gpio.o
 .debug_info    0x000000000001243a     0x246e ./Drivers/STM32U5xx_HAL_Driver/Src/stm32u5xx_hal_i2c.o
 .debug_info    0x00000000000148a8      0xa5b ./Drivers/STM32U5xx_HAL_Driver/Src/stm32u5xx_hal_i2c_ex.o
 .debug_info    0x0000000000015303      0x54c ./Drivers/STM32U5xx_HAL_Driver/Src/stm32u5xx_hal_opamp.o
 .debug_info    0x000000000001584f      0xe83 ./Drivers/STM32U5xx_HAL_Driver/Src/stm32u5xx_hal_pwr_ex.o
 .debug_info    0x00000000000166d2     0x1392 ./Drivers/STM32U5xx_HAL_Driver/Src/stm32u5xx_hal_rcc.o
 .debug_info    0x0000000000017a64     0x163d ./Drivers/STM32U5xx_HAL_Driver/Src/stm32u5xx_hal_rcc_ex.o
 .debug_info    0x00000000000190a1     0x309f ./Drivers/STM32U5xx_HAL_Driver/Src/stm32u5xx_hal_tim.o
 .debug_info    0x000000000001c140     0x2461 ./Drivers/STM32U5xx_HAL_Driver/Src/stm32u5xx_hal_tim_ex.o
 .debug_info    0x000000000001e5a1     0x4112 ./Drivers/STM32U5xx_HAL_Driver/Src/stm32u5xx_hal_uart.o
 .debug_info    0x00000000000226b3     0x124a ./Drivers/STM32U5xx_HAL_Driver/Src/stm32u5xx_hal_uart_ex.o

.debug_abbrev   0x0000000000000000     0x36b9
 .debug_abbrev  0x0000000000000000      0x37a ./Core/Src/main.o
 .debug_abbrev  0x000000000000037a      0x283 ./Core/Src/stm32u5xx_hal_msp.o
 .debug_abbrev  0x00000000000005fd      0x1cf ./Core/Src/stm32u5xx_it.o
 .debug_abbrev  0x00000000000007cc      0x127 ./Core/Src/system_stm32u5xx.o
 .debug_abbrev  0x00000000000008f3       0x12 ./Core/Startup/startup_stm32u585vitx.o
 .debug_abbrev  0x0000000000000905      0x285 ./Drivers/STM32U5xx_HAL_Driver/Src/stm32u5xx_hal.o
 .debug_abbrev  0x0000000000000b8a      0x2b9 ./Drivers/STM32U5xx_HAL_Driver/Src/stm32u5xx_hal_adc.o
 .debug_abbrev  0x0000000000000e43      0x2ea ./Drivers/STM32U5xx_HAL_Driver/Src/stm32u5xx_hal_adc_ex.o
 .debug_abbrev  0x000000000000112d      0x303 ./Drivers/STM32U5xx_HAL_Driver/Src/stm32u5xx_hal_cortex.o
 .debug_abbrev  0x0000000000001430      0x222 ./Drivers/STM32U5xx_HAL_Driver/Src/stm32u5xx_hal_dac.o
 .debug_abbrev  0x0000000000001652      0x238 ./Drivers/STM32U5xx_HAL_Driver/Src/stm32u5xx_hal_dac_ex.o
 .debug_abbrev  0x000000000000188a      0x1f0 ./Drivers/STM32U5xx_HAL_Driver/Src/stm32u5xx_hal_dma.o
 .debug_abbrev  0x0000000000001a7a      0x20d ./Drivers/STM32U5xx_HAL_Driver/Src/stm32u5xx_hal_dma_ex.o
 .debug_abbrev  0x0000000000001c87      0x246 ./Drivers/STM32U5xx_HAL_Driver/Src/stm32u5xx_hal_gpio.o
 .debug_abbrev  0x0000000000001ecd      0x25c ./Drivers/STM32U5xx_HAL_Driver/Src/stm32u5xx_hal_i2c.o
 .debug_abbrev  0x0000000000002129      0x1a9 ./Drivers/STM32U5xx_HAL_Driver/Src/stm32u5xx_hal_i2c_ex.o
 .debug_abbrev  0x00000000000022d2      0x17a ./Drivers/STM32U5xx_HAL_Driver/Src/stm32u5xx_hal_opamp.o
 .debug_abbrev  0x000000000000244c      0x20d ./Drivers/STM32U5xx_HAL_Driver/Src/stm32u5xx_hal_pwr_ex.o
 .debug_abbrev  0x0000000000002659      0x2b9 ./Drivers/STM32U5xx_HAL_Driver/Src/stm32u5xx_hal_rcc.o
 .debug_abbrev  0x0000000000002912      0x299 ./Drivers/STM32U5xx_HAL_Driver/Src/stm32u5xx_hal_rcc_ex.o
 .debug_abbrev  0x0000000000002bab      0x2a6 ./Drivers/STM32U5xx_HAL_Driver/Src/stm32u5xx_hal_tim.o
 .debug_abbrev  0x0000000000002e51      0x2bb ./Drivers/STM32U5xx_HAL_Driver/Src/stm32u5xx_hal_tim_ex.o
 .debug_abbrev  0x000000000000310c      0x2f0 ./Drivers/STM32U5xx_HAL_Driver/Src/stm32u5xx_hal_uart.o
 .debug_abbrev  0x00000000000033fc      0x2bd ./Drivers/STM32U5xx_HAL_Driver/Src/stm32u5xx_hal_uart_ex.o

.debug_aranges  0x0000000000000000     0x1ce0
 .debug_aranges
                0x0000000000000000       0xf8 ./Core/Src/main.o
 .debug_aranges
                0x00000000000000f8       0x80 ./Core/Src/stm32u5xx_hal_msp.o
 .debug_aranges
                0x0000000000000178       0x88 ./Core/Src/stm32u5xx_it.o
 .debug_aranges
                0x0000000000000200       0x28 ./Core/Src/system_stm32u5xx.o
 .debug_aranges
                0x0000000000000228       0x28 ./Core/Startup/startup_stm32u585vitx.o
 .debug_aranges
                0x0000000000000250      0x120 ./Drivers/STM32U5xx_HAL_Driver/Src/stm32u5xx_hal.o
 .debug_aranges
                0x0000000000000370      0x240 ./Drivers/STM32U5xx_HAL_Driver/Src/stm32u5xx_hal_adc.o
 .debug_aranges
                0x00000000000005b0      0x170 ./Drivers/STM32U5xx_HAL_Driver/Src/stm32u5xx_hal_adc_ex.o
 .debug_aranges
                0x0000000000000720      0x130 ./Drivers/STM32U5xx_HAL_Driver/Src/stm32u5xx_hal_cortex.o
 .debug_aranges
                0x0000000000000850       0xc0 ./Drivers/STM32U5xx_HAL_Driver/Src/stm32u5xx_hal_dac.o
 .debug_aranges
                0x0000000000000910       0xc0 ./Drivers/STM32U5xx_HAL_Driver/Src/stm32u5xx_hal_dac_ex.o
 .debug_aranges
                0x00000000000009d0       0xa0 ./Drivers/STM32U5xx_HAL_Driver/Src/stm32u5xx_hal_dma.o
 .debug_aranges
                0x0000000000000a70      0x1a0 ./Drivers/STM32U5xx_HAL_Driver/Src/stm32u5xx_hal_dma_ex.o
 .debug_aranges
                0x0000000000000c10       0x70 ./Drivers/STM32U5xx_HAL_Driver/Src/stm32u5xx_hal_gpio.o
 .debug_aranges
                0x0000000000000c80      0x290 ./Drivers/STM32U5xx_HAL_Driver/Src/stm32u5xx_hal_i2c.o
 .debug_aranges
                0x0000000000000f10       0x58 ./Drivers/STM32U5xx_HAL_Driver/Src/stm32u5xx_hal_i2c_ex.o
 .debug_aranges
                0x0000000000000f68       0x68 ./Drivers/STM32U5xx_HAL_Driver/Src/stm32u5xx_hal_opamp.o
 .debug_aranges
                0x0000000000000fd0      0x200 ./Drivers/STM32U5xx_HAL_Driver/Src/stm32u5xx_hal_pwr_ex.o
 .debug_aranges
                0x00000000000011d0       0xa8 ./Drivers/STM32U5xx_HAL_Driver/Src/stm32u5xx_hal_rcc.o
 .debug_aranges
                0x0000000000001278      0x138 ./Drivers/STM32U5xx_HAL_Driver/Src/stm32u5xx_hal_rcc_ex.o
 .debug_aranges
                0x00000000000013b0      0x3e8 ./Drivers/STM32U5xx_HAL_Driver/Src/stm32u5xx_hal_tim.o
 .debug_aranges
                0x0000000000001798      0x250 ./Drivers/STM32U5xx_HAL_Driver/Src/stm32u5xx_hal_tim_ex.o
 .debug_aranges
                0x00000000000019e8      0x248 ./Drivers/STM32U5xx_HAL_Driver/Src/stm32u5xx_hal_uart.o
 .debug_aranges
                0x0000000000001c30       0xb0 ./Drivers/STM32U5xx_HAL_Driver/Src/stm32u5xx_hal_uart_ex.o

.debug_ranges   0x0000000000000000     0x1b98
 .debug_ranges  0x0000000000000000       0xe8 ./Core/Src/main.o
 .debug_ranges  0x00000000000000e8       0x70 ./Core/Src/stm32u5xx_hal_msp.o
 .debug_ranges  0x0000000000000158       0x78 ./Core/Src/stm32u5xx_it.o
 .debug_ranges  0x00000000000001d0       0x18 ./Core/Src/system_stm32u5xx.o
 .debug_ranges  0x00000000000001e8       0x20 ./Core/Startup/startup_stm32u585vitx.o
 .debug_ranges  0x0000000000000208      0x110 ./Drivers/STM32U5xx_HAL_Driver/Src/stm32u5xx_hal.o
 .debug_ranges  0x0000000000000318      0x230 ./Drivers/STM32U5xx_HAL_Driver/Src/stm32u5xx_hal_adc.o
 .debug_ranges  0x0000000000000548      0x160 ./Drivers/STM32U5xx_HAL_Driver/Src/stm32u5xx_hal_adc_ex.o
 .debug_ranges  0x00000000000006a8      0x120 ./Drivers/STM32U5xx_HAL_Driver/Src/stm32u5xx_hal_cortex.o
 .debug_ranges  0x00000000000007c8       0xb0 ./Drivers/STM32U5xx_HAL_Driver/Src/stm32u5xx_hal_dac.o
 .debug_ranges  0x0000000000000878       0xb0 ./Drivers/STM32U5xx_HAL_Driver/Src/stm32u5xx_hal_dac_ex.o
 .debug_ranges  0x0000000000000928       0x90 ./Drivers/STM32U5xx_HAL_Driver/Src/stm32u5xx_hal_dma.o
 .debug_ranges  0x00000000000009b8      0x190 ./Drivers/STM32U5xx_HAL_Driver/Src/stm32u5xx_hal_dma_ex.o
 .debug_ranges  0x0000000000000b48       0x60 ./Drivers/STM32U5xx_HAL_Driver/Src/stm32u5xx_hal_gpio.o
 .debug_ranges  0x0000000000000ba8      0x280 ./Drivers/STM32U5xx_HAL_Driver/Src/stm32u5xx_hal_i2c.o
 .debug_ranges  0x0000000000000e28       0x48 ./Drivers/STM32U5xx_HAL_Driver/Src/stm32u5xx_hal_i2c_ex.o
 .debug_ranges  0x0000000000000e70       0x58 ./Drivers/STM32U5xx_HAL_Driver/Src/stm32u5xx_hal_opamp.o
 .debug_ranges  0x0000000000000ec8      0x1f0 ./Drivers/STM32U5xx_HAL_Driver/Src/stm32u5xx_hal_pwr_ex.o
 .debug_ranges  0x00000000000010b8       0x98 ./Drivers/STM32U5xx_HAL_Driver/Src/stm32u5xx_hal_rcc.o
 .debug_ranges  0x0000000000001150      0x128 ./Drivers/STM32U5xx_HAL_Driver/Src/stm32u5xx_hal_rcc_ex.o
 .debug_ranges  0x0000000000001278      0x3d8 ./Drivers/STM32U5xx_HAL_Driver/Src/stm32u5xx_hal_tim.o
 .debug_ranges  0x0000000000001650      0x240 ./Drivers/STM32U5xx_HAL_Driver/Src/stm32u5xx_hal_tim_ex.o
 .debug_ranges  0x0000000000001890      0x268 ./Drivers/STM32U5xx_HAL_Driver/Src/stm32u5xx_hal_uart.o
 .debug_ranges  0x0000000000001af8       0xa0 ./Drivers/STM32U5xx_HAL_Driver/Src/stm32u5xx_hal_uart_ex.o

.debug_macro    0x0000000000000000    0x37307
 .debug_macro   0x0000000000000000      0x353 ./Core/Src/main.o
 .debug_macro   0x0000000000000353      0xa7e ./Core/Src/main.o
 .debug_macro   0x0000000000000dd1      0x1f1 ./Core/Src/main.o
 .debug_macro   0x0000000000000fc2       0x2e ./Core/Src/main.o
 .debug_macro   0x0000000000000ff0       0x42 ./Core/Src/main.o
 .debug_macro   0x0000000000001032       0x22 ./Core/Src/main.o
 .debug_macro   0x0000000000001054       0x8e ./Core/Src/main.o
 .debug_macro   0x00000000000010e2       0x51 ./Core/Src/main.o
 .debug_macro   0x0000000000001133      0x103 ./Core/Src/main.o
 .debug_macro   0x0000000000001236       0x6a ./Core/Src/main.o
 .debug_macro   0x00000000000012a0      0x1df ./Core/Src/main.o
 .debug_macro   0x000000000000147f       0x1c ./Core/Src/main.o
 .debug_macro   0x000000000000149b       0x29 ./Core/Src/main.o
 .debug_macro   0x00000000000014c4       0xfb ./Core/Src/main.o
 .debug_macro   0x00000000000015bf     0x1336 ./Core/Src/main.o
 .debug_macro   0x00000000000028f5       0x5e ./Core/Src/main.o
 .debug_macro   0x0000000000002953    0x2389c ./Core/Src/main.o
 .debug_macro   0x00000000000261ef       0x6d ./Core/Src/main.o
 .debug_macro   0x000000000002625c     0x3794 ./Core/Src/main.o
 .debug_macro   0x00000000000299f0      0x174 ./Core/Src/main.o
 .debug_macro   0x0000000000029b64       0x52 ./Core/Src/main.o
 .debug_macro   0x0000000000029bb6       0x1e ./Core/Src/main.o
 .debug_macro   0x0000000000029bd4       0x3c ./Core/Src/main.o
 .debug_macro   0x0000000000029c10       0x34 ./Core/Src/main.o
 .debug_macro   0x0000000000029c44       0x16 ./Core/Src/main.o
 .debug_macro   0x0000000000029c5a       0x43 ./Core/Src/main.o
 .debug_macro   0x0000000000029c9d       0x34 ./Core/Src/main.o
 .debug_macro   0x0000000000029cd1       0x10 ./Core/Src/main.o
 .debug_macro   0x0000000000029ce1       0x58 ./Core/Src/main.o
 .debug_macro   0x0000000000029d39       0x71 ./Core/Src/main.o
 .debug_macro   0x0000000000029daa       0x1c ./Core/Src/main.o
 .debug_macro   0x0000000000029dc6      0x12a ./Core/Src/main.o
 .debug_macro   0x0000000000029ef0      0x341 ./Core/Src/main.o
 .debug_macro   0x000000000002a231      0x19b ./Core/Src/main.o
 .debug_macro   0x000000000002a3cc       0x5d ./Core/Src/main.o
 .debug_macro   0x000000000002a429     0x1bef ./Core/Src/main.o
 .debug_macro   0x000000000002c018      0x7ff ./Core/Src/main.o
 .debug_macro   0x000000000002c817      0x158 ./Core/Src/main.o
 .debug_macro   0x000000000002c96f      0x2aa ./Core/Src/main.o
 .debug_macro   0x000000000002cc19      0x5a5 ./Core/Src/main.o
 .debug_macro   0x000000000002d1be      0x432 ./Core/Src/main.o
 .debug_macro   0x000000000002d5f0       0xd6 ./Core/Src/main.o
 .debug_macro   0x000000000002d6c6      0x1cd ./Core/Src/main.o
 .debug_macro   0x000000000002d893     0x1406 ./Core/Src/main.o
 .debug_macro   0x000000000002ec99      0x92d ./Core/Src/main.o
 .debug_macro   0x000000000002f5c6      0x2bf ./Core/Src/main.o
 .debug_macro   0x000000000002f885      0x1c3 ./Core/Src/main.o
 .debug_macro   0x000000000002fa48       0xe5 ./Core/Src/main.o
 .debug_macro   0x000000000002fb2d      0x432 ./Core/Src/main.o
 .debug_macro   0x000000000002ff5f       0x95 ./Core/Src/main.o
 .debug_macro   0x000000000002fff4      0x11c ./Core/Src/main.o
 .debug_macro   0x0000000000030110      0x23a ./Core/Src/main.o
 .debug_macro   0x000000000003034a      0x11c ./Core/Src/main.o
 .debug_macro   0x0000000000030466       0xa5 ./Core/Src/main.o
 .debug_macro   0x000000000003050b       0xff ./Core/Src/main.o
 .debug_macro   0x000000000003060a      0x517 ./Core/Src/main.o
 .debug_macro   0x0000000000030b21      0x4d4 ./Core/Src/main.o
 .debug_macro   0x0000000000030ff5      0xbc5 ./Core/Src/main.o
 .debug_macro   0x0000000000031bba      0x4ea ./Core/Src/main.o
 .debug_macro   0x00000000000320a4      0x662 ./Core/Src/main.o
 .debug_macro   0x0000000000032706      0x1a1 ./Core/Src/main.o
 .debug_macro   0x00000000000328a7      0x1b7 ./Core/Src/main.o
 .debug_macro   0x0000000000032a5e      0x361 ./Core/Src/main.o
 .debug_macro   0x0000000000032dbf      0x26e ./Core/Src/main.o
 .debug_macro   0x000000000003302d       0x16 ./Core/Src/main.o
 .debug_macro   0x0000000000033043       0x35 ./Core/Src/main.o
 .debug_macro   0x0000000000033078       0x20 ./Core/Src/main.o
 .debug_macro   0x0000000000033098      0x2e1 ./Core/Src/stm32u5xx_hal_msp.o
 .debug_macro   0x0000000000033379      0x2eb ./Core/Src/stm32u5xx_it.o
 .debug_macro   0x0000000000033664      0x2d9 ./Core/Src/system_stm32u5xx.o
 .debug_macro   0x000000000003393d      0x2f6 ./Drivers/STM32U5xx_HAL_Driver/Src/stm32u5xx_hal.o
 .debug_macro   0x0000000000033c33      0x2f6 ./Drivers/STM32U5xx_HAL_Driver/Src/stm32u5xx_hal_adc.o
 .debug_macro   0x0000000000033f29      0x2de ./Drivers/STM32U5xx_HAL_Driver/Src/stm32u5xx_hal_adc_ex.o
 .debug_macro   0x0000000000034207      0x2d2 ./Drivers/STM32U5xx_HAL_Driver/Src/stm32u5xx_hal_cortex.o
 .debug_macro   0x00000000000344d9      0x2e8 ./Drivers/STM32U5xx_HAL_Driver/Src/stm32u5xx_hal_dac.o
 .debug_macro   0x00000000000347c1      0x2d2 ./Drivers/STM32U5xx_HAL_Driver/Src/stm32u5xx_hal_dac_ex.o
 .debug_macro   0x0000000000034a93      0x2d3 ./Drivers/STM32U5xx_HAL_Driver/Src/stm32u5xx_hal_dma.o
 .debug_macro   0x0000000000034d66      0x2d3 ./Drivers/STM32U5xx_HAL_Driver/Src/stm32u5xx_hal_dma_ex.o
 .debug_macro   0x0000000000035039      0x304 ./Drivers/STM32U5xx_HAL_Driver/Src/stm32u5xx_hal_gpio.o
 .debug_macro   0x000000000003533d      0x39e ./Drivers/STM32U5xx_HAL_Driver/Src/stm32u5xx_hal_i2c.o
 .debug_macro   0x00000000000356db      0x2d2 ./Drivers/STM32U5xx_HAL_Driver/Src/stm32u5xx_hal_i2c_ex.o
 .debug_macro   0x00000000000359ad      0x2f6 ./Drivers/STM32U5xx_HAL_Driver/Src/stm32u5xx_hal_opamp.o
 .debug_macro   0x0000000000035ca3      0x2fd ./Drivers/STM32U5xx_HAL_Driver/Src/stm32u5xx_hal_pwr_ex.o
 .debug_macro   0x0000000000035fa0      0x3d2 ./Drivers/STM32U5xx_HAL_Driver/Src/stm32u5xx_hal_rcc.o
 .debug_macro   0x0000000000036372      0x408 ./Drivers/STM32U5xx_HAL_Driver/Src/stm32u5xx_hal_rcc_ex.o
 .debug_macro   0x000000000003677a      0x2da ./Drivers/STM32U5xx_HAL_Driver/Src/stm32u5xx_hal_tim.o
 .debug_macro   0x0000000000036a54      0x2d8 ./Drivers/STM32U5xx_HAL_Driver/Src/stm32u5xx_hal_tim_ex.o
 .debug_macro   0x0000000000036d2c      0x2fd ./Drivers/STM32U5xx_HAL_Driver/Src/stm32u5xx_hal_uart.o
 .debug_macro   0x0000000000037029      0x2de ./Drivers/STM32U5xx_HAL_Driver/Src/stm32u5xx_hal_uart_ex.o

.debug_line     0x0000000000000000    0x2447e
 .debug_line    0x0000000000000000     0x137d ./Core/Src/main.o
 .debug_line    0x000000000000137d      0xbef ./Core/Src/stm32u5xx_hal_msp.o
 .debug_line    0x0000000000001f6c      0x9ff ./Core/Src/stm32u5xx_it.o
 .debug_line    0x000000000000296b      0x9bd ./Core/Src/system_stm32u5xx.o
 .debug_line    0x0000000000003328       0x85 ./Core/Startup/startup_stm32u585vitx.o
 .debug_line    0x00000000000033ad      0xc87 ./Drivers/STM32U5xx_HAL_Driver/Src/stm32u5xx_hal.o
 .debug_line    0x0000000000004034     0x2608 ./Drivers/STM32U5xx_HAL_Driver/Src/stm32u5xx_hal_adc.o
 .debug_line    0x000000000000663c     0x1846 ./Drivers/STM32U5xx_HAL_Driver/Src/stm32u5xx_hal_adc_ex.o
 .debug_line    0x0000000000007e82      0xecc ./Drivers/STM32U5xx_HAL_Driver/Src/stm32u5xx_hal_cortex.o
 .debug_line    0x0000000000008d4e      0xf66 ./Drivers/STM32U5xx_HAL_Driver/Src/stm32u5xx_hal_dac.o
 .debug_line    0x0000000000009cb4      0xea9 ./Drivers/STM32U5xx_HAL_Driver/Src/stm32u5xx_hal_dac_ex.o
 .debug_line    0x000000000000ab5d     0x131a ./Drivers/STM32U5xx_HAL_Driver/Src/stm32u5xx_hal_dma.o
 .debug_line    0x000000000000be77     0x2835 ./Drivers/STM32U5xx_HAL_Driver/Src/stm32u5xx_hal_dma_ex.o
 .debug_line    0x000000000000e6ac      0xe11 ./Drivers/STM32U5xx_HAL_Driver/Src/stm32u5xx_hal_gpio.o
 .debug_line    0x000000000000f4bd     0x394a ./Drivers/STM32U5xx_HAL_Driver/Src/stm32u5xx_hal_i2c.o
 .debug_line    0x0000000000012e07      0xc0d ./Drivers/STM32U5xx_HAL_Driver/Src/stm32u5xx_hal_i2c_ex.o
 .debug_line    0x0000000000013a14      0xbeb ./Drivers/STM32U5xx_HAL_Driver/Src/stm32u5xx_hal_opamp.o
 .debug_line    0x00000000000145ff     0x124a ./Drivers/STM32U5xx_HAL_Driver/Src/stm32u5xx_hal_pwr_ex.o
 .debug_line    0x0000000000015849     0x165f ./Drivers/STM32U5xx_HAL_Driver/Src/stm32u5xx_hal_rcc.o
 .debug_line    0x0000000000016ea8     0x226f ./Drivers/STM32U5xx_HAL_Driver/Src/stm32u5xx_hal_rcc_ex.o
 .debug_line    0x0000000000019117     0x4570 ./Drivers/STM32U5xx_HAL_Driver/Src/stm32u5xx_hal_tim.o
 .debug_line    0x000000000001d687     0x240b ./Drivers/STM32U5xx_HAL_Driver/Src/stm32u5xx_hal_tim_ex.o
 .debug_line    0x000000000001fa92     0x396e ./Drivers/STM32U5xx_HAL_Driver/Src/stm32u5xx_hal_uart.o
 .debug_line    0x0000000000023400     0x107e ./Drivers/STM32U5xx_HAL_Driver/Src/stm32u5xx_hal_uart_ex.o

.debug_str      0x0000000000000000   0x165f4e
 .debug_str     0x0000000000000000   0x15aa34 ./Core/Src/main.o
                                     0x15ba98 (size before relaxing)
 .debug_str     0x000000000015aa34      0xbdc ./Core/Src/stm32u5xx_hal_msp.o
                                     0x15b7cc (size before relaxing)
 .debug_str     0x000000000015b610      0x13e ./Core/Src/stm32u5xx_it.o
                                     0x159f16 (size before relaxing)
 .debug_str     0x000000000015b74e      0x1b8 ./Core/Src/system_stm32u5xx.o
                                     0x1592fc (size before relaxing)
 .debug_str     0x000000000015b906       0x36 ./Core/Startup/startup_stm32u585vitx.o
                                         0x82 (size before relaxing)
 .debug_str     0x000000000015b93c      0x70d ./Drivers/STM32U5xx_HAL_Driver/Src/stm32u5xx_hal.o
                                     0x15a0df (size before relaxing)
 .debug_str     0x000000000015c049      0xd06 ./Drivers/STM32U5xx_HAL_Driver/Src/stm32u5xx_hal_adc.o
                                     0x15a549 (size before relaxing)