../Core/Src/main.c:318:5:main	32	static
../Core/Src/main.c:478:6:SystemClock_Config	128	static
../Core/Src/main.c:528:13:SystemPower_Config	4	static
../Core/Src/main.c:537:13:MX_ADC1_Init	40	static
../Core/Src/main.c:598:13:MX_DAC1_Init	64	static
../Core/Src/main.c:653:13:MX_I2C1_Init	8	static
../Core/Src/main.c:701:13:MX_I2C2_Init	8	static
../Core/Src/main.c:749:13:MX_I2C3_Init	8	static
../Core/Src/main.c:797:13:MX_OPAMP1_Init	8	static
../Core/Src/main.c:830:13:MX_OPAMP2_Init	8	static
../Core/Src/main.c:861:13:MX_TIM1_Init	40	static
../Core/Src/main.c:908:13:MX_TIM2_Init	72	static
../Core/Src/main.c:967:13:MX_USART1_UART_Init	8	static
../Core/Src/main.c:1015:13:MX_GPIO_Init	48	static
../Core/Src/main.c:1122:6:read_all_sensors	24	static
../Core/Src/main.c:1153:6:create_pressure_map	32	static
../Core/Src/main.c:1220:6:send_to_uart	24	static
../Core/Src/main.c:1233:6:read_uart	16	static
../Core/Src/main.c:1287:6:select_mux_pin	24	static
../Core/Src/main.c:1305:9:configure_MAX77874_buck_conv	24	static
../Core/Src/main.c:1337:6:find_high_pressure_spots	16	static
../Core/Src/main.c:1370:6:control_valves	168	static
../Core/Src/main.c:1449:6:valves_autocontrol	24	static
../Core/Src/main.c:1469:9:configure_bluetooth	8	static
../Core/Src/main.c:1477:9:select_ADC_channel	48	static
../Core/Src/main.c:1489:19:BM78_SetDeviceName	56	static
../Core/Src/main.c:1502:6:HAL_TIM_PeriodElapsedCallback	16	static
../Core/Src/main.c:1523:6:Error_Handler	4	static,ignoring_inline_asm
