../Core/Src/main.c:317:5:main	40	static
../Core/Src/main.c:479:6:SystemClock_Config	128	static
../Core/Src/main.c:535:13:SystemPower_Config	8	static
../Core/Src/main.c:549:13:MX_ADC4_Init	40	static
../Core/Src/main.c:609:13:MX_GPDMA1_Init	16	static
../Core/Src/main.c:637:13:MX_I2C1_Init	8	static
../Core/Src/main.c:685:13:MX_I2C2_Init	8	static
../Core/Src/main.c:733:13:MX_ICACHE_Init	8	static
../Core/Src/main.c:765:13:MX_SPI1_Init	24	static
../Core/Src/main.c:822:13:MX_TIM4_Init	40	static
../Core/Src/main.c:867:13:MX_UART4_Init	8	static
../Core/Src/main.c:915:13:MX_GPIO_Init	56	static
../Core/Src/main.c:997:6:read_all_sensors	24	static
../Core/Src/main.c:1048:6:create_pressure_map	32	static
../Core/Src/main.c:1067:6:set_valve	24	static
../Core/Src/main.c:1091:6:clear_valve	24	static
../Core/Src/main.c:1115:6:send_to_uart	24	static
../Core/Src/main.c:1128:6:read_uart	16	static
../Core/Src/main.c:1182:6:select_mux_1_pin	24	static
../Core/Src/main.c:1195:6:select_mux_2_pin	24	static
../Core/Src/main.c:1211:9:configure_MAX77874_buck_conv	24	static
../Core/Src/main.c:1235:6:write2SPI	8	static
../Core/Src/main.c:1249:6:find_high_pressure_spots	16	static
../Core/Src/main.c:1282:6:control_valves	176	static
../Core/Src/main.c:1362:6:valves_autocontrol	24	static
../Core/Src/main.c:1382:6:HAL_TIM_PeriodElapsedCallback	16	static
../Core/Src/main.c:1394:6:Error_Handler	4	static,ignoring_inline_asm
