../Core/Src/stm32u5xx_hal_msp.c:63:6:HAL_MspInit	8	static
../Core/Src/stm32u5xx_hal_msp.c:83:6:HAL_ADC_MspInit	248	static
../Core/Src/stm32u5xx_hal_msp.c:129:6:HAL_ADC_MspDeInit	16	static
../Core/Src/stm32u5xx_hal_msp.c:159:6:HAL_DAC_MspInit	248	static
../Core/Src/stm32u5xx_hal_msp.c:204:6:HAL_DAC_MspDeInit	16	static
../Core/Src/stm32u5xx_hal_msp.c:232:6:HAL_I2C_MspInit	272	static
../Core/Src/stm32u5xx_hal_msp.c:352:6:HAL_I2C_MspDeInit	16	static
../Core/Src/stm32u5xx_hal_msp.c:425:6:HAL_OPAMP_MspInit	56	static
../Core/Src/stm32u5xx_hal_msp.c:494:6:HAL_OPAMP_MspDeInit	16	static
../Core/Src/stm32u5xx_hal_msp.c:550:6:HAL_TIM_Base_MspInit	24	static
../Core/Src/stm32u5xx_hal_msp.c:595:6:HAL_TIM_Base_MspDeInit	16	static
../Core/Src/stm32u5xx_hal_msp.c:637:6:HAL_UART_MspInit	256	static
../Core/Src/stm32u5xx_hal_msp.c:694:6:HAL_UART_MspDeInit	16	static
