../Drivers/STM32U5xx_HAL_Driver/Src/stm32u5xx_hal_dac.c:369:19:HAL_DAC_Init	16	static
../Drivers/STM32U5xx_HAL_Driver/Src/stm32u5xx_hal_dac.c:430:19:HAL_DAC_DeInit	16	static
../Drivers/STM32U5xx_HAL_Driver/Src/stm32u5xx_hal_dac.c:475:13:HAL_DAC_MspInit	16	static
../Drivers/STM32U5xx_HAL_Driver/Src/stm32u5xx_hal_dac.c:491:13:HAL_DAC_MspDeInit	16	static
../Drivers/STM32U5xx_HAL_Driver/Src/stm32u5xx_hal_dac.c:533:19:HAL_DAC_Start	16	static
../Drivers/STM32U5xx_HAL_Driver/Src/stm32u5xx_hal_dac.c:590:19:HAL_DAC_Stop	16	static
../Drivers/STM32U5xx_HAL_Driver/Src/stm32u5xx_hal_dac.c:624:19:HAL_DAC_Start_DMA	144	static
../Drivers/STM32U5xx_HAL_Driver/Src/stm32u5xx_hal_dac.c:890:19:HAL_DAC_Stop_DMA	16	static
../Drivers/STM32U5xx_HAL_Driver/Src/stm32u5xx_hal_dac.c:940:6:HAL_DAC_IRQHandler	16	static
../Drivers/STM32U5xx_HAL_Driver/Src/stm32u5xx_hal_dac.c:1013:19:HAL_DAC_SetValue	32	static
../Drivers/STM32U5xx_HAL_Driver/Src/stm32u5xx_hal_dac.c:1051:13:HAL_DAC_ConvCpltCallbackCh1	16	static
../Drivers/STM32U5xx_HAL_Driver/Src/stm32u5xx_hal_dac.c:1067:13:HAL_DAC_ConvHalfCpltCallbackCh1	16	static
../Drivers/STM32U5xx_HAL_Driver/Src/stm32u5xx_hal_dac.c:1083:13:HAL_DAC_ErrorCallbackCh1	16	static
../Drivers/STM32U5xx_HAL_Driver/Src/stm32u5xx_hal_dac.c:1099:13:HAL_DAC_DMAUnderrunCallbackCh1	16	static
../Drivers/STM32U5xx_HAL_Driver/Src/stm32u5xx_hal_dac.c:1138:10:HAL_DAC_GetValue	16	static
../Drivers/STM32U5xx_HAL_Driver/Src/stm32u5xx_hal_dac.c:1180:19:HAL_DAC_ConfigChannel	48	static
../Drivers/STM32U5xx_HAL_Driver/Src/stm32u5xx_hal_dac.c:1415:22:HAL_DAC_GetState	16	static
../Drivers/STM32U5xx_HAL_Driver/Src/stm32u5xx_hal_dac.c:1428:10:HAL_DAC_GetError	16	static
../Drivers/STM32U5xx_HAL_Driver/Src/stm32u5xx_hal_dac.c:1694:6:DAC_DMAConvCpltCh1	24	static
../Drivers/STM32U5xx_HAL_Driver/Src/stm32u5xx_hal_dac.c:1713:6:DAC_DMAHalfConvCpltCh1	24	static
../Drivers/STM32U5xx_HAL_Driver/Src/stm32u5xx_hal_dac.c:1730:6:DAC_DMAErrorCh1	24	static
